###############################################################################
#
# IAR ELF Linker V7.50.1.10123/W32 for ARM                28/Dec/2017  08:42:43
# Copyright 2007-2015 IAR Systems AB.
#
#    Output file  =  
#        F:\iar\NC136B-320
#        IC¿¨Ä£¿é\Software\EvalBoards\NXP\LPC1768-SK\uCOS-III\IAR\FLASH\Exe\uCOS-III-TCPIP-V2.out.tmp
#    Map file     =  
#        F:\iar\NC136B-320
#        IC¿¨Ä£¿é\Software\EvalBoards\NXP\LPC1768-SK\uCOS-III\IAR\..\..\..\..\..\..\Output\FLASH\List\uCOS-III-TCPIP-V2.map
#    Command line =  
#        "F:\iar\NC136B-320 IC¿¨Ä£¿é\Output\FLASH\Obj\ADC.o" "F:\iar\NC136B-320
#        IC¿¨Ä£¿é\Output\FLASH\Obj\app.o" "F:\iar\NC136B-320
#        IC¿¨Ä£¿é\Output\FLASH\Obj\app_comm_otr.o" "F:\iar\NC136B-320
#        IC¿¨Ä£¿é\Output\FLASH\Obj\app_comm_protocol.o" "F:\iar\NC136B-320
#        IC¿¨Ä£¿é\Output\FLASH\Obj\app_hooks.o" "F:\iar\NC136B-320
#        IC¿¨Ä£¿é\Output\FLASH\Obj\app_lib.o" "F:\iar\NC136B-320
#        IC¿¨Ä£¿é\Output\FLASH\Obj\app_task_comm.o" "F:\iar\NC136B-320
#        IC¿¨Ä£¿é\Output\FLASH\Obj\app_task_osal.o" "F:\iar\NC136B-320
#        IC¿¨Ä£¿é\Output\FLASH\Obj\app_task_osal_led.o" "F:\iar\NC136B-320
#        IC¿¨Ä£¿é\Output\FLASH\Obj\app_task_osal_tmr.o" "F:\iar\NC136B-320
#        IC¿¨Ä£¿é\Output\FLASH\Obj\bsp.o" "F:\iar\NC136B-320
#        IC¿¨Ä£¿é\Output\FLASH\Obj\bsp_FRAM.o" "F:\iar\NC136B-320
#        IC¿¨Ä£¿é\Output\FLASH\Obj\bsp_gpio.o" "F:\iar\NC136B-320
#        IC¿¨Ä£¿é\Output\FLASH\Obj\bsp_hal.o" "F:\iar\NC136B-320
#        IC¿¨Ä£¿é\Output\FLASH\Obj\bsp_IIC.o" "F:\iar\NC136B-320
#        IC¿¨Ä£¿é\Output\FLASH\Obj\bsp_lpc_timer.o" "F:\iar\NC136B-320
#        IC¿¨Ä£¿é\Output\FLASH\Obj\bsp_max7219.o" "F:\iar\NC136B-320
#        IC¿¨Ä£¿é\Output\FLASH\Obj\bsp_os.o" "F:\iar\NC136B-320
#        IC¿¨Ä£¿é\Output\FLASH\Obj\bsp_rst.o" "F:\iar\NC136B-320
#        IC¿¨Ä£¿é\Output\FLASH\Obj\bsp_timer.o" "F:\iar\NC136B-320
#        IC¿¨Ä£¿é\Output\FLASH\Obj\bsp_wdt.o" "F:\iar\NC136B-320
#        IC¿¨Ä£¿é\Output\FLASH\Obj\Card.o" "F:\iar\NC136B-320
#        IC¿¨Ä£¿é\Output\FLASH\Obj\cnsccomdeal.o" "F:\iar\NC136B-320
#        IC¿¨Ä£¿é\Output\FLASH\Obj\cnscpackdeal.o" "F:\iar\NC136B-320
#        IC¿¨Ä£¿é\Output\FLASH\Obj\cpu_a.o" "F:\iar\NC136B-320
#        IC¿¨Ä£¿é\Output\FLASH\Obj\cpu_c.o" "F:\iar\NC136B-320
#        IC¿¨Ä£¿é\Output\FLASH\Obj\cpu_core.o" "F:\iar\NC136B-320
#        IC¿¨Ä£¿é\Output\FLASH\Obj\CrcCheck.o" "F:\iar\NC136B-320
#        IC¿¨Ä£¿é\Output\FLASH\Obj\csnr.o" "F:\iar\NC136B-320
#        IC¿¨Ä£¿é\Output\FLASH\Obj\csp.o" "F:\iar\NC136B-320
#        IC¿¨Ä£¿é\Output\FLASH\Obj\csp_gpio.o" "F:\iar\NC136B-320
#        IC¿¨Ä£¿é\Output\FLASH\Obj\csp_int.o" "F:\iar\NC136B-320
#        IC¿¨Ä£¿é\Output\FLASH\Obj\csp_pm.o" "F:\iar\NC136B-320
#        IC¿¨Ä£¿é\Output\FLASH\Obj\csp_tmr.o" "F:\iar\NC136B-320
#        IC¿¨Ä£¿é\Output\FLASH\Obj\cstartup.o" "F:\iar\NC136B-320
#        IC¿¨Ä£¿é\Output\FLASH\Obj\DataCard.o" "F:\iar\NC136B-320
#        IC¿¨Ä£¿é\Output\FLASH\Obj\DealOilBox.o" "F:\iar\NC136B-320
#        IC¿¨Ä£¿é\Output\FLASH\Obj\debug_frmwrk.o" "F:\iar\NC136B-320
#        IC¿¨Ä£¿é\Output\FLASH\Obj\DipComOperate.o" "F:\iar\NC136B-320
#        IC¿¨Ä£¿é\Output\FLASH\Obj\Display.o" "F:\iar\NC136B-320
#        IC¿¨Ä£¿é\Output\FLASH\Obj\DS3231.o" "F:\iar\NC136B-320
#        IC¿¨Ä£¿é\Output\FLASH\Obj\EquimentCom.o" "F:\iar\NC136B-320
#        IC¿¨Ä£¿é\Output\FLASH\Obj\EquimentOperate.o" "F:\iar\NC136B-320
#        IC¿¨Ä£¿é\Output\FLASH\Obj\FIFO.o" "F:\iar\NC136B-320
#        IC¿¨Ä£¿é\Output\FLASH\Obj\GetDipPrs.o" "F:\iar\NC136B-320
#        IC¿¨Ä£¿é\Output\FLASH\Obj\GlobePara.o" "F:\iar\NC136B-320
#        IC¿¨Ä£¿é\Output\FLASH\Obj\Led.o" "F:\iar\NC136B-320
#        IC¿¨Ä£¿é\Output\FLASH\Obj\lib_ascii.o" "F:\iar\NC136B-320
#        IC¿¨Ä£¿é\Output\FLASH\Obj\lib_math.o" "F:\iar\NC136B-320
#        IC¿¨Ä£¿é\Output\FLASH\Obj\lib_mem.o" "F:\iar\NC136B-320
#        IC¿¨Ä£¿é\Output\FLASH\Obj\lib_mem_a.o" "F:\iar\NC136B-320
#        IC¿¨Ä£¿é\Output\FLASH\Obj\lib_str.o" "F:\iar\NC136B-320
#        IC¿¨Ä£¿é\Output\FLASH\Obj\locoworksta.o" "F:\iar\NC136B-320
#        IC¿¨Ä£¿é\Output\FLASH\Obj\lpc17xx_adc.o" "F:\iar\NC136B-320
#        IC¿¨Ä£¿é\Output\FLASH\Obj\lpc17xx_can.o" "F:\iar\NC136B-320
#        IC¿¨Ä£¿é\Output\FLASH\Obj\lpc17xx_clkpwr.o" "F:\iar\NC136B-320
#        IC¿¨Ä£¿é\Output\FLASH\Obj\lpc17xx_dac.o" "F:\iar\NC136B-320
#        IC¿¨Ä£¿é\Output\FLASH\Obj\lpc17xx_emac.o" "F:\iar\NC136B-320
#        IC¿¨Ä£¿é\Output\FLASH\Obj\lpc17xx_exti.o" "F:\iar\NC136B-320
#        IC¿¨Ä£¿é\Output\FLASH\Obj\lpc17xx_gpdma.o" "F:\iar\NC136B-320
#        IC¿¨Ä£¿é\Output\FLASH\Obj\lpc17xx_gpio.o" "F:\iar\NC136B-320
#        IC¿¨Ä£¿é\Output\FLASH\Obj\lpc17xx_i2c.o" "F:\iar\NC136B-320
#        IC¿¨Ä£¿é\Output\FLASH\Obj\lpc17xx_i2s.o" "F:\iar\NC136B-320
#        IC¿¨Ä£¿é\Output\FLASH\Obj\lpc17xx_iap.o" "F:\iar\NC136B-320
#        IC¿¨Ä£¿é\Output\FLASH\Obj\lpc17xx_libcfg_default.o" "F:\iar\NC136B-320
#        IC¿¨Ä£¿é\Output\FLASH\Obj\lpc17xx_mcpwm.o" "F:\iar\NC136B-320
#        IC¿¨Ä£¿é\Output\FLASH\Obj\lpc17xx_nvic.o" "F:\iar\NC136B-320
#        IC¿¨Ä£¿é\Output\FLASH\Obj\lpc17xx_pinsel.o" "F:\iar\NC136B-320
#        IC¿¨Ä£¿é\Output\FLASH\Obj\lpc17xx_pwm.o" "F:\iar\NC136B-320
#        IC¿¨Ä£¿é\Output\FLASH\Obj\lpc17xx_qei.o" "F:\iar\NC136B-320
#        IC¿¨Ä£¿é\Output\FLASH\Obj\lpc17xx_rit.o" "F:\iar\NC136B-320
#        IC¿¨Ä£¿é\Output\FLASH\Obj\lpc17xx_rtc.o" "F:\iar\NC136B-320
#        IC¿¨Ä£¿é\Output\FLASH\Obj\lpc17xx_spi.o" "F:\iar\NC136B-320
#        IC¿¨Ä£¿é\Output\FLASH\Obj\lpc17xx_ssp.o" "F:\iar\NC136B-320
#        IC¿¨Ä£¿é\Output\FLASH\Obj\lpc17xx_systick.o" "F:\iar\NC136B-320
#        IC¿¨Ä£¿é\Output\FLASH\Obj\lpc17xx_timer.o" "F:\iar\NC136B-320
#        IC¿¨Ä£¿é\Output\FLASH\Obj\lpc17xx_uart.o" "F:\iar\NC136B-320
#        IC¿¨Ä£¿é\Output\FLASH\Obj\lpc17xx_wdt.o" "F:\iar\NC136B-320
#        IC¿¨Ä£¿é\Output\FLASH\Obj\MB.o" "F:\iar\NC136B-320
#        IC¿¨Ä£¿é\Output\FLASH\Obj\MB_AES.o" "F:\iar\NC136B-320
#        IC¿¨Ä£¿é\Output\FLASH\Obj\mb_app_hooks.o" "F:\iar\NC136B-320
#        IC¿¨Ä£¿é\Output\FLASH\Obj\MB_BSP.o" "F:\iar\NC136B-320
#        IC¿¨Ä£¿é\Output\FLASH\Obj\MB_DATA.o" "F:\iar\NC136B-320
#        IC¿¨Ä£¿é\Output\FLASH\Obj\MB_OS.o" "F:\iar\NC136B-320
#        IC¿¨Ä£¿é\Output\FLASH\Obj\MB_UTIL.o" "F:\iar\NC136B-320
#        IC¿¨Ä£¿é\Output\FLASH\Obj\MBM_CORE.o" "F:\iar\NC136B-320
#        IC¿¨Ä£¿é\Output\FLASH\Obj\MBS_CORE.o" "F:\iar\NC136B-320
#        IC¿¨Ä£¿é\Output\FLASH\Obj\mstcsspeed.o" "F:\iar\NC136B-320
#        IC¿¨Ä£¿é\Output\FLASH\Obj\MX25L1602Drv.o" "F:\iar\NC136B-320
#        IC¿¨Ä£¿é\Output\FLASH\Obj\OperateCard.o" "F:\iar\NC136B-320
#        IC¿¨Ä£¿é\Output\FLASH\Obj\os_app_hooks.o" "F:\iar\NC136B-320
#        IC¿¨Ä£¿é\Output\FLASH\Obj\os_cfg_app.o" "F:\iar\NC136B-320
#        IC¿¨Ä£¿é\Output\FLASH\Obj\os_core.o" "F:\iar\NC136B-320
#        IC¿¨Ä£¿é\Output\FLASH\Obj\os_cpu_a.o" "F:\iar\NC136B-320
#        IC¿¨Ä£¿é\Output\FLASH\Obj\os_cpu_c.o" "F:\iar\NC136B-320
#        IC¿¨Ä£¿é\Output\FLASH\Obj\os_csp.o" "F:\iar\NC136B-320
#        IC¿¨Ä£¿é\Output\FLASH\Obj\os_dbg.o" "F:\iar\NC136B-320
#        IC¿¨Ä£¿é\Output\FLASH\Obj\os_flag.o" "F:\iar\NC136B-320
#        IC¿¨Ä£¿é\Output\FLASH\Obj\os_int.o" "F:\iar\NC136B-320
#        IC¿¨Ä£¿é\Output\FLASH\Obj\os_mem.o" "F:\iar\NC136B-320
#        IC¿¨Ä£¿é\Output\FLASH\Obj\os_msg.o" "F:\iar\NC136B-320
#        IC¿¨Ä£¿é\Output\FLASH\Obj\os_mutex.o" "F:\iar\NC136B-320
#        IC¿¨Ä£¿é\Output\FLASH\Obj\os_pend_multi.o" "F:\iar\NC136B-320
#        IC¿¨Ä£¿é\Output\FLASH\Obj\os_prio.o" "F:\iar\NC136B-320
#        IC¿¨Ä£¿é\Output\FLASH\Obj\os_q.o" "F:\iar\NC136B-320
#        IC¿¨Ä£¿é\Output\FLASH\Obj\os_sem.o" "F:\iar\NC136B-320
#        IC¿¨Ä£¿é\Output\FLASH\Obj\os_stat.o" "F:\iar\NC136B-320
#        IC¿¨Ä£¿é\Output\FLASH\Obj\os_task.o" "F:\iar\NC136B-320
#        IC¿¨Ä£¿é\Output\FLASH\Obj\os_tick.o" "F:\iar\NC136B-320
#        IC¿¨Ä£¿é\Output\FLASH\Obj\os_time.o" "F:\iar\NC136B-320
#        IC¿¨Ä£¿é\Output\FLASH\Obj\os_tmr.o" "F:\iar\NC136B-320
#        IC¿¨Ä£¿é\Output\FLASH\Obj\os_var.o" "F:\iar\NC136B-320
#        IC¿¨Ä£¿é\Output\FLASH\Obj\osal.o" "F:\iar\NC136B-320
#        IC¿¨Ä£¿é\Output\FLASH\Obj\osal_event.o" "F:\iar\NC136B-320
#        IC¿¨Ä£¿é\Output\FLASH\Obj\osal_memory.o" "F:\iar\NC136B-320
#        IC¿¨Ä£¿é\Output\FLASH\Obj\osal_timer.o" "F:\iar\NC136B-320
#        IC¿¨Ä£¿é\Output\FLASH\Obj\ParaCard.o" "F:\iar\NC136B-320
#        IC¿¨Ä£¿é\Output\FLASH\Obj\power.o" "F:\iar\NC136B-320
#        IC¿¨Ä£¿é\Output\FLASH\Obj\RecModel.o" "F:\iar\NC136B-320
#        IC¿¨Ä£¿é\Output\FLASH\Obj\SoftSpi_17xx.o" "F:\iar\NC136B-320
#        IC¿¨Ä£¿é\Output\FLASH\Obj\speed1.o" "F:\iar\NC136B-320
#        IC¿¨Ä£¿é\Output\FLASH\Obj\speed2.o" "F:\iar\NC136B-320
#        IC¿¨Ä£¿é\Output\FLASH\Obj\sprintf.o" "F:\iar\NC136B-320
#        IC¿¨Ä£¿é\Output\FLASH\Obj\system_LPC17xx.o" "F:\iar\NC136B-320
#        IC¿¨Ä£¿é\Output\FLASH\Obj\tmp.o" "F:\iar\NC136B-320
#        IC¿¨Ä£¿é\Output\FLASH\Obj\xmain.o" -o "F:\iar\NC136B-320
#        IC¿¨Ä£¿é\Software\EvalBoards\NXP\LPC1768-SK\uCOS-III\IAR\FLASH\Exe\uCOS-III-TCPIP-V2.out.tmp"
#        --map "F:\iar\NC136B-320
#        IC¿¨Ä£¿é\Software\EvalBoards\NXP\LPC1768-SK\uCOS-III\IAR\..\..\..\..\..\..\Output\FLASH\List\uCOS-III-TCPIP-V2.map"
#        --config "F:\iar\NC136B-320
#        IC¿¨Ä£¿é\Software\EvalBoards\NXP\LPC1768-SK\uCOS-III\IAR\..\..\BSP\IAR\LPC1768_FLASH512K_SRAM32K.icf"
#        --semihosting --entry __iar_program_start --vfe
#
###############################################################################

*******************************************************************************
*** RUNTIME MODEL ATTRIBUTES
***

CppFlavor       = *
__SystemLibrary = DLib


*******************************************************************************
*** PLACEMENT SUMMARY
***

"A1":  place at 0x00000000 { ro section .intvec };
"P1":  place in [from 0x00000000 to 0x0003ffff] { ro };
"P2":  place in [from         0x10000000
                 to           0x10007fff
                 repeat       2
                 displacement 0x1007c000] { rw, block CSTACK, block HEAP };

  Section            Kind        Address    Size  Object
  -------            ----        -------    ----  ------
"A1":                                       0xcc
  .intvec            const    0x00000000    0xcc  cstartup.o [1]
                            - 0x000000cc    0xcc

"P1":                                     0xbf3c
  .text              ro code  0x000000cc   0xdae  xprintffull_nomb.o [3]
  .text              ro code  0x00000e7a     0xa  xsprout.o [3]
  .text              ro code  0x00000e84    0x16  strchr.o [5]
  .rodata            const    0x00000e9a     0x2  os_cfg_app.o [1]
  .text              ro code  0x00000e9c    0x36  strlen.o [5]
  .rodata            const    0x00000ed2     0x2  os_dbg.o [1]
  .text              ro code  0x00000ed4    0x58  memchr.o [5]
  .text              ro code  0x00000f2c    0xee  I64DivMod.o [5]
  .rodata            const    0x0000101a     0x2  os_dbg.o [1]
  .text              ro code  0x0000101c    0x76  ABImemcpy_unaligned.o [5]
  .text              ro code  0x00001092    0x42  xdnorm.o [4]
  .text              ro code  0x000010d4    0x2e  DblCmpLe.o [4]
  .rodata            const    0x00001102     0x2  os_dbg.o [1]
  .text              ro code  0x00001104    0x2e  DblCmpGe.o [4]
  .rodata            const    0x00001132     0x2  os_dbg.o [1]
  .text              ro code  0x00001134   0x10c  xdscale.o [4]
  .text              ro code  0x00001240    0x58  DblToI32.o [4]
  .text              ro code  0x00001298    0x30  I32ToDbl.o [4]
  .text              ro code  0x000012c8   0x180  DblSub.o [4]
  .text              ro code  0x00001448   0x1a2  DblMul.o [4]
  .rodata            const    0x000015ea     0x2  os_dbg.o [1]
  .text              ro code  0x000015ec   0x256  DblDiv.o [4]
  .text              ro code  0x00001842     0xe  div.o [3]
  .text              ro code  0x00001850     0x2  I64DivZer.o [5]
  .rodata            const    0x00001852     0x2  os_dbg.o [1]
  .text              ro code  0x00001854    0xd4  DblAdd.o [4]
  .text              ro code  0x00001928   0xca0  MBS_CORE.o [1]
  .text              ro code  0x000025c8    0x30  MB_DATA.o [1]
  .text              ro code  0x000025f8    0x14  mb_app_hooks.o [1]
  .text              ro code  0x0000260c   0x420  MB.o [1]
  .text              ro code  0x00002a2c   0x368  app_task_comm.o [1]
  .text              ro code  0x00002d94    0xa8  MB_UTIL.o [1]
  .text              ro code  0x00002e3c    0xfc  MB_OS.o [1]
  .text              ro code  0x00002f38   0x4c0  MB_BSP.o [1]
  .text              ro code  0x000033f8   0x870  os_task.o [1]
  .text              ro code  0x00003c68   0x564  MX25L1602Drv.o [1]
  .text              ro code  0x000041cc   0x19e  bsp_IIC.o [1]
  .rodata            const    0x0000436a     0x2  os_dbg.o [1]
  .text              ro code  0x0000436c    0x50  DS3231.o [1]
  .text              ro code  0x000043bc   0x3c8  app_comm_protocol.o [1]
  .text              ro code  0x00004784   0x164  app.o [1]
  .text              ro code  0x000048e8   0x22c  os_time.o [1]
  .text              ro code  0x00004b14   0x87c  os_flag.o [1]
  .text              ro code  0x00005390   0x560  app_comm_otr.o [1]
  .text              ro code  0x000058f0   0x3bc  os_q.o [1]
  .text              ro code  0x00005cac    0xe2  bsp_os.o [1]
  .rodata            const    0x00005d8e     0x2  os_dbg.o [1]
  .text              ro code  0x00005d90   0x120  bsp_gpio.o [1]
  .text              ro code  0x00005eb0   0x720  lpc17xx_uart.o [1]
  CODE               ro code  0x000065d0    0x34  cpu_a.o [1]
  .text              ro code  0x00006604   0x1c8  cpu_core.o [1]
  .text              ro code  0x000067cc   0x4f4  lpc17xx_timer.o [1]
  .text              ro code  0x00006cc0   0x1c0  os_cpu_c.o [1]
  .text              ro code  0x00006e80   0x27c  os_msg.o [1]
  .text              ro code  0x000070fc    0x88  os_prio.o [1]
  .text              ro code  0x00007184   0x8b8  os_core.o [1]
  .text              ro code  0x00007a3c   0x4e4  os_tick.o [1]
  .text              ro code  0x00007f20    0xc4  os_mutex.o [1]
  .text              ro code  0x00007fe4   0x4fc  bsp.o [1]
  .text              ro code  0x000084e0    0x18  SoftSpi_17xx.o [1]
  .text              ro code  0x000084f8    0x38  CrcCheck.o [1]
  .text              ro code  0x00008530   0x138  xmain.o [1]
  .text              ro code  0x00008668    0x9c  os_app_hooks.o [1]
  .text              ro code  0x00008704   0x13c  lib_mem.o [1]
  .text              ro code  0x00008840    0xdc  bsp_wdt.o [1]
  .text              ro code  0x0000891c   0x14c  app_task_osal.o [1]
  .text              ro code  0x00008a68   0x21c  osal_timer.o [1]
  .text              ro code  0x00008c84   0x1ee  bsp_FRAM.o [1]
  .rodata            const    0x00008e72     0x2  os_dbg.o [1]
  .text              ro code  0x00008e74   0x360  os_sem.o [1]
  .text              ro code  0x000091d4    0xbc  lpc17xx_gpio.o [1]
  .text              ro code  0x00009290    0xf4  lpc17xx_pinsel.o [1]
  .text              ro code  0x00009384    0xf4  lpc17xx_clkpwr.o [1]
  .text              ro code  0x00009478     0x2  lpc17xx_libcfg_default.o [1]
  .rodata            const    0x0000947a     0x2  os_dbg.o [1]
  .text              ro code  0x0000947c    0x1c  os_mem.o [1]
  .text              ro code  0x00009498   0x204  os_dbg.o [1]
  .text              ro code  0x0000969c     0x2  os_cfg_app.o [1]
  .rodata            const    0x0000969e     0x2  os_dbg.o [1]
  CODE               ro code  0x000096a0    0x84  os_cpu_a.o [1]
  .text              ro code  0x00009724   0x510  csp_gpio.o [1]
  .text              ro code  0x00009c34   0x184  csp_int.o [1]
  .text              ro code  0x00009db8    0x94  csp_pm.o [1]
  .text              ro code  0x00009e4c   0x37c  OperateCard.o [1]
  .text              ro code  0x0000a1c8   0x184  osal_event.o [1]
  .text              ro code  0x0000a34c   0x1cc  lpc17xx_wdt.o [1]
  .text              ro code  0x0000a518    0x16  app_lib.o [1]
  .rodata            const    0x0000a52e     0x2  os_dbg.o [1]
  .text              ro code  0x0000a530    0x50  osal.o [1]
  .text              ro code  0x0000a580   0x1e4  cpu_c.o [1]
  .text              ro code  0x0000a764    0x6e  csp.o [1]
  .rodata            const    0x0000a7d2     0x2  os_dbg.o [1]
  .text              ro code  0x0000a7d4   0x818  Card.o [1]
  .text              ro code  0x0000afec    0x2a  ParaCard.o [1]
  .rodata            const    0x0000b016     0x2  os_dbg.o [1]
  .text              ro code  0x0000b018   0x328  DataCard.o [1]
  .text              ro code  0x0000b340    0xb0  Display.o [1]
  .text              ro code  0x0000b3f0   0x17c  lpc17xx_ssp.o [1]
  .text              ro code  0x0000b56c    0x2c  vsprintf.o [3]
  .rodata            const    0x0000b598   0x200  CrcCheck.o [1]
  .text              ro code  0x0000b798    0xb4  mstcsspeed.o [1]
  .text              ro code  0x0000b84c    0xae  app_task_osal_tmr.o [1]
  .rodata            const    0x0000b8fa     0x2  os_dbg.o [1]
  .text              ro code  0x0000b8fc    0xa6  app_task_osal_led.o [1]
  .rodata            const    0x0000b9a2     0x2  os_dbg.o [1]
  .text              ro code  0x0000b9a4    0xa4  speed1.o [1]
  .text              ro code  0x0000ba48    0xa0  speed2.o [1]
  .rodata            const    0x0000bae8    0x40  lpc17xx_ssp.o [1]
  .rodata            const    0x0000bb28    0x40  lpc17xx_timer.o [1]
  .rodata            const    0x0000bb68    0x40  lpc17xx_uart.o [1]
  .rodata            const    0x0000bba8    0x40  lpc17xx_wdt.o [1]
  .text              ro code  0x0000bbe8    0x40  zero_init3.o [5]
  .rodata            const    0x0000bc28    0x30  os_dbg.o [1]
  .rodata            const    0x0000bc58    0x30  os_dbg.o [1]
  .rodata            const    0x0000bc88    0x30  os_dbg.o [1]
  .text              ro code  0x0000bcb8    0x2c  copy_init3.o [5]
  .rodata            const    0x0000bce4    0x28  os_dbg.o [1]
  .rodata            const    0x0000bd0c    0x28  os_dbg.o [1]
  .text              ro code  0x0000bd34    0x28  data_init.o [5]
  .text              ro code  0x0000bd5c    0x26  os_csp.o [1]
  .iar.init_table    const    0x0000bd84    0x24  - Linker created -
  .rodata            const    0x0000bda8     0x2  os_dbg.o [1]
  .rodata            const    0x0000bdac    0x20  os_dbg.o [1]
  .text              ro code  0x0000bdcc    0x1a  cmain.o [5]
  .text              ro code  0x0000bde6     0x4  low_level_init.o [3]
  .text              ro code  0x0000bdea     0x4  exit.o [3]
  .rodata            const    0x0000bdee     0x2  os_dbg.o [1]
  .text              ro code  0x0000bdf0     0xa  cexit.o [5]
  .rodata            const    0x0000bdfa     0x2  os_dbg.o [1]
  .text              ro code  0x0000bdfc    0x14  exit.o [6]
  .rodata            const    0x0000be10    0x14  bsp_gpio.o [1]
  .rodata            const    0x0000be24    0x14  bsp_gpio.o [1]
  .rodata            const    0x0000be38    0x14  bsp_gpio.o [1]
  .rodata            const    0x0000be4c    0x14  MB_OS.o [1]
  .rodata            const    0x0000be60    0x14  MB_OS.o [1]
  .rodata            const    0x0000be74    0x14  os_core.o [1]
  .rodata            const    0x0000be88    0x14  os_tick.o [1]
  .rodata            const    0x0000be9c    0x10  app.o [1]
  .rodata            const    0x0000beac    0x10  app_comm_protocol.o [1]
  .rodata            const    0x0000bebc    0x10  app_task_comm.o [1]
  .rodata            const    0x0000becc    0x10  app_task_comm.o [1]
  .rodata            const    0x0000bedc    0x10  app_task_osal.o [1]
  .rodata            const    0x0000beec    0x10  MB_BSP.o [1]
  .rodata            const    0x0000befc    0x10  MB_OS.o [1]
  .rodata            const    0x0000bf0c    0x10  MX25L1602Drv.o [1]
  .rodata            const    0x0000bf1c    0x10  OperateCard.o [1]
  .rodata            const    0x0000bf2c     0xc  app_task_osal.o [1]
  .rodata            const    0x0000bf38     0xc  bsp_FRAM.o [1]
  .rodata            const    0x0000bf44     0xc  Card.o [1]
  .rodata            const    0x0000bf50     0xc  os_core.o [1]
  .text              ro code  0x0000bf5c     0xc  cstartup.o [1]
  .text              ro code  0x0000bf68     0xc  cstartup_M.o [5]
  .rodata            const    0x0000bf74     0x8  lib_mem.o [1]
  .rodata            const    0x0000bf7c     0x8  MB_BSP.o [1]
  .rodata            const    0x0000bf84     0x8  OperateCard.o [1]
  .rodata            const    0x0000bf8c     0x8  os_core.o [1]
  .rodata            const    0x0000bf94     0x8  os_task.o [1]
  .rodata            const    0x0000bf9c     0x4  os_cfg_app.o [1]
  .rodata            const    0x0000bfa0     0x4  os_cfg_app.o [1]
  .rodata            const    0x0000bfa4     0x4  os_cfg_app.o [1]
  .rodata            const    0x0000bfa8     0x4  os_cfg_app.o [1]
  .rodata            const    0x0000bfac     0x4  os_cfg_app.o [1]
  .rodata            const    0x0000bfb0     0x4  os_cfg_app.o [1]
  .rodata            const    0x0000bfb4     0x4  os_cfg_app.o [1]
  .rodata            const    0x0000bfb8     0x4  os_cfg_app.o [1]
  .rodata            const    0x0000bfbc     0x4  os_cfg_app.o [1]
  .rodata            const    0x0000bfc0     0x4  os_cfg_app.o [1]
  .rodata            const    0x0000bfc4     0x4  os_cfg_app.o [1]
  .rodata            const    0x0000bfc8     0x4  os_dbg.o [1]
  .rodata            const    0x0000bfcc     0x4  os_dbg.o [1]
  .rodata            const    0x0000bfd0     0x4  os_dbg.o [1]
  .rodata            const    0x0000bfd4     0x1  os_cfg_app.o [1]
  .rodata            const    0x0000bfd5     0x1  os_dbg.o [1]
  .rodata            const    0x0000bfd6     0x1  os_dbg.o [1]
  .rodata            const    0x0000bfd7     0x1  os_dbg.o [1]
  .rodata            const    0x0000bfd8     0x1  os_dbg.o [1]
  .rodata            const    0x0000bfd9     0x1  os_dbg.o [1]
  .rodata            const    0x0000bfda     0x1  os_dbg.o [1]
  .rodata            const    0x0000bfdb     0x1  os_dbg.o [1]
  .rodata            const    0x0000bfdc     0x1  os_dbg.o [1]
  .rodata            const    0x0000bfdd     0x1  os_dbg.o [1]
  .rodata            const    0x0000bfde     0x1  os_dbg.o [1]
  .rodata            const    0x0000bfdf     0x1  os_dbg.o [1]
  .rodata            const    0x0000bfe0     0x1  os_dbg.o [1]
  .rodata            const    0x0000bfe1     0x1  os_dbg.o [1]
  .rodata            const    0x0000bfe2     0x1  os_dbg.o [1]
  .rodata            const    0x0000bfe3     0x1  os_dbg.o [1]
  .rodata            const    0x0000bfe4     0x1  os_dbg.o [1]
  .rodata            const    0x0000bfe5     0x1  os_dbg.o [1]
  .rodata            const    0x0000bfe6     0x1  os_dbg.o [1]
  .rodata            const    0x0000bfe7     0x1  os_dbg.o [1]
  .rodata            const    0x0000bfe8     0x1  os_dbg.o [1]
  .rodata            const    0x0000bfe9     0x1  os_dbg.o [1]
  .rodata            const    0x0000bfea     0x1  os_dbg.o [1]
  .rodata            const    0x0000bfeb     0x1  os_dbg.o [1]
  .rodata            const    0x0000bfec     0x1  os_dbg.o [1]
  .rodata            const    0x0000bfed     0x1  os_dbg.o [1]
  .rodata            const    0x0000bfee     0x1  os_dbg.o [1]
  .rodata            const    0x0000bfef     0x1  os_dbg.o [1]
  .rodata            const    0x0000bff0     0x1  os_dbg.o [1]
  .rodata            const    0x0000bff1     0x1  os_dbg.o [1]
  .rodata            const    0x0000bff2     0x1  os_dbg.o [1]
  .rodata            const    0x0000bff3     0x1  os_dbg.o [1]
  .rodata            const    0x0000bff4     0x1  os_dbg.o [1]
  .rodata            const    0x0000bff5     0x1  os_dbg.o [1]
  .rodata            const    0x0000bff6     0x1  os_dbg.o [1]
  .rodata            const    0x0000bff7     0x1  os_dbg.o [1]
  .rodata            const    0x0000bff8     0x1  os_dbg.o [1]
  .rodata            const    0x0000bff9     0x0  zero_init3.o [5]
  .rodata            const    0x0000bff9     0x0  copy_init3.o [5]
  Initializer bytes  const    0x0000bffc     0xc  <for P2 s0>
                            - 0x0000c008  0xbf3c

"P2", part 1 of 3:                           0xc
  P2 s0                       0x10000000     0xc  <Init block>
    .data            inited   0x10000000     0x4  app_task_osal.o [1]
    .data            inited   0x10000004     0x4  system_LPC17xx.o [1]
    .data            inited   0x10000008     0x1  Card.o [1]
                            - 0x1000000c     0xc

"P2", part 2 of 3:                        0x6614
  .bss               zero     0x1000000c  0x1744  app_comm_otr.o [1]
  .bss               zero     0x10001750  0x11a0  MB.o [1]
  .bss               zero     0x100028f0   0x800  app_task_comm.o [1]
  .bss               zero     0x100030f0   0x800  OperateCard.o [1]
  .bss               zero     0x100038f0   0x400  app_task_osal.o [1]
  .bss               zero     0x10003cf0   0x400  DataCard.o [1]
  .bss               zero     0x100040f0   0x400  lib_mem.o [1]
  .bss               zero     0x100044f0   0x400  MB_OS.o [1]
  .bss               zero     0x100048f0   0x2fc  xmain.o [1]
  .bss               zero     0x10004bec   0x230  csp_int.o [1]
  .bss               zero     0x10004e1c   0x200  os_cfg_app.o [1]
  .bss               zero     0x1000501c   0x200  os_cfg_app.o [1]
  .bss               zero     0x1000521c   0x190  os_cfg_app.o [1]
  .bss               zero     0x100053ac   0x190  osal_timer.o [1]
  .bss               zero     0x1000553c   0x180  os_var.o [1]
  .bss               zero     0x100056bc   0x100  app.o [1]
  .bss               zero     0x100057bc   0x100  os_cfg_app.o [1]
  .bss               zero     0x100058bc    0xfc  app_comm_protocol.o [1]
  .bss               zero     0x100059b8    0xfc  app_comm_protocol.o [1]
  .bss               zero     0x10005ab4    0xf0  osal_event.o [1]
  .bss               zero     0x10005ba4    0xc8  Display.o [1]
  .bss               zero     0x10005c6c    0xb4  OperateCard.o [1]
  .bss               zero     0x10005d20    0xa0  app.o [1]
  .bss               zero     0x10005dc0    0xa0  app_task_comm.o [1]
  .bss               zero     0x10005e60    0xa0  app_task_osal.o [1]
  .bss               zero     0x10005f00    0xa0  MB.o [1]
  .bss               zero     0x10005fa0    0xa0  MB.o [1]
  .bss               zero     0x10006040    0xa0  MB_OS.o [1]
  .bss               zero     0x100060e0    0xa0  OperateCard.o [1]
  .bss               zero     0x10006180    0xa0  os_var.o [1]
  .bss               zero     0x10006220    0xa0  os_var.o [1]
  .bss               zero     0x100062c0    0x50  csp_int.o [1]
  .bss               zero     0x10006310    0x30  app_task_comm.o [1]
  .bss               zero     0x10006340    0x30  MB_OS.o [1]
  .bss               zero     0x10006370    0x28  app_comm_protocol.o [1]
  .bss               zero     0x10006398    0x28  bsp_FRAM.o [1]
  .bss               zero     0x100063c0    0x28  bsp_lpc_timer.o [1]
  .bss               zero     0x100063e8    0x28  bsp_lpc_timer.o [1]
  .bss               zero     0x10006410    0x28  bsp_lpc_timer.o [1]
  .bss               zero     0x10006438    0x28  Card.o [1]
  .bss               zero     0x10006460    0x28  MX25L1602Drv.o [1]
  .bss               zero     0x10006488    0x28  osal_event.o [1]
  .bss               zero     0x100064b0    0x20  DataCard.o [1]
  .bss               zero     0x100064d0    0x14  lib_mem.o [1]
  .bss               zero     0x100064e4    0x14  MB_BSP.o [1]
  .bss               zero     0x100064f8    0x10  cpu_core.o [1]
  .bss               zero     0x10006508     0xc  os_var.o [1]
  .bss               zero     0x10006514     0x8  mstcsspeed.o [1]
  .bss               zero     0x1000651c     0x8  os_var.o [1]
  .bss               zero     0x10006524     0x8  os_var.o [1]
  .bss               zero     0x1000652c     0x4  app_comm_otr.o [1]
  .bss               zero     0x10006530     0x4  Card.o [1]
  .bss               zero     0x10006534     0x4  Card.o [1]
  .bss               zero     0x10006538     0x4  Card.o [1]
  .bss               zero     0x1000653c     0x4  cpu_core.o [1]
  .bss               zero     0x10006540     0x4  cpu_core.o [1]
  .bss               zero     0x10006544     0x4  cpu_core.o [1]
  .bss               zero     0x10006548     0x4  cpu_core.o [1]
  .bss               zero     0x1000654c     0x4  cpu_core.o [1]
  .bss               zero     0x10006550     0x4  cpu_core.o [1]
  .bss               zero     0x10006554     0x4  lib_mem.o [1]
  .bss               zero     0x10006558     0x4  MB.o [1]
  .bss               zero     0x1000655c     0x4  mstcsspeed.o [1]
  .bss               zero     0x10006560     0x4  mstcsspeed.o [1]
  .bss               zero     0x10006564     0x4  mstcsspeed.o [1]
  .bss               zero     0x10006568     0x4  mstcsspeed.o [1]
  .bss               zero     0x1000656c     0x4  os_cpu_c.o [1]
  .bss               zero     0x10006570     0x4  os_prio.o [1]
  .bss               zero     0x10006574     0x4  os_var.o [1]
  .bss               zero     0x10006578     0x4  os_var.o [1]
  .bss               zero     0x1000657c     0x4  os_var.o [1]
  .bss               zero     0x10006580     0x4  os_var.o [1]
  .bss               zero     0x10006584     0x4  os_var.o [1]
  .bss               zero     0x10006588     0x4  os_var.o [1]
  .bss               zero     0x1000658c     0x4  os_var.o [1]
  .bss               zero     0x10006590     0x4  os_var.o [1]
  .bss               zero     0x10006594     0x4  os_var.o [1]
  .bss               zero     0x10006598     0x4  os_var.o [1]
  .bss               zero     0x1000659c     0x4  os_var.o [1]
  .bss               zero     0x100065a0     0x4  os_var.o [1]
  .bss               zero     0x100065a4     0x4  os_var.o [1]
  .bss               zero     0x100065a8     0x4  os_var.o [1]
  .bss               zero     0x100065ac     0x4  os_var.o [1]
  .bss               zero     0x100065b0     0x4  os_var.o [1]
  .bss               zero     0x100065b4     0x4  os_var.o [1]
  .bss               zero     0x100065b8     0x4  os_var.o [1]
  .bss               zero     0x100065bc     0x4  os_var.o [1]
  .bss               zero     0x100065c0     0x4  osal_event.o [1]
  .bss               zero     0x100065c4     0x4  osal_event.o [1]
  .bss               zero     0x100065c8     0x4  osal_event.o [1]
  .bss               zero     0x100065cc     0x4  osal_timer.o [1]
  .bss               zero     0x100065d0     0x4  osal_timer.o [1]
  .bss               zero     0x100065d4     0x4  speed1.o [1]
  .bss               zero     0x100065d8     0x4  speed1.o [1]
  .bss               zero     0x100065dc     0x4  speed1.o [1]
  .bss               zero     0x100065e0     0x4  speed1.o [1]
  .bss               zero     0x100065e4     0x4  speed2.o [1]
  .bss               zero     0x100065e8     0x4  speed2.o [1]
  .bss               zero     0x100065ec     0x4  speed2.o [1]
  .bss               zero     0x100065f0     0x4  speed2.o [1]
  .bss               zero     0x100065f4     0x2  cpu_core.o [1]
  .bss               zero     0x100065f6     0x2  cpu_core.o [1]
  .bss               zero     0x100065f8     0x2  MB.o [1]
  .bss               zero     0x100065fa     0x2  OperateCard.o [1]
  .bss               zero     0x100065fc     0x2  os_var.o [1]
  .bss               zero     0x100065fe     0x2  os_var.o [1]
  .bss               zero     0x10006600     0x2  os_var.o [1]
  .bss               zero     0x10006602     0x2  os_var.o [1]
  .bss               zero     0x10006604     0x2  os_var.o [1]
  .bss               zero     0x10006606     0x2  os_var.o [1]
  .bss               zero     0x10006608     0x1  app_comm_otr.o [1]
  .bss               zero     0x10006609     0x1  app_comm_otr.o [1]
  .bss               zero     0x1000660a     0x1  app_comm_otr.o [1]
  .bss               zero     0x1000660b     0x1  app_comm_protocol.o [1]
  .bss               zero     0x1000660c     0x1  app_comm_protocol.o [1]
  .bss               zero     0x1000660d     0x1  app_task_osal_led.o [1]
  .bss               zero     0x1000660e     0x1  app_task_osal_led.o [1]
  .bss               zero     0x1000660f     0x1  app_task_osal_tmr.o [1]
  .bss               zero     0x10006610     0x1  app_task_osal_tmr.o [1]
  .bss               zero     0x10006611     0x1  bsp_wdt.o [1]
  .bss               zero     0x10006612     0x1  Card.o [1]
  .bss               zero     0x10006613     0x1  Card.o [1]
  .bss               zero     0x10006614     0x1  MB.o [1]
  .bss               zero     0x10006615     0x1  OperateCard.o [1]
  .bss               zero     0x10006616     0x1  OperateCard.o [1]
  .bss               zero     0x10006617     0x1  OperateCard.o [1]
  .bss               zero     0x10006618     0x1  os_var.o [1]
  .bss               zero     0x10006619     0x1  os_var.o [1]
  .bss               zero     0x1000661a     0x1  os_var.o [1]
  .bss               zero     0x1000661b     0x1  os_var.o [1]
  .bss               zero     0x1000661c     0x1  os_var.o [1]
  .bss               zero     0x1000661d     0x1  os_var.o [1]
  .bss               zero     0x1000661e     0x1  os_var.o [1]
  .bss               zero     0x1000661f     0x1  osal_timer.o [1]
                            - 0x10006620  0x6614

"P2", part 3 of 3:                         0x200
  CSTACK                      0x10006620   0x200  <Block>
    CSTACK           uninit   0x10006620   0x200  <Block tail>
                            - 0x10006820   0x200


*******************************************************************************
*** INIT TABLE
***

          Address     Size
          -------     ----
Zero (__iar_zero_init3)
    1 destination range, total size 0x6614:
          0x1000000c  0x6614

Copy (__iar_copy_init3)
    1 source range, total size 0xc (133% of destination):
          0x0000bffc     0xc
    1 destination range, total size 0x9:
          0x10000000     0x9



*******************************************************************************
*** MODULE SUMMARY
***

    Module                    ro code  ro data  rw data
    ------                    -------  -------  -------
F:\iar\NC136B-320 IC¿¨Ä£¿é\Output\FLASH\Obj: [1]
    Card.o                      2 072       13       55
    CrcCheck.o                     56      512
    DS3231.o                       80
    DataCard.o                    808             1 056
    Display.o                     176               200
    MB.o                        1 056             4 839
    MBS_CORE.o                  3 232
    MB_BSP.o                    1 216       24       20
    MB_DATA.o                      48
    MB_OS.o                       252       56    1 232
    MB_UTIL.o                     168
    MX25L1602Drv.o              1 380       16       40
    OperateCard.o                 892       24    2 393
    ParaCard.o                     42
    SoftSpi_17xx.o                 24
    app.o                         356       16      416
    app_comm_otr.o              1 376             5 963
    app_comm_protocol.o           968       16      546
    app_lib.o                      22
    app_task_comm.o               872       32    2 256
    app_task_osal.o               332       32    1 188
    app_task_osal_led.o           166                 2
    app_task_osal_tmr.o           174                 2
    bsp.o                       1 276
    bsp_FRAM.o                    494       12       40
    bsp_IIC.o                     414
    bsp_gpio.o                    288       60
    bsp_lpc_timer.o                                 120
    bsp_os.o                      226
    bsp_wdt.o                     220                 1
    cpu_a.o                        52
    cpu_c.o                       484
    cpu_core.o                    456                44
    csp.o                         110
    csp_gpio.o                  1 296
    csp_int.o                     388               640
    csp_pm.o                      148
    cstartup.o                     12      204
    lib_mem.o                     316        8    1 048
    lpc17xx_clkpwr.o              244
    lpc17xx_gpio.o                188
    lpc17xx_libcfg_default.o        2
    lpc17xx_pinsel.o              244
    lpc17xx_ssp.o                 380       64
    lpc17xx_timer.o             1 268       64
    lpc17xx_uart.o              1 824       64
    lpc17xx_wdt.o                 460       64
    mb_app_hooks.o                 20
    mstcsspeed.o                  180                24
    os_app_hooks.o                156
    os_cfg_app.o                    2       47    1 680
    os_core.o                   2 232       40
    os_cpu_a.o                    132
    os_cpu_c.o                    448                 4
    os_csp.o                       38
    os_dbg.o                      516      342
    os_flag.o                   2 172
    os_mem.o                       28
    os_msg.o                      636
    os_mutex.o                    196
    os_prio.o                     136                 4
    os_q.o                        956
    os_sem.o                      864
    os_task.o                   2 160        8
    os_tick.o                   1 252       20
    os_time.o                     556
    os_var.o                                        827
    osal.o                         80
    osal_event.o                  388               292
    osal_timer.o                  540               409
    speed1.o                      164                16
    speed2.o                      160                16
    system_LPC17xx.o                         4        4
    xmain.o                       312               764
    ---------------------------------------------------
    Total:                     40 882    1 742   26 141

command line: [2]
    ---------------------------------------------------
    Total:

dl7M_tln.a: [3]
    div.o                          14
    exit.o                          4
    low_level_init.o                4
    vsprintf.o                     44
    xprintffull_nomb.o          3 502
    xsprout.o                      10
    ---------------------------------------------------
    Total:                      3 578

m7M_tl.a: [4]
    DblAdd.o                      212
    DblCmpGe.o                     46
    DblCmpLe.o                     46
    DblDiv.o                      598
    DblMul.o                      418
    DblSub.o                      384
    DblToI32.o                     88
    I32ToDbl.o                     48
    xdnorm.o                       66
    xdscale.o                     268
    ---------------------------------------------------
    Total:                      2 174

rt7M_tl.a: [5]
    ABImemcpy_unaligned.o         118
    I64DivMod.o                   238
    I64DivZer.o                     2
    cexit.o                        10
    cmain.o                        26
    copy_init3.o                   44
    cstartup_M.o                   12
    data_init.o                    40
    memchr.o                       88
    strchr.o                       22
    strlen.o                       54
    zero_init3.o                   64
    ---------------------------------------------------
    Total:                        718

shb_l.a: [6]
    exit.o                         20
    ---------------------------------------------------
    Total:                         20

    Gaps                                     4
    Linker created                          42      512
-------------------------------------------------------
    Grand Total:               47 372    1 788   26 653


*******************************************************************************
*** ENTRY LIST
***

Entry                      Address    Size  Type      Object
-----                      -------    ----  ----      ------
.iar.init_table$$Base   0x0000bd84           --   Gb  - Linker created -
.iar.init_table$$Limit  0x0000bda8           --   Gb  - Linker created -
?main                   0x0000bdcd          Code  Gb  cmain.o [5]
APP_CommInit            0x00002bcb    0x1c  Code  Lc  app_task_comm.o [1]
APP_CommRxDataDealCB    0x00002be7   0x104  Code  Gb  app_task_comm.o [1]
APP_OsalInit            0x00008a3d     0xe  Code  Lc  app_task_osal.o [1]
AppTaskCard             0x00009f65   0x226  Code  Gb  OperateCard.o [1]
AppTaskCardStk          0x100030f0   0x800  Data  Lc  OperateCard.o [1]
AppTaskCardTCB          0x100060e0    0xa0  Data  Lc  OperateCard.o [1]
AppTaskComm             0x00002a69    0xee  Code  Lc  app_task_comm.o [1]
AppTaskCommStk          0x100028f0   0x800  Data  Lc  app_task_comm.o [1]
AppTaskCommTCB          0x10005dc0    0xa0  Data  Lc  app_task_comm.o [1]
AppTaskOsal             0x00008959    0xe4  Code  Lc  app_task_osal.o [1]
AppTaskOsalStk          0x100038f0   0x400  Data  Lc  app_task_osal.o [1]
AppTaskOsalTCB          0x10005e60    0xa0  Data  Lc  app_task_osal.o [1]
App_BusFault_ISR        0x0000bf61     0x2  Code  Lc  cstartup.o [1]
App_Fault_ISR           0x0000bf5f     0x2  Code  Lc  cstartup.o [1]
App_MB_RdNRegsHook      0x000025f9     0xa  Code  Gb  mb_app_hooks.o [1]
App_MB_WrNRegsHook      0x00002603     0xa  Code  Gb  mb_app_hooks.o [1]
App_Main                0x00008531     0x2  Code  Gb  xmain.o [1]
App_MemFault_ISR        0x0000bf65     0x2  Code  Lc  cstartup.o [1]
App_ModbusInit          0x00002b57    0x74  Code  Lc  app_task_comm.o [1]
App_NMI_ISR             0x0000bf5d     0x2  Code  Lc  cstartup.o [1]
App_OS_IdleTaskHook     0x000086f1     0x2  Code  Gb  os_app_hooks.o [1]
App_OS_SetAllHooks      0x00008669    0x52  Code  Gb  os_app_hooks.o [1]
App_OS_StatTaskHook     0x000086f5     0x2  Code  Gb  os_app_hooks.o [1]
App_OS_TaskCreateHook   0x000086d9     0x8  Code  Gb  os_app_hooks.o [1]
App_OS_TaskDelHook      0x000086e1     0x8  Code  Gb  os_app_hooks.o [1]
App_OS_TaskReturnHook   0x000086e9     0x8  Code  Gb  os_app_hooks.o [1]
App_OS_TaskSwHook       0x000086f9     0x2  Code  Gb  os_app_hooks.o [1]
App_OS_TimeTickHook     0x000086fd     0x8  Code  Gb  os_app_hooks.o [1]
App_ObjCreate           0x000048a3     0x2  Code  Lc  app.o [1]
App_Spurious_ISR        0x0000bf67     0x2  Code  Lc  cstartup.o [1]
App_TaskCardCreate      0x00009e4d    0x3c  Code  Gb  OperateCard.o [1]
App_TaskCommCreate      0x00002a2d    0x3c  Code  Gb  app_task_comm.o [1]
App_TaskCreate          0x000048a5     0xc  Code  Lc  app.o [1]
App_TaskOsalCreate      0x0000891d    0x3c  Code  Gb  app_task_osal.o [1]
App_TaskStart           0x000047cd    0xd6  Code  Lc  app.o [1]
App_TaskStartStk        0x100056bc   0x100  Data  Lc  app.o [1]
App_TaskStartTCB        0x10005d20    0xa0  Data  Lc  app.o [1]
App_UsageFault_ISR      0x0000bf63     0x2  Code  Lc  cstartup.o [1]
BSP_FlashOsInit         0x00004157    0x10  Code  Gb  MX25L1602Drv.o [1]
BSP_FlashSendEvent      0x00004173     0xa  Code  Lc  MX25L1602Drv.o [1]
BSP_FlashWaitEvent      0x00004167     0xc  Code  Lc  MX25L1602Drv.o [1]
BSP_FramOsInit          0x00008c9b     0xe  Code  Gb  bsp_FRAM.o [1]
BSP_Init                0x00007fe5   0x33a  Code  Gb  bsp.o [1]
BSP_LED_Flash           0x0000840b    0x54  Code  Gb  bsp.o [1]
BSP_LED_Off             0x00008339    0x46  Code  Gb  bsp.o [1]
BSP_LED_On              0x0000837f    0x46  Code  Gb  bsp.o [1]
BSP_LED_Toggle          0x000083c5    0x46  Code  Gb  bsp.o [1]
BSP_OSTickInit          0x00005d87     0x8  Code  Gb  bsp_os.o [1]
BSP_OS_SemCreate        0x00005cad    0x26  Code  Gb  bsp_os.o [1]
BSP_OS_SemPost          0x00005d11    0x20  Code  Gb  bsp_os.o [1]
BSP_OS_SemWait          0x00005cd3    0x38  Code  Gb  bsp_os.o [1]
BSP_OS_TimeDly          0x00005d31    0x56  Code  Gb  bsp_os.o [1]
BSP_RST_SystemRst       0x000088ed    0x1a  Code  Gb  bsp_wdt.o [1]
BSP_Start               0x0000831f    0x1a  Code  Gb  bsp.o [1]
BSP_WDT_Init            0x000088a1    0x44  Code  Gb  bsp_wdt.o [1]
BSP_WDT_Rst             0x0000885b    0x46  Code  Gb  bsp_wdt.o [1]
BSP_WdtMode             0x10006611     0x1  Data  Gb  bsp_wdt.o [1]
Bsp_Card_Sem            0x10006438    0x28  Data  Gb  Card.o [1]
Bsp_FlashSem            0x10006460    0x28  Data  Lc  MX25L1602Drv.o [1]
Bsp_FramSem             0x10006398    0x28  Data  Lc  bsp_FRAM.o [1]
Bsp_Fram_Sem            0x10006370    0x28  Data  Lc  app_comm_protocol.o [1]
BufferToMainMemoryPageProgramWithBuilt_inErase_Card
                        0x0000ab8d    0xf4  Code  Gb  Card.o [1]
BufferWrite_Card        0x0000ab1b    0x72  Code  Gb  Card.o [1]
CE_High                 0x00003c73     0xa  Code  Gb  MX25L1602Drv.o [1]
CE_Low                  0x00003c69     0xa  Code  Gb  MX25L1602Drv.o [1]
CLKPWR_ConfigPPWR       0x00009439    0x2c  Code  Gb  lpc17xx_clkpwr.o [1]
CLKPWR_GetPCLK          0x000093f9    0x40  Code  Gb  lpc17xx_clkpwr.o [1]
CLKPWR_GetPCLKSEL       0x000093d5    0x24  Code  Gb  lpc17xx_clkpwr.o [1]
CLKPWR_SetPCLKDiv       0x00009385    0x50  Code  Gb  lpc17xx_clkpwr.o [1]
CPU_CntLeadZeros        0x000065ef          Code  Gb  cpu_a.o [1]
CPU_CntTrailZeros       0x000065f5          Code  Gb  cpu_a.o [1]
CPU_Init                0x00006605    0x10  Code  Gb  cpu_core.o [1]
CPU_IntDis              0x000065d1          Code  Gb  cpu_a.o [1]
CPU_IntDisMeasCtr       0x100065f4     0x2  Data  Gb  cpu_core.o [1]
CPU_IntDisMeasInit      0x00006715    0x78  Code  Lc  cpu_core.o [1]
CPU_IntDisMeasMaxCalc   0x0000678d    0x1a  Code  Lc  cpu_core.o [1]
CPU_IntDisMeasMaxCurGet
                        0x00006671    0x24  Code  Gb  cpu_core.o [1]
CPU_IntDisMeasMaxCurReset
                        0x0000664f    0x22  Code  Gb  cpu_core.o [1]
CPU_IntDisMeasMaxCur_cnts
                        0x1000654c     0x4  Data  Gb  cpu_core.o [1]
CPU_IntDisMeasMax_cnts  0x10006550     0x4  Data  Gb  cpu_core.o [1]
CPU_IntDisMeasOvrhd_cnts
                        0x10006548     0x4  Data  Gb  cpu_core.o [1]
CPU_IntDisMeasStart     0x00006695    0x28  Code  Gb  cpu_core.o [1]
CPU_IntDisMeasStart_cnts
                        0x10006540     0x4  Data  Gb  cpu_core.o [1]
CPU_IntDisMeasStop      0x000066bd    0x42  Code  Gb  cpu_core.o [1]
CPU_IntDisMeasStop_cnts
                        0x10006544     0x4  Data  Gb  cpu_core.o [1]
CPU_IntDisNestCtr       0x100065f6     0x2  Data  Gb  cpu_core.o [1]
CPU_IntEn               0x000065d5          Code  Gb  cpu_a.o [1]
CPU_IntSrcDis           0x0000a581   0x13c  Code  Gb  cpu_c.o [1]
CPU_IntSrcPendClr       0x0000a6bd    0x94  Code  Gb  cpu_c.o [1]
CPU_Name                0x100064f8    0x10  Data  Gb  cpu_core.o [1]
CPU_NameClr             0x00006617    0x24  Code  Gb  cpu_core.o [1]
CPU_NameInit            0x000066ff     0x8  Code  Lc  cpu_core.o [1]
CPU_RevBits             0x000065ff          Code  Gb  cpu_a.o [1]
CPU_SR_Restore          0x000065e1          Code  Gb  cpu_a.o [1]
CPU_SR_Save             0x000065d9          Code  Gb  cpu_a.o [1]
CPU_SW_Exception        0x00006615     0x2  Code  Gb  cpu_core.o [1]
CPU_TS_Get32            0x0000663b     0xc  Code  Gb  cpu_core.o [1]
CPU_TS_Init             0x00006707     0xe  Code  Lc  cpu_core.o [1]
CPU_TS_TmrFreqSet       0x00006647     0x8  Code  Gb  cpu_core.o [1]
CPU_TS_TmrFreq_Hz       0x1000653c     0x4  Data  Gb  cpu_core.o [1]
CPU_TS_TmrInit          0x0000845f    0x28  Code  Gb  bsp.o [1]
CPU_TS_TmrRd            0x00008487     0x8  Code  Gb  bsp.o [1]
CPU_WaitForExcept       0x000065eb          Code  Gb  cpu_a.o [1]
CPU_WaitForInt          0x000065e7          Code  Gb  cpu_a.o [1]
CSNC_GetData            0x00004409   0x1a6  Code  Gb  app_comm_protocol.o [1]
CSNC_SendData           0x000045af   0x1b4  Code  Gb  app_comm_protocol.o [1]
CSP_GPIO_BitClr         0x00009b53    0x2c  Code  Gb  csp_gpio.o [1]
CSP_GPIO_BitSet         0x00009b7f    0x2c  Code  Gb  csp_gpio.o [1]
CSP_GPIO_BitToggle      0x00009bab    0x54  Code  Gb  csp_gpio.o [1]
CSP_GPIO_Cfg            0x00009725   0x42e  Code  Gb  csp_gpio.o [1]
CSP_IntDisAll           0x00009c35    0x2c  Code  Gb  csp_int.o [1]
CSP_IntHandler          0x00009d69    0x2a  Code  Gb  csp_int.o [1]
CSP_IntInit             0x00009c61    0xb0  Code  Gb  csp_int.o [1]
CSP_IntUSB_Handler      0x00009d15    0x54  Code  Lc  csp_int.o [1]
CSP_IntVectClr          0x0000a765    0x12  Code  Gb  csp.o [1]
CSP_IntVectDeref        0x0000a785    0x4e  Code  Gb  csp.o [1]
CSP_IntVectSet          0x0000a777     0xe  Code  Gb  csp.o [1]
CSP_MainVectTbl         0x10004bec   0x230  Data  Lc  csp_int.o [1]
CSP_PM_CPU_ClkFreqGet   0x00009db9    0x80  Code  Gb  csp_pm.o [1]
CSP_USB_VectTbl         0x100062c0    0x50  Data  Lc  csp_int.o [1]
CSTACK$$Base            0x10006620           --   Gb  - Linker created -
CSTACK$$Limit           0x10006820           --   Gb  - Linker created -
CardBuf                 0x10003cf0   0x400  Data  Gb  DataCard.o [1]
CheckSlaveAckI2C        0x000042df    0x1a  Code  Gb  bsp_IIC.o [1]
ContinuousArrayRead_Card
                        0x0000a9f7   0x124  Code  Gb  Card.o [1]
Ctrl                    0x100048f0   0x2fc  Data  Gb  xmain.o [1]
DataCard                0x0000b06d   0x282  Code  Gb  DataCard.o [1]
DataComReadAsk          0x00005391    0x48  Code  Gb  app_comm_otr.o [1]
Delay_Nus               0x0000a519    0x16  Code  Gb  app_lib.o [1]
DisplaySet              0x0000b341    0xac  Code  Gb  Display.o [1]
FRAM_ReadProductInfo    0x00008e01    0x26  Code  Gb  bsp_FRAM.o [1]
FRAM_ReadRecNumMgr      0x00008ddb    0x26  Code  Gb  bsp_FRAM.o [1]
FRAM_ReadRunPara        0x00008e4d    0x26  Code  Gb  bsp_FRAM.o [1]
FRAM_SendEvent          0x00008c91     0xa  Code  Lc  bsp_FRAM.o [1]
FRAM_StoreRecNumMgr     0x00008db5    0x26  Code  Gb  bsp_FRAM.o [1]
FRAM_StoreRunPara       0x00008e27    0x26  Code  Gb  bsp_FRAM.o [1]
FRAM_WaitEvent          0x00008c85     0xc  Code  Lc  bsp_FRAM.o [1]
FeedDog                 0x000088e5     0x8  Code  Gb  bsp_wdt.o [1]
GPIO_ClearValue         0x0000924d    0x16  Code  Gb  lpc17xx_gpio.o [1]
GPIO_Fram_Init          0x000041db    0x24  Code  Gb  bsp_IIC.o [1]
GPIO_GetPointer         0x000091d5    0x38  Code  Lc  lpc17xx_gpio.o [1]
GPIO_PinselConfig       0x00005e01    0x48  Code  Gb  bsp_gpio.o [1]
GPIO_ReadIoVal          0x00005e49    0x5c  Code  Gb  bsp_gpio.o [1]
GPIO_ReadValue          0x00009263    0x1a  Code  Gb  lpc17xx_gpio.o [1]
GPIO_SetDir             0x0000920d    0x2a  Code  Gb  lpc17xx_gpio.o [1]
GPIO_SetOrClearValue    0x00005d91    0x70  Code  Gb  bsp_gpio.o [1]
GPIO_SetValue           0x00009237    0x16  Code  Gb  lpc17xx_gpio.o [1]
GetCardPageSize         0x0000a9ef     0x8  Code  Gb  Card.o [1]
GetCardStatus           0x00009ee3    0x82  Code  Gb  OperateCard.o [1]
GetCheckSumNR           0x000043df    0x2a  Code  Lc  app_comm_protocol.o [1]
GetCrc16Check           0x000084f9    0x34  Code  Gb  CrcCheck.o [1]
GetReadFlshRecCnt       0x0000b049    0x24  Code  Gb  DataCard.o [1]
GetRecNumAddr           0x000058dd    0x14  Code  Gb  app_comm_otr.o [1]
GetRecSlaveAddr         0x000043bd     0x8  Code  Gb  app_comm_protocol.o [1]
GetRecvFrameNbr         0x000043c5     0x8  Code  Gb  app_comm_protocol.o [1]
GetToEndLen             0x0000af63    0x14  Code  Gb  Card.o [1]
GetWritePageLen         0x0000b019    0x30  Code  Gb  DataCard.o [1]
Get_Byte                0x00003db1     0x8  Code  Gb  MX25L1602Drv.o [1]
I2C_delay               0x000041cd     0xe  Code  Gb  bsp_IIC.o [1]
InitCardIO              0x0000a7f7    0x3e  Code  Gb  Card.o [1]
InitCardInfo            0x0000a927    0xc8  Code  Gb  Card.o [1]
InitCardPageInfo        0x0000af77    0x48  Code  Gb  Card.o [1]
InitDS3231              0x000043a5    0x18  Code  Gb  DS3231.o [1]
InitFlashIO             0x00003c7d    0x3c  Code  Gb  MX25L1602Drv.o [1]
LoadInt                 0x00000659    0x6e  Code  Lc  xprintffull_nomb.o [3]
MBS_ErrRespSet          0x00001929    0x26  Code  Lc  MBS_CORE.o [1]
MBS_FC01_CoilRd         0x00001a7d   0x124  Code  Lc  MBS_CORE.o [1]
MBS_FC03_HoldingRegRd   0x00001ba1   0x11e  Code  Lc  MBS_CORE.o [1]
MBS_FC05_CoilWr         0x00001cbf    0xc8  Code  Lc  MBS_CORE.o [1]
MBS_FC06_HoldingRegWr   0x00001d87    0xc0  Code  Lc  MBS_CORE.o [1]
MBS_FC08_Loopback       0x00001e47   0x102  Code  Lc  MBS_CORE.o [1]
MBS_FC15_CoilWrMultiple
                        0x00001f49   0x138  Code  Lc  MBS_CORE.o [1]
MBS_FC16_HoldingRegWrMultiple
                        0x00002081   0x178  Code  Lc  MBS_CORE.o [1]
MBS_FC20_FileRd         0x000021f9   0x168  Code  Lc  MBS_CORE.o [1]
MBS_FC21_FileWr         0x00002361   0x16e  Code  Lc  MBS_CORE.o [1]
MBS_FCxx_Handler        0x0000194f   0x12e  Code  Gb  MBS_CORE.o [1]
MBS_RTU_Task            0x000024fb    0xce  Code  Lc  MBS_CORE.o [1]
MBS_RxTask              0x000024e5    0x16  Code  Gb  MBS_CORE.o [1]
MBS_StatInit            0x000024cf    0x16  Code  Gb  MBS_CORE.o [1]
MB_CfgCh                0x0000266b    0xee  Code  Gb  MB.o [1]
MB_ChCtr                0x10006614     0x1  Data  Gb  MB.o [1]
MB_ChPortMap            0x100064e4    0x14  Data  Lc  MB_BSP.o [1]
MB_ChTbl                0x10001750  0x11a0  Data  Gb  MB.o [1]
MB_ChToPortMap          0x00002797     0x8  Code  Gb  MB.o [1]
MB_CoilRd               0x000025c9     0x8  Code  Gb  MB_DATA.o [1]
MB_CoilWr               0x000025d1     0x2  Code  Gb  MB_DATA.o [1]
MB_CommPortCfg          0x00002fb1   0x18a  Code  Gb  MB_BSP.o [1]
MB_CommRxIntDis         0x0000313b    0x7c  Code  Gb  MB_BSP.o [1]
MB_CommRxIntEn          0x000031b7    0x7c  Code  Gb  MB_BSP.o [1]
MB_CommTx1              0x000032d1    0x14  Code  Gb  MB_BSP.o [1]
MB_CommTxIntDis         0x000032e5    0x28  Code  Gb  MB_BSP.o [1]
MB_CommTxIntEn          0x0000330d    0x28  Code  Gb  MB_BSP.o [1]
MB_FileRd               0x000025dd    0x10  Code  Gb  MB_DATA.o [1]
MB_FileWr               0x000025ed     0xc  Code  Gb  MB_DATA.o [1]
MB_HoldingRegRd         0x000025d3     0x8  Code  Gb  MB_DATA.o [1]
MB_HoldingRegWr         0x000025db     0x2  Code  Gb  MB_DATA.o [1]
MB_Init                 0x0000260d    0x5e  Code  Gb  MB.o [1]
MB_MasterTimeoutSet     0x00002759     0x8  Code  Gb  MB.o [1]
MB_ModeSet              0x00002761    0x26  Code  Gb  MB.o [1]
MB_NodeAddrSet          0x00002787     0x8  Code  Gb  MB.o [1]
MB_OS_Init              0x00002e3d     0xc  Code  Gb  MB_OS.o [1]
MB_OS_InitMaster        0x00002e49    0x36  Code  Lc  MB_OS.o [1]
MB_OS_InitSlave         0x00002e7f    0x48  Code  Lc  MB_OS.o [1]
MB_OS_RxQ               0x10006340    0x30  Data  Lc  MB_OS.o [1]
MB_OS_RxSemTbl          0x10005f00    0xa0  Data  Gb  MB.o [1]
MB_OS_RxSignal          0x00002ec7    0x2a  Code  Gb  MB_OS.o [1]
MB_OS_RxTask            0x00002ef1    0x24  Code  Lc  MB_OS.o [1]
MB_OS_RxTaskStk         0x100044f0   0x400  Data  Lc  MB_OS.o [1]
MB_OS_RxTaskTCB         0x10006040    0xa0  Data  Lc  MB_OS.o [1]
MB_OS_TxSemTbl          0x10005fa0    0xa0  Data  Gb  MB.o [1]
MB_RTU_Freq             0x100065f8     0x2  Data  Gb  MB.o [1]
MB_RTU_Rx               0x0000288b    0x78  Code  Gb  MB.o [1]
MB_RTU_RxByte           0x0000284d    0x3e  Code  Gb  MB.o [1]
MB_RTU_RxCalcCRC        0x00002d95    0x56  Code  Gb  MB_UTIL.o [1]
MB_RTU_TmrCtr           0x10006558     0x4  Data  Gb  MB.o [1]
MB_RTU_TmrISR_Handler   0x000033a5    0x20  Code  Gb  MB_BSP.o [1]
MB_RTU_TmrInit          0x00003335    0x68  Code  Gb  MB_BSP.o [1]
MB_RTU_TmrReset         0x00002963     0x6  Code  Gb  MB.o [1]
MB_RTU_TmrResetAll      0x00002969    0x26  Code  Gb  MB.o [1]
MB_RTU_TmrUpdate        0x0000298f    0x48  Code  Gb  MB.o [1]
MB_RTU_Tx               0x00002903    0x60  Code  Gb  MB.o [1]
MB_RTU_TxCalcCRC        0x00002deb    0x52  Code  Gb  MB_UTIL.o [1]
MB_RxByte               0x0000279f    0x1a  Code  Gb  MB.o [1]
MB_RxTask               0x000027b9    0x16  Code  Gb  MB.o [1]
MB_Tx                   0x000027cf    0x20  Code  Gb  MB.o [1]
MB_TxByte               0x000027ef    0x5e  Code  Gb  MB.o [1]
MB_WrEnSet              0x0000278f     0x8  Code  Gb  MB.o [1]
MTR_RxQ                 0x10006310    0x30  Data  Gb  app_task_comm.o [1]
MX25L1602_Erase         0x00003f3d   0x21a  Code  Gb  MX25L1602Drv.o [1]
MX25L1602_RD            0x00003db9    0x5c  Code  Gb  MX25L1602Drv.o [1]
MX25L1602_WR            0x00003e15   0x128  Code  Gb  MX25L1602Drv.o [1]
MasterAckI2C            0x0000429b    0x22  Code  Gb  bsp_IIC.o [1]
MasterNoAckI2C          0x000042bd    0x22  Code  Gb  bsp_IIC.o [1]
Mem_Clr                 0x00008743    0x12  Code  Gb  lib_mem.o [1]
Mem_Heap                0x100040f0   0x400  Data  Gb  lib_mem.o [1]
Mem_Init                0x00008705    0x3e  Code  Gb  lib_mem.o [1]
Mem_SegCreate           0x000087c9    0x48  Code  Gb  lib_mem.o [1]
Mem_SegCreateCritical   0x00008811    0x1e  Code  Lc  lib_mem.o [1]
Mem_SegHeadPtr          0x10006554     0x4  Data  Gb  lib_mem.o [1]
Mem_SegHeap             0x100064d0    0x14  Data  Gb  lib_mem.o [1]
Mem_Set                 0x00008755    0x74  Code  Gb  lib_mem.o [1]
NMBS_FCxx_Handler       0x00002ceb    0x88  Code  Gb  app_task_comm.o [1]
NMB_Tx                  0x000029ed    0x40  Code  Gb  MB.o [1]
NOP                     0x000084e1     0x2  Code  Gb  SoftSpi_17xx.o [1]
NVIC_EnableIRQ          0x00002f39    0x16  Code  Lc  MB_BSP.o [1]
NVIC_SetPriority        0x00002f4f    0x2a  Code  Lc  MB_BSP.o [1]
NVIC_SystemReset        0x00008841    0x1a  Code  Lc  bsp_wdt.o [1]
OSAL_TaskCreateHook     0x0000853f    0x1c  Code  Gb  xmain.o [1]
OSCfg_ISRStk            0x10004e1c   0x200  Data  Gb  os_cfg_app.o [1]
OSCfg_ISRStkBasePtr     0x0000bfa8     0x4  Data  Gb  os_cfg_app.o [1]
OSCfg_ISRStkSize        0x0000bfac     0x4  Data  Gb  os_cfg_app.o [1]
OSCfg_IdleTaskStk       0x100057bc   0x100  Data  Gb  os_cfg_app.o [1]
OSCfg_IdleTaskStkBasePtr
                        0x0000bf9c     0x4  Data  Gb  os_cfg_app.o [1]
OSCfg_IdleTaskStkLimit  0x0000bfa0     0x4  Data  Gb  os_cfg_app.o [1]
OSCfg_IdleTaskStkSize   0x0000bfa4     0x4  Data  Gb  os_cfg_app.o [1]
OSCfg_Init              0x0000969d     0x2  Code  Gb  os_cfg_app.o [1]
OSCfg_MsgPool           0x1000501c   0x200  Data  Gb  os_cfg_app.o [1]
OSCfg_MsgPoolBasePtr    0x0000bfb0     0x4  Data  Gb  os_cfg_app.o [1]
OSCfg_MsgPoolSize       0x00000e9a     0x2  Data  Gb  os_cfg_app.o [1]
OSCfg_StkSizeMin        0x0000bfb4     0x4  Data  Gb  os_cfg_app.o [1]
OSCfg_TickRate_Hz       0x0000bfb8     0x4  Data  Gb  os_cfg_app.o [1]
OSCfg_TickTaskPrio      0x0000bfd4     0x1  Data  Gb  os_cfg_app.o [1]
OSCfg_TickTaskStk       0x1000521c   0x190  Data  Gb  os_cfg_app.o [1]
OSCfg_TickTaskStkBasePtr
                        0x0000bfbc     0x4  Data  Gb  os_cfg_app.o [1]
OSCfg_TickTaskStkLimit  0x0000bfc0     0x4  Data  Gb  os_cfg_app.o [1]
OSCfg_TickTaskStkSize   0x0000bfc4     0x4  Data  Gb  os_cfg_app.o [1]
OSDbg_AppHooksEn        0x0000bfd7     0x1  Data  Gb  os_dbg.o [1]
OSDbg_ArgChkEn          0x0000bfd6     0x1  Data  Gb  os_dbg.o [1]
OSDbg_CalledFromISRChkEn
                        0x0000bfd8     0x1  Data  Gb  os_dbg.o [1]
OSDbg_DataSize          0x0000bfd0     0x4  Data  Gb  os_dbg.o [1]
OSDbg_DbgEn             0x0000bfd5     0x1  Data  Gb  os_dbg.o [1]
OSDbg_EndiannessTest    0x0000bfc8     0x4  Data  Gb  os_dbg.o [1]
OSDbg_FlagDelEn         0x0000bfda     0x1  Data  Gb  os_dbg.o [1]
OSDbg_FlagEn            0x0000bfd9     0x1  Data  Gb  os_dbg.o [1]
OSDbg_FlagGrp           0x0000bce4    0x28  Data  Gb  os_dbg.o [1]
OSDbg_FlagGrpSize       0x00000ed2     0x2  Data  Gb  os_dbg.o [1]
OSDbg_FlagModeClrEn     0x0000bfdb     0x1  Data  Gb  os_dbg.o [1]
OSDbg_FlagPendAbortEn   0x0000bfdc     0x1  Data  Gb  os_dbg.o [1]
OSDbg_FlagWidth         0x0000101a     0x2  Data  Gb  os_dbg.o [1]
OSDbg_Mem               0x0000bdac    0x20  Data  Gb  os_dbg.o [1]
OSDbg_MemEn             0x0000bfdd     0x1  Data  Gb  os_dbg.o [1]
OSDbg_MemSize           0x00001102     0x2  Data  Gb  os_dbg.o [1]
OSDbg_MsgEn             0x0000bfde     0x1  Data  Gb  os_dbg.o [1]
OSDbg_MsgPoolSize       0x000015ea     0x2  Data  Gb  os_dbg.o [1]
OSDbg_MsgQSize          0x00001852     0x2  Data  Gb  os_dbg.o [1]
OSDbg_MsgSize           0x00001132     0x2  Data  Gb  os_dbg.o [1]
OSDbg_Mutex             0x0000bc28    0x30  Data  Gb  os_dbg.o [1]
OSDbg_MutexDelEn        0x0000bfe0     0x1  Data  Gb  os_dbg.o [1]
OSDbg_MutexEn           0x0000bfdf     0x1  Data  Gb  os_dbg.o [1]
OSDbg_MutexPendAbortEn  0x0000bfe1     0x1  Data  Gb  os_dbg.o [1]
OSDbg_MutexSize         0x0000436a     0x2  Data  Gb  os_dbg.o [1]
OSDbg_ObjTypeChkEn      0x0000bfe2     0x1  Data  Gb  os_dbg.o [1]
OSDbg_PendListSize      0x00005d8e     0x2  Data  Gb  os_dbg.o [1]
OSDbg_PendObjSize       0x00008e72     0x2  Data  Gb  os_dbg.o [1]
OSDbg_PrioMax           0x0000947a     0x2  Data  Gb  os_dbg.o [1]
OSDbg_PrioTblSize       0x0000969e     0x2  Data  Gb  os_dbg.o [1]
OSDbg_PtrSize           0x0000a52e     0x2  Data  Gb  os_dbg.o [1]
OSDbg_Q                 0x0000bc58    0x30  Data  Gb  os_dbg.o [1]
OSDbg_QDelEn            0x0000bfe4     0x1  Data  Gb  os_dbg.o [1]
OSDbg_QEn               0x0000bfe3     0x1  Data  Gb  os_dbg.o [1]
OSDbg_QFlushEn          0x0000bfe5     0x1  Data  Gb  os_dbg.o [1]
OSDbg_QPendAbortEn      0x0000bfe6     0x1  Data  Gb  os_dbg.o [1]
OSDbg_QSize             0x0000a7d2     0x2  Data  Gb  os_dbg.o [1]
OSDbg_RdyList           0x0000b8fa     0x2  Data  Gb  os_dbg.o [1]
OSDbg_RdyListSize       0x0000bfcc     0x4  Data  Gb  os_dbg.o [1]
OSDbg_SchedRoundRobinEn
                        0x0000bfe7     0x1  Data  Gb  os_dbg.o [1]
OSDbg_Sem               0x0000bd0c    0x28  Data  Gb  os_dbg.o [1]
OSDbg_SemDelEn          0x0000bfe9     0x1  Data  Gb  os_dbg.o [1]
OSDbg_SemEn             0x0000bfe8     0x1  Data  Gb  os_dbg.o [1]
OSDbg_SemPendAbortEn    0x0000bfea     0x1  Data  Gb  os_dbg.o [1]
OSDbg_SemSetEn          0x0000bfeb     0x1  Data  Gb  os_dbg.o [1]
OSDbg_SemSize           0x0000b016     0x2  Data  Gb  os_dbg.o [1]
OSDbg_StatTaskEn        0x0000bfed     0x1  Data  Gb  os_dbg.o [1]
OSDbg_StatTaskStkChkEn  0x0000bfee     0x1  Data  Gb  os_dbg.o [1]
OSDbg_StkWidth          0x0000bfec     0x1  Data  Gb  os_dbg.o [1]
OSDbg_TCBSize           0x0000bda8     0x2  Data  Gb  os_dbg.o [1]
OSDbg_TaskChangePrioEn  0x0000bfef     0x1  Data  Gb  os_dbg.o [1]
OSDbg_TaskDelEn         0x0000bff0     0x1  Data  Gb  os_dbg.o [1]
OSDbg_TaskProfileEn     0x0000bff3     0x1  Data  Gb  os_dbg.o [1]
OSDbg_TaskQEn           0x0000bff1     0x1  Data  Gb  os_dbg.o [1]
OSDbg_TaskQPendAbortEn  0x0000bff2     0x1  Data  Gb  os_dbg.o [1]
OSDbg_TaskRegTblSize    0x0000b9a2     0x2  Data  Gb  os_dbg.o [1]
OSDbg_TaskSemPendAbortEn
                        0x0000bff4     0x1  Data  Gb  os_dbg.o [1]
OSDbg_TaskSuspendEn     0x0000bff5     0x1  Data  Gb  os_dbg.o [1]
OSDbg_TickListSize      0x0000bdee     0x2  Data  Gb  os_dbg.o [1]
OSDbg_TimeDlyHMSMEn     0x0000bff6     0x1  Data  Gb  os_dbg.o [1]
OSDbg_TimeDlyResumeEn   0x0000bff7     0x1  Data  Gb  os_dbg.o [1]
OSDbg_Tmr               0x0000bc88    0x30  Data  Gb  os_dbg.o [1]
OSDbg_TmrEn             0x0000bff8     0x1  Data  Gb  os_dbg.o [1]
OSDbg_VersionNbr        0x0000bdfa     0x2  Data  Gb  os_dbg.o [1]
OSFlagCreate            0x00004b15    0x74  Code  Gb  os_flag.o [1]
OSFlagDbgListPtr        0x10006594     0x4  Data  Gb  os_var.o [1]
OSFlagPend              0x00004b89   0x4a8  Code  Gb  os_flag.o [1]
OSFlagPendAbort         0x00005031    0xdc  Code  Gb  os_flag.o [1]
OSFlagPost              0x0000510d   0x1b8  Code  Gb  os_flag.o [1]
OSFlagQty               0x100065fc     0x2  Data  Gb  os_var.o [1]
OSIdleTaskCtr           0x10006590     0x4  Data  Gb  os_var.o [1]
OSIdleTaskHook          0x00006cc1    0x12  Code  Gb  os_cpu_c.o [1]
OSIdleTaskTCB           0x10006180    0xa0  Data  Gb  os_var.o [1]
OSInit                  0x00007185   0x138  Code  Gb  os_core.o [1]
OSInitHook              0x00006cd3    0x14  Code  Gb  os_cpu_c.o [1]
OSInitialized           0x1000661a     0x1  Data  Gb  os_var.o [1]
OSIntEnter              0x000072bd    0x24  Code  Gb  os_core.o [1]
OSIntExit               0x000072e1    0xb2  Code  Gb  os_core.o [1]
OSIntNestingCtr         0x10006618     0x1  Data  Gb  os_var.o [1]
OSMemDbgListPtr         0x10006598     0x4  Data  Gb  os_var.o [1]
OSMemQty                0x100065fe     0x2  Data  Gb  os_var.o [1]
OSMsgPool               0x10006508     0xc  Data  Gb  os_var.o [1]
OSMutexDbgListPtr       0x1000659c     0x4  Data  Gb  os_var.o [1]
OSMutexQty              0x10006600     0x2  Data  Gb  os_var.o [1]
OSPrioCur               0x1000661b     0x1  Data  Gb  os_var.o [1]
OSPrioHighRdy           0x1000661c     0x1  Data  Gb  os_var.o [1]
OSPrioTbl               0x10006570     0x4  Data  Gb  os_prio.o [1]
OSQCreate               0x000058f1    0x88  Code  Gb  os_q.o [1]
OSQDbgListPtr           0x100065a0     0x4  Data  Gb  os_var.o [1]
OSQPend                 0x00005979   0x1d2  Code  Gb  os_q.o [1]
OSQPost                 0x00005b4b   0x11e  Code  Gb  os_q.o [1]
OSQQty                  0x10006602     0x2  Data  Gb  os_var.o [1]
OSRdyList               0x1000553c   0x180  Data  Gb  os_var.o [1]
OSRegWdtFlag            0x000048b1    0x10  Code  Gb  app.o [1]
OSRunning               0x10006619     0x1  Data  Gb  os_var.o [1]
OSSched                 0x00007393    0x78  Code  Gb  os_core.o [1]
OSSchedLockNestingCtr   0x1000661d     0x1  Data  Gb  os_var.o [1]
OSSemCreate             0x00008e75    0x74  Code  Gb  os_sem.o [1]
OSSemDbgListPtr         0x100065a4     0x4  Data  Gb  os_var.o [1]
OSSemPend               0x00008ee9   0x1ac  Code  Gb  os_sem.o [1]
OSSemPost               0x00009095    0xfa  Code  Gb  os_sem.o [1]
OSSemQty                0x10006604     0x2  Data  Gb  os_var.o [1]
OSSetWdtFlag            0x000048c1    0x14  Code  Gb  app.o [1]
OSStart                 0x0000740b    0x92  Code  Gb  os_core.o [1]
OSStartHighRdy          0x000096a1          Code  Gb  os_cpu_a.o [1]
OSTCBCurPtr             0x100065b8     0x4  Data  Gb  os_var.o [1]
OSTCBHighRdyPtr         0x100065bc     0x4  Data  Gb  os_var.o [1]
OSTaskCreate            0x000033f9   0x1b8  Code  Gb  os_task.o [1]
OSTaskCreateHook        0x00006ce7    0x16  Code  Gb  os_cpu_c.o [1]
OSTaskCtxSwCtr          0x100065a8     0x4  Data  Gb  os_var.o [1]
OSTaskDbgListPtr        0x100065ac     0x4  Data  Gb  os_var.o [1]
OSTaskDel               0x000035b1   0x18c  Code  Gb  os_task.o [1]
OSTaskDelHook           0x00006cfd    0x16  Code  Gb  os_cpu_c.o [1]
OSTaskQty               0x10006606     0x2  Data  Gb  os_var.o [1]
OSTaskRegNextAvailID    0x1000661e     0x1  Data  Gb  os_var.o [1]
OSTaskReturnHook        0x00006d13    0x16  Code  Gb  os_cpu_c.o [1]
OSTaskSemPend           0x0000373d   0x16a  Code  Gb  os_task.o [1]
OSTaskSemPost           0x000038ad   0x11c  Code  Gb  os_task.o [1]
OSTaskStkInit           0x00006d29    0x82  Code  Gb  os_cpu_c.o [1]
OSTaskSwHook            0x00006dab    0x2c  Code  Gb  os_cpu_c.o [1]
OSTickCtr               0x100065b0     0x4  Data  Gb  os_var.o [1]
OSTickListDly           0x1000651c     0x8  Data  Gb  os_var.o [1]
OSTickListTimeout       0x10006524     0x8  Data  Gb  os_var.o [1]
OSTickTaskTCB           0x10006220    0xa0  Data  Gb  os_var.o [1]
OSTickTaskTimeMax       0x100065b4     0x4  Data  Gb  os_var.o [1]
OSTimeDlyHMSM           0x000048e9   0x1ce  Code  Gb  os_time.o [1]
OSTimeGet               0x00004ab7    0x28  Code  Gb  os_time.o [1]
OSTimeTick              0x00004adf    0x1a  Code  Gb  os_time.o [1]
OSTimeTickHook          0x00006dd7    0x12  Code  Gb  os_cpu_c.o [1]
OS_AppIdleTaskHookPtr   0x10006580     0x4  Data  Gb  os_var.o [1]
OS_AppStatTaskHookPtr   0x10006584     0x4  Data  Gb  os_var.o [1]
OS_AppTaskCreateHookPtr
                        0x10006574     0x4  Data  Gb  os_var.o [1]
OS_AppTaskDelHookPtr    0x10006578     0x4  Data  Gb  os_var.o [1]
OS_AppTaskReturnHookPtr
                        0x1000657c     0x4  Data  Gb  os_var.o [1]
OS_AppTaskSwHookPtr     0x10006588     0x4  Data  Gb  os_var.o [1]
OS_AppTimeTickHookPtr   0x1000658c     0x4  Data  Gb  os_var.o [1]
OS_CPU_ExceptStkBase    0x1000656c     0x4  Data  Gb  os_cpu_c.o [1]
OS_CPU_IntHandler       0x0000bd5d    0x26  Code  Gb  os_csp.o [1]
OS_CPU_PendSVHandler    0x000096bf          Code  Gb  os_cpu_a.o [1]
OS_CPU_SysTickHandler   0x00006de9    0x2c  Code  Gb  os_cpu_c.o [1]
OS_CPU_SysTickInit      0x00006e15    0x2e  Code  Gb  os_cpu_c.o [1]
OS_Dbg_Init             0x00009499   0x204  Code  Gb  os_dbg.o [1]
OS_FlagBlock            0x000052c5    0x2e  Code  Gb  os_flag.o [1]
OS_FlagDbgListAdd       0x000052f3    0x28  Code  Gb  os_flag.o [1]
OS_FlagTaskRdy          0x00005339    0x58  Code  Gb  os_flag.o [1]
OS_IdleTask             0x0000749d    0x2e  Code  Gb  os_core.o [1]
OS_IdleTaskInit         0x000074cb    0x52  Code  Gb  os_core.o [1]
OS_MemInit              0x0000947d    0x12  Code  Gb  os_mem.o [1]
OS_MsgPoolInit          0x00006e81    0x8e  Code  Gb  os_msg.o [1]
OS_MsgQFreeAll          0x00006f0f    0x4c  Code  Gb  os_msg.o [1]
OS_MsgQGet              0x00006f6f    0x76  Code  Gb  os_msg.o [1]
OS_MsgQInit             0x00006f5b    0x14  Code  Gb  os_msg.o [1]
OS_MsgQPut              0x00006fe5   0x10a  Code  Gb  os_msg.o [1]
OS_MutexGrpAdd          0x00007f21     0x8  Code  Gb  os_mutex.o [1]
OS_MutexGrpPostAll      0x00007f7d    0x68  Code  Gb  os_mutex.o [1]
OS_MutexGrpPrioFindHighest
                        0x00007f43    0x3a  Code  Gb  os_mutex.o [1]
OS_MutexGrpRemove       0x00007f29    0x1a  Code  Gb  os_mutex.o [1]
OS_Pend                 0x0000751d    0x62  Code  Gb  os_core.o [1]
OS_PendAbort            0x0000757f    0x86  Code  Gb  os_core.o [1]
OS_PendDbgNameAdd       0x00007605    0x48  Code  Gb  os_core.o [1]
OS_PendDbgNameRemove    0x0000764d    0x28  Code  Gb  os_core.o [1]
OS_PendListChangePrio   0x00007675    0x28  Code  Gb  os_core.o [1]
OS_PendListInit         0x0000769d     0xe  Code  Gb  os_core.o [1]
OS_PendListInsertPrio   0x000076ab    0x72  Code  Gb  os_core.o [1]
OS_PendListRemove       0x0000771d    0x66  Code  Gb  os_core.o [1]
OS_Post                 0x00007783    0xb8  Code  Gb  os_core.o [1]
OS_PrioGetHighest       0x00007113    0x1a  Code  Gb  os_prio.o [1]
OS_PrioInit             0x000070fd    0x16  Code  Gb  os_prio.o [1]
OS_PrioInsert           0x0000712d    0x2a  Code  Gb  os_prio.o [1]
OS_PrioRemove           0x00007157    0x2a  Code  Gb  os_prio.o [1]
OS_ProtocolInit         0x000043cd    0x12  Code  Gb  app_comm_protocol.o [1]
OS_QDbgListAdd          0x00005c69    0x28  Code  Gb  os_q.o [1]
OS_RdyListInit          0x0000783b    0x24  Code  Gb  os_core.o [1]
OS_RdyListInsert        0x0000785f    0x28  Code  Gb  os_core.o [1]
OS_RdyListInsertHead    0x00007887    0x42  Code  Gb  os_core.o [1]
OS_RdyListInsertTail    0x000078c9    0x40  Code  Gb  os_core.o [1]
OS_RdyListRemove        0x0000790d    0x62  Code  Gb  os_core.o [1]
OS_SemDbgListAdd        0x0000918f    0x28  Code  Gb  os_sem.o [1]
OS_TaskBlock            0x0000796f    0x2a  Code  Gb  os_core.o [1]
OS_TaskChangePrio       0x00003b6d    0xe2  Code  Gb  os_task.o [1]
OS_TaskCreateHook       0x00008533     0xc  Code  Gb  xmain.o [1]
OS_TaskDbgListAdd       0x000039dd    0x2c  Code  Gb  os_task.o [1]
OS_TaskDbgListRemove    0x00003a09    0x4e  Code  Gb  os_task.o [1]
OS_TaskInit             0x00003a57    0x18  Code  Gb  os_task.o [1]
OS_TaskInitTCB          0x00003a6f    0xe4  Code  Gb  os_task.o [1]
OS_TaskReturn           0x00003b53    0x14  Code  Gb  os_task.o [1]
OS_TickListInsert       0x00007b69    0x90  Code  Gb  os_tick.o [1]
OS_TickListInsertDly    0x00007bf9    0xb0  Code  Gb  os_tick.o [1]
OS_TickListRemove       0x00007ca9    0x74  Code  Gb  os_tick.o [1]
OS_TickListUpdateDly    0x00007d1d    0xa6  Code  Lc  os_tick.o [1]
OS_TickListUpdateTimeout
                        0x00007dc3   0x128  Code  Lc  os_tick.o [1]
OS_TickTask             0x00007a3d    0x6a  Code  Gb  os_tick.o [1]
OS_TickTaskInit         0x00007aa7    0xc2  Code  Gb  os_tick.o [1]
Osal_EvtSem             0x10006488    0x28  Data  Gb  osal_event.o [1]
PINSEL_ConfigPin        0x00009361    0x24  Code  Gb  lpc17xx_pinsel.o [1]
ReadByteWithI2C         0x00004339    0x32  Code  Gb  bsp_IIC.o [1]
ReadCard                0x0000ac81   0x10e  Code  Gb  Card.o [1]
ReadCardFlg             0x00009e89    0x5a  Code  Gb  OperateCard.o [1]
ReadCardPara            0x0000afed    0x2a  Code  Gb  ParaCard.o [1]
ReadFM24CL64            0x00008d25    0x90  Code  Gb  bsp_FRAM.o [1]
ReadFlsh                0x00004189    0x22  Code  Gb  MX25L1602Drv.o [1]
ReadFlshRec             0x0000b2ef    0x2e  Code  Gb  DataCard.o [1]
ReadIC_SWT              0x0000a8e7    0x14  Code  Gb  Card.o [1]
ReadMISOF               0x00003cfd    0x14  Code  Gb  MX25L1602Drv.o [1]
ReadSDA                 0x00004243    0x14  Code  Gb  bsp_IIC.o [1]
RecByte_SPIF            0x00003d95     0xe  Code  Gb  MX25L1602Drv.o [1]
RecByte_SPI_IC          0x0000a88d     0xe  Code  Gb  Card.o [1]
Region$$Table$$Base     0x0000bd84           --   Gb  - Linker created -
Region$$Table$$Limit    0x0000bda8           --   Gb  - Linker created -
RevByte_SPI             0x0000a8ab     0xe  Code  Gb  Card.o [1]
SSP0_Init               0x0000a7d5    0x22  Code  Gb  Card.o [1]
SSP_Cmd                 0x0000b50d    0x50  Code  Gb  lpc17xx_ssp.o [1]
SSP_ConfigStructInit    0x0000b4f1    0x1c  Code  Gb  lpc17xx_ssp.o [1]
SSP_Init                0x0000b47f    0x72  Code  Gb  lpc17xx_ssp.o [1]
SendByte_SPIF           0x00003d87     0xe  Code  Gb  MX25L1602Drv.o [1]
SendByte_SPI_IC         0x0000a87f     0xe  Code  Gb  Card.o [1]
SendOrRecByte_SPIF      0x00003d33    0x54  Code  Gb  MX25L1602Drv.o [1]
SendOrRecByte_SPI_IC    0x0000a835    0x4a  Code  Gb  Card.o [1]
Send_Byte               0x00003da3     0xe  Code  Gb  MX25L1602Drv.o [1]
SentByte_SPI            0x0000a89b    0x10  Code  Gb  Card.o [1]
SndBuf                  0x100058bc    0xfc  Data  Lc  app_comm_protocol.o [1]
SndBufTmp               0x100059b8    0xfc  Data  Lc  app_comm_protocol.o [1]
StartI2C                0x00004257    0x22  Code  Gb  bsp_IIC.o [1]
StatusRegisterRead_Card
                        0x0000a8fb    0x2c  Code  Gb  Card.o [1]
StopI2C                 0x00004279    0x22  Code  Gb  bsp_IIC.o [1]
SystemCoreClock         0x10000004     0x4  Data  Gb  system_LPC17xx.o [1]
TIMER0_IRQHandler       0x0000b9a5    0x8c  Code  Gb  speed1.o [1]
TIMER1_IRQHandler       0x0000ba49    0x82  Code  Gb  speed2.o [1]
TIMER2_IRQHandler       0x0000b799    0x92  Code  Gb  mstcsspeed.o [1]
TIMER3_IRQHandler       0x0000339d     0x8  Code  Gb  MB_BSP.o [1]
TIM_ClearIntCapturePending
                        0x00006959    0x66  Code  Gb  lpc17xx_timer.o [1]
TIM_ClearIntPending     0x000068f5    0x64  Code  Gb  lpc17xx_timer.o [1]
TIM_Cmd                 0x00006af3    0x42  Code  Gb  lpc17xx_timer.o [1]
TIM_ConfigMatch         0x00006b6d    0xf2  Code  Gb  lpc17xx_timer.o [1]
TIM_GetCaptureValue     0x00006c5f    0x4c  Code  Gb  lpc17xx_timer.o [1]
TIM_GetIntCaptureStatus
                        0x0000687f    0x76  Code  Gb  lpc17xx_timer.o [1]
TIM_Init                0x000069bf   0x134  Code  Gb  lpc17xx_timer.o [1]
TIM_ResetCounter        0x00006b35    0x38  Code  Gb  lpc17xx_timer.o [1]
Task                    0x10005ab4    0xf0  Data  Gb  osal_event.o [1]
TaskActive              0x100065c4     0x4  Data  Gb  osal_event.o [1]
TaskHead                0x100065c0     0x4  Data  Gb  osal_event.o [1]
TaskInitLed             0x0000b98d    0x16  Code  Gb  app_task_osal_led.o [1]
TaskInitTmr             0x0000b8f9     0x2  Code  Gb  app_task_osal_tmr.o [1]
TaskLedEvtProcess       0x0000b8fd    0x82  Code  Gb  app_task_osal_led.o [1]
TaskTmrEvtProcess       0x0000b84d    0x9a  Code  Gb  app_task_osal_tmr.o [1]
Task_id                 0x100065c8     0x4  Data  Gb  osal_event.o [1]
UART0_IRQHandler        0x000032a1     0xc  Code  Gb  MB_BSP.o [1]
UART1_IRQHandler        0x000032ad     0xc  Code  Gb  MB_BSP.o [1]
UART2_IRQHandler        0x000032b9     0xc  Code  Gb  MB_BSP.o [1]
UART3_IRQHandler        0x000032c5     0xc  Code  Gb  MB_BSP.o [1]
UART_FIFOConfig         0x0000643b    0xf4  Code  Gb  lpc17xx_uart.o [1]
UART_Init               0x000060b9   0x202  Code  Gb  lpc17xx_uart.o [1]
UART_IntConfig          0x000062fd   0x13e  Code  Gb  lpc17xx_uart.o [1]
UART_SendByte           0x000062bb    0x42  Code  Gb  lpc17xx_uart.o [1]
UART_TxCmd              0x0000652f    0x8a  Code  Gb  lpc17xx_uart.o [1]
USARTx_RxTxISRHandler   0x00003233    0x6e  Code  Gb  MB_BSP.o [1]
WDT_Feed                0x0000a4eb    0x12  Code  Gb  lpc17xx_wdt.o [1]
WDT_Init                0x0000a451    0x6c  Code  Gb  lpc17xx_wdt.o [1]
WDT_SetTimeOut          0x0000a34d   0x104  Code  Lc  lpc17xx_wdt.o [1]
WDT_Start               0x0000a4bd    0x2e  Code  Gb  lpc17xx_wdt.o [1]
WriteByteWithI2C        0x000042f9    0x40  Code  Gb  bsp_IIC.o [1]
WriteCS_IC              0x0000a8b9    0x2e  Code  Gb  Card.o [1]
WriteCard               0x0000ae61   0x102  Code  Gb  Card.o [1]
WriteCardPage           0x0000ad8f    0xd2  Code  Gb  Card.o [1]
WriteDS3231Byte         0x0000436d    0x38  Code  Gb  DS3231.o [1]
WriteEN_485             0x00002f79    0x38  Code  Gb  MB_BSP.o [1]
WriteFM24CL64           0x00008cb1    0x74  Code  Gb  bsp_FRAM.o [1]
WriteFlsh               0x000041ab    0x22  Code  Gb  MX25L1602Drv.o [1]
WriteMOSIF              0x00003cdb    0x22  Code  Gb  MX25L1602Drv.o [1]
WriteSCKF               0x00003cb9    0x22  Code  Gb  MX25L1602Drv.o [1]
WriteSCL                0x000041ff    0x22  Code  Gb  bsp_IIC.o [1]
WriteSDA                0x00004221    0x22  Code  Gb  bsp_IIC.o [1]
WriteSoftSpiCSF         0x00003d11    0x22  Code  Gb  MX25L1602Drv.o [1]
_GenldFullNoMb          0x00000bcf   0x262  Code  Lc  xprintffull_nomb.o [3]
_LdtobFullNoMb          0x000007cd   0x3fc  Code  Lc  xprintffull_nomb.o [3]
_LitobFullNoMb          0x000006c7   0x106  Code  Lc  xprintffull_nomb.o [3]
_PrintfFullNoMb         0x000000cd   0x586  Code  Gb  xprintffull_nomb.o [3]
_PutcharsFullNoMb       0x00000e31    0x2e  Code  Lc  xprintffull_nomb.o [3]
_SProut                 0x00000e7b     0xa  Code  Gb  xsprout.o [3]
__aeabi_cdcmple         0x000010d5          Code  Gb  DblCmpLe.o [4]
__aeabi_cdrcmple        0x00001105          Code  Gb  DblCmpGe.o [4]
__aeabi_d2iz            0x00001241          Code  Gb  DblToI32.o [4]
__aeabi_d2uiz           0x0000126d          Code  Gb  DblToI32.o [4]
__aeabi_ddiv            0x000015ed          Code  Gb  DblDiv.o [4]
__aeabi_dmul            0x00001449          Code  Gb  DblMul.o [4]
__aeabi_dsub            0x000012c9          Code  Gb  DblSub.o [4]
__aeabi_i2d             0x00001299          Code  Gb  I32ToDbl.o [4]
__aeabi_ldiv0           0x00001851          Code  Gb  I64DivZer.o [5]
__aeabi_ui2d            0x000012ad          Code  Gb  I32ToDbl.o [4]
__aeabi_uldivmod        0x00000f2d          Code  Gb  I64DivMod.o [5]
__cmain                 0x0000bdcd          Code  Gb  cmain.o [5]
__exit                  0x0000bdfd    0x14  Code  Gb  exit.o [6]
__iar_Dnorm             0x00001093    0x42  Code  Gb  xdnorm.o [4]
__iar_Dscale            0x00001135   0x10c  Code  Gb  xdscale.o [4]
__iar_Memchr            0x00000ed5          Code  Gb  memchr.o [5]
__iar_Strchr            0x00000e85          Code  Gb  strchr.o [5]
__iar_copy_init3        0x0000bcb9    0x2c  Code  Gb  copy_init3.o [5]
__iar_d2uiz             0x00001279          Code  Gb  DblToI32.o [4]
__iar_dadd              0x00001855          Code  Gb  DblAdd.o [4]
__iar_data_init3        0x0000bd35    0x28  Code  Gb  data_init.o [5]
__iar_dsub              0x000012dd          Code  Gb  DblSub.o [4]
__iar_dsubStart         0x000012ef          Code  Gb  DblSub.o [4]
__iar_program_start     0x0000bf69          Code  Gb  cstartup_M.o [5]
__iar_ui2d              0x000012b1          Code  Gb  I32ToDbl.o [4]
__iar_unaligned___aeabi_memcpy
                        0x0000101d          Code  Gb  ABImemcpy_unaligned.o [5]
__iar_unaligned___aeabi_memcpy4
                        0x0000103d          Code  Gb  ABImemcpy_unaligned.o [5]
__iar_unaligned___aeabi_memcpy8
                        0x0000103d          Code  Gb  ABImemcpy_unaligned.o [5]
__iar_zero_init3        0x0000bbe9    0x40  Code  Gb  zero_init3.o [5]
__low_level_init        0x0000bde7     0x4  Code  Gb  low_level_init.o [3]
__vector_table          0x00000000    0xcc  Data  Gb  cstartup.o [1]
_call_main              0x0000bdd9          Code  Gb  cmain.o [5]
_exit                   0x0000bdf1          Code  Gb  cexit.o [5]
_main                   0x0000bde3          Code  Gb  cmain.o [5]
app_init_sctrl          0x0000855b    0xee  Code  Gb  xmain.o [1]
check_failed            0x00009479     0x2  Code  Gb  lpc17xx_libcfg_default.o [1]
comm_para_flow          0x00005627   0x288  Code  Gb  app_comm_otr.o [1]
comm_rec_read           0x000053d9   0x24e  Code  Gb  app_comm_otr.o [1]
converPtrToTimeNum      0x00006843    0x3c  Code  Lc  lpc17xx_timer.o [1]
converUSecToVal         0x0000680b    0x38  Code  Lc  lpc17xx_timer.o [1]
div                     0x00001843     0xe  Code  Gb  div.o [3]
exit                    0x0000bdeb     0x4  Code  Gb  exit.o [3]
getPClock               0x000067cd    0x3e  Code  Lc  lpc17xx_timer.o [1]
l_CardBufNum            0x10006613     0x1  Data  Lc  Card.o [1]
l_CardErrorFlg          0x10000008     0x1  Data  Gb  Card.o [1]
l_CardPageNum           0x10006538     0x4  Data  Gb  Card.o [1]
l_CardPageSize          0x10006530     0x4  Data  Gb  Card.o [1]
l_CardStartAddr         0x10006534     0x4  Data  Gb  Card.o [1]
l_CardType              0x100065fa     0x2  Data  Gb  OperateCard.o [1]
l_CardTypeFlg           0x10006612     0x1  Data  Gb  Card.o [1]
l_FlgZoneErrEvent       0x10006615     0x1  Data  Gb  OperateCard.o [1]
l_RecvFrameNbr          0x1000660c     0x1  Data  Lc  app_comm_protocol.o [1]
l_recslaveaddr          0x1000660b     0x1  Data  Lc  app_comm_protocol.o [1]
mPluseSumCnt0           0x100065d4     0x4  Data  Gb  speed1.o [1]
mPluseSumCnt1           0x100065e4     0x4  Data  Gb  speed2.o [1]
mPluseSumCntcs          0x1000655c     0x4  Data  Gb  mstcsspeed.o [1]
m_AddPluse0             0x100065dc     0x4  Data  Gb  speed1.o [1]
m_AddPluse1             0x100065ec     0x4  Data  Gb  speed2.o [1]
m_AddPlusecs            0x10006564     0x4  Data  Gb  mstcsspeed.o [1]
m_Pluse0ChgFlg          0x100065e0     0x4  Data  Gb  speed1.o [1]
m_Pluse1ChgFlg          0x100065f0     0x4  Data  Gb  speed2.o [1]
m_PlusecsChgFlg         0x10006568     0x4  Data  Gb  mstcsspeed.o [1]
m_Time0Sum              0x100065d8     0x4  Data  Gb  speed1.o [1]
m_Time1Sum              0x100065e8     0x4  Data  Gb  speed2.o [1]
m_TimecsSum             0x10006560     0x4  Data  Gb  mstcsspeed.o [1]
m_sModelCard            0x1000000c  0x1744  Data  Gb  app_comm_otr.o [1]
m_sSpeedcsPluse         0x10006514     0x8  Data  Gb  mstcsspeed.o [1]
main                    0x00004785    0x48  Code  Gb  app.o [1]
memchr                  0x00000ed5          Code  Gb  memchr.o [5]
modelsendnum            0x1000652c     0x4  Data  Lc  app_comm_otr.o [1]
nop                     0x000084e3    0x16  Code  Gb  SoftSpi_17xx.o [1]
osalAddTimer            0x00008ad9    0x94  Code  Gb  osal_timer.o [1]
osalFindTask            0x0000a31d    0x1e  Code  Gb  osal_event.o [1]
osalFindTimer           0x00008b6d    0x1e  Code  Gb  osal_timer.o [1]
osalNextActiveTask      0x0000a301    0x1c  Code  Gb  osal_event.o [1]
osalTimer               0x100053ac   0x190  Data  Gb  osal_timer.o [1]
osalTimerInit           0x00008a69    0x70  Code  Gb  osal_timer.o [1]
osalTimerUpdate         0x00008bf1    0x82  Code  Gb  osal_timer.o [1]
osal_Task_init          0x0000a23f    0x38  Code  Gb  osal_event.o [1]
osal_add_Task           0x0000a277    0x8a  Code  Gb  osal_event.o [1]
osal_init_TaskHead      0x0000a1c9    0x76  Code  Gb  osal_event.o [1]
osal_init_system        0x0000a56d     0xe  Code  Gb  osal.o [1]
osal_set_event          0x0000a531    0x3c  Code  Gb  osal.o [1]
osal_start_timerEx      0x00008b9f    0x52  Code  Gb  osal_timer.o [1]
osal_system_clock       0x100065d0     0x4  Data  Gb  osal_timer.o [1]
osal_timer_activate     0x00008b8b    0x12  Code  Gb  osal_timer.o [1]
osal_timer_hw_setup     0x00008b9d     0x2  Code  Gb  osal_timer.o [1]
sCardIndex              0x100064b0    0x20  Data  Gb  DataCard.o [1]
sCardPara               0x10005c6c    0xb4  Data  Gb  OperateCard.o [1]
sDisplay                0x10005ba4    0xc8  Data  Gb  Display.o [1]
sd_crc16_table          0x0000b598   0x200  Data  Gb  CrcCheck.o [1]
setSSPclock             0x0000b3f1    0x8e  Code  Lc  lpc17xx_ssp.o [1]
set_OpenDrainMode       0x00009321    0x34  Code  Lc  lpc17xx_pinsel.o [1]
set_PinFunc             0x00009291    0x48  Code  Lc  lpc17xx_pinsel.o [1]
set_ResistorMode        0x000092d9    0x48  Code  Lc  lpc17xx_pinsel.o [1]
strchr                  0x00000e85          Code  Gb  strchr.o [5]
strlen                  0x00000e9d          Code  Gb  strlen.o [5]
time0_over_Sem          0x100063c0    0x28  Data  Gb  bsp_lpc_timer.o [1]
time1_over_Sem          0x100063e8    0x28  Data  Gb  bsp_lpc_timer.o [1]
time2_over_Sem          0x10006410    0x28  Data  Gb  bsp_lpc_timer.o [1]
timerActive             0x1000661f     0x1  Data  Gb  osal_timer.o [1]
timerHead               0x100065cc     0x4  Data  Gb  osal_timer.o [1]
uart_set_divisors       0x00005eb1   0x208  Code  Lc  lpc17xx_uart.o [1]
vsprintf                0x0000b56d    0x2c  Code  Gb  vsprintf.o [3]


[1] = F:\iar\NC136B-320 IC¿¨Ä£¿é\Output\FLASH\Obj
[2] = command line
[3] = dl7M_tln.a
[4] = m7M_tl.a
[5] = rt7M_tl.a
[6] = shb_l.a

  47 372 bytes of readonly  code memory
   1 788 bytes of readonly  data memory
  26 653 bytes of readwrite data memory

Errors: none
Warnings: none
