Archive member included because of file (symbol)

c:/program files (x86)/atollic/truestudio for arm pro 3.2.0/armtools/bin/../lib/gcc/arm-atollic-eabi/4.6.2/thumb/armv7-m\libgcc.a(_aeabi_uldivmod.o)
                              BSP\bsp.o (__aeabi_uldivmod)
c:/program files (x86)/atollic/truestudio for arm pro 3.2.0/armtools/bin/../lib/gcc/arm-atollic-eabi/4.6.2/thumb/armv7-m\libgcc.a(bpabi.o)
                              c:/program files (x86)/atollic/truestudio for arm pro 3.2.0/armtools/bin/../lib/gcc/arm-atollic-eabi/4.6.2/thumb/armv7-m\libgcc.a(_aeabi_uldivmod.o) (__gnu_uldivmod_helper)
c:/program files (x86)/atollic/truestudio for arm pro 3.2.0/armtools/bin/../lib/gcc/arm-atollic-eabi/4.6.2/thumb/armv7-m\libgcc.a(unwind-arm.o)
                              c:/program files (x86)/atollic/truestudio for arm pro 3.2.0/armtools/bin/../lib/gcc/arm-atollic-eabi/4.6.2/thumb/armv7-m\libgcc.a(bpabi.o) (__aeabi_unwind_cpp_pr0)
c:/program files (x86)/atollic/truestudio for arm pro 3.2.0/armtools/bin/../lib/gcc/arm-atollic-eabi/4.6.2/thumb/armv7-m\libgcc.a(libunwind.o)
                              c:/program files (x86)/atollic/truestudio for arm pro 3.2.0/armtools/bin/../lib/gcc/arm-atollic-eabi/4.6.2/thumb/armv7-m\libgcc.a(unwind-arm.o) (restore_core_regs)
c:/program files (x86)/atollic/truestudio for arm pro 3.2.0/armtools/bin/../lib/gcc/arm-atollic-eabi/4.6.2/thumb/armv7-m\libgcc.a(pr-support.o)
                              c:/program files (x86)/atollic/truestudio for arm pro 3.2.0/armtools/bin/../lib/gcc/arm-atollic-eabi/4.6.2/thumb/armv7-m\libgcc.a(unwind-arm.o) (__gnu_unwind_execute)
c:/program files (x86)/atollic/truestudio for arm pro 3.2.0/armtools/bin/../lib/gcc/arm-atollic-eabi/4.6.2/thumb/armv7-m\libgcc.a(_dvmd_tls.o)
                              c:/program files (x86)/atollic/truestudio for arm pro 3.2.0/armtools/bin/../lib/gcc/arm-atollic-eabi/4.6.2/thumb/armv7-m\libgcc.a(_aeabi_uldivmod.o) (__aeabi_ldiv0)
c:/program files (x86)/atollic/truestudio for arm pro 3.2.0/armtools/bin/../lib/gcc/arm-atollic-eabi/4.6.2/thumb/armv7-m\libgcc.a(_divdi3.o)
                              c:/program files (x86)/atollic/truestudio for arm pro 3.2.0/armtools/bin/../lib/gcc/arm-atollic-eabi/4.6.2/thumb/armv7-m\libgcc.a(bpabi.o) (__divdi3)
c:/program files (x86)/atollic/truestudio for arm pro 3.2.0/armtools/bin/../lib/gcc/arm-atollic-eabi/4.6.2/thumb/armv7-m\libgcc.a(_udivdi3.o)
                              c:/program files (x86)/atollic/truestudio for arm pro 3.2.0/armtools/bin/../lib/gcc/arm-atollic-eabi/4.6.2/thumb/armv7-m\libgcc.a(bpabi.o) (__udivdi3)
c:/program files (x86)/atollic/truestudio for arm pro 3.2.0/armtools/bin/../lib/gcc/arm-atollic-eabi/4.6.2/../../../../arm-atollic-eabi/lib/thumb/armv7-m\libc.a(lib_a-abort.o)
                              c:/program files (x86)/atollic/truestudio for arm pro 3.2.0/armtools/bin/../lib/gcc/arm-atollic-eabi/4.6.2/thumb/armv7-m\libgcc.a(unwind-arm.o) (abort)
c:/program files (x86)/atollic/truestudio for arm pro 3.2.0/armtools/bin/../lib/gcc/arm-atollic-eabi/4.6.2/../../../../arm-atollic-eabi/lib/thumb/armv7-m\libc.a(lib_a-init.o)
                              BSP\cstartup.o (__libc_init_array)
c:/program files (x86)/atollic/truestudio for arm pro 3.2.0/armtools/bin/../lib/gcc/arm-atollic-eabi/4.6.2/../../../../arm-atollic-eabi/lib/thumb/armv7-m\libc.a(lib_a-memcpy.o)
                              c:/program files (x86)/atollic/truestudio for arm pro 3.2.0/armtools/bin/../lib/gcc/arm-atollic-eabi/4.6.2/thumb/armv7-m\libgcc.a(unwind-arm.o) (memcpy)
c:/program files (x86)/atollic/truestudio for arm pro 3.2.0/armtools/bin/../lib/gcc/arm-atollic-eabi/4.6.2/../../../../arm-atollic-eabi/lib/thumb/armv7-m\libc.a(lib_a-signal.o)
                              c:/program files (x86)/atollic/truestudio for arm pro 3.2.0/armtools/bin/../lib/gcc/arm-atollic-eabi/4.6.2/../../../../arm-atollic-eabi/lib/thumb/armv7-m\libc.a(lib_a-abort.o) (raise)
c:/program files (x86)/atollic/truestudio for arm pro 3.2.0/armtools/bin/../lib/gcc/arm-atollic-eabi/4.6.2/../../../../arm-atollic-eabi/lib/thumb/armv7-m\libc.a(lib_a-signalr.o)
                              c:/program files (x86)/atollic/truestudio for arm pro 3.2.0/armtools/bin/../lib/gcc/arm-atollic-eabi/4.6.2/../../../../arm-atollic-eabi/lib/thumb/armv7-m\libc.a(lib_a-signal.o) (_kill_r)
c:/program files (x86)/atollic/truestudio for arm pro 3.2.0/armtools/bin/../lib/gcc/arm-atollic-eabi/4.6.2/../../../../arm-atollic-eabi/lib/thumb/armv7-m\libc.a(lib_a-syscalls.o)
                              c:/program files (x86)/atollic/truestudio for arm pro 3.2.0/armtools/bin/../lib/gcc/arm-atollic-eabi/4.6.2/../../../../arm-atollic-eabi/lib/thumb/armv7-m\libc.a(lib_a-signalr.o) (_getpid)
c:/program files (x86)/atollic/truestudio for arm pro 3.2.0/armtools/bin/../lib/gcc/arm-atollic-eabi/4.6.2/../../../../arm-atollic-eabi/lib/thumb/armv7-m\libc.a(lib_a-impure.o)
[...]
Memory Configuration

Name             Origin             Length             Attributes
FLASH            0x00000000         0x00080000         xr
RAM              0x10000000         0x00008000         xrw
RAM1             0x2007c000         0x00004000         xrw
RAM2             0x20080000         0x00004000         xrw
MEMORY_B1        0x80000000         0x00000000         xr
*default*        0x00000000         0xffffffff

Linker script and memory map

LOAD c:/program files (x86)/atollic/truestudio for arm pro 3.2.0/armtools/bin/../lib/gcc/arm-atollic-eabi/4.6.2/thumb/armv7-m/crti.o
LOAD c:/program files (x86)/atollic/truestudio for arm pro 3.2.0/armtools/bin/../lib/gcc/arm-atollic-eabi/4.6.2/thumb/armv7-m/crtbegin.o
LOAD uCOS-III\Source\os_var.o
LOAD uCOS-III\Source\os_tmr.o
LOAD uCOS-III\Source\os_time.o
LOAD uCOS-III\Source\os_tick.o
LOAD uCOS-III\Source\os_task.o
LOAD uCOS-III\Source\os_stat.o
LOAD uCOS-III\Source\os_sem.o
LOAD uCOS-III\Source\os_q.o
LOAD uCOS-III\Source\os_prio.o
LOAD uCOS-III\Source\os_pend_multi.o
LOAD uCOS-III\Source\os_mutex.o
LOAD uCOS-III\Source\os_msg.o
LOAD uCOS-III\Source\os_mem.o
LOAD uCOS-III\Source\os_int.o
LOAD uCOS-III\Source\os_flag.o
LOAD uCOS-III\Source\os_dbg.o
LOAD uCOS-III\Source\os_core.o
LOAD uCOS-III\Source\os_cfg_app.o
LOAD uCOS-III\Ports\ARM-Cortex-M3\Generic\GNU\os_cpu_c.o
LOAD uCOS-III\Ports\ARM-Cortex-M3\Generic\GNU\os_cpu_a.o
LOAD uCOS-III\Ports\ARM-Cortex-M3\CSP\Generic\os_csp.o
LOAD uC-LIB\lib_str.o
LOAD uC-LIB\lib_mem.o
LOAD uC-LIB\lib_math.o
LOAD uC-LIB\lib_ascii.o
LOAD uC-CSP\MCU\csp.o
LOAD uC-CSP\MCU\NXP\LPC17xx\csp_tmr.o
LOAD uC-CSP\MCU\NXP\LPC17xx\csp_pm.o
LOAD uC-CSP\MCU\NXP\LPC17xx\csp_int.o
LOAD uC-CSP\MCU\NXP\LPC17xx\csp_gpio.o
LOAD uC-CPU\cpu_core.o
LOAD uC-CPU\ARM-Cortex-M3\GNU\cpu_c.o
LOAD uC-CPU\ARM-Cortex-M3\GNU\cpu_a.o
LOAD BSP\cstartup.o
LOAD BSP\bsp.o
LOAD BSP\OS\bsp_os.o
LOAD APP\os_app_hooks.o
LOAD APP\app_hooks.o
LOAD APP\app.o
                0x00001000                malloc_getpagesize_P = 0x1000
START GROUP
LOAD c:/program files (x86)/atollic/truestudio for arm pro 3.2.0/armtools/bin/../lib/gcc/arm-atollic-eabi/4.6.2/thumb/armv7-m\libgcc.a
LOAD c:/program files (x86)/atollic/truestudio for arm pro 3.2.0/armtools/bin/../lib/gcc/arm-atollic-eabi/4.6.2/../../../../arm-atollic-eabi/lib/thumb/armv7-m\libc.a
END GROUP
LOAD c:/program files (x86)/atollic/truestudio for arm pro 3.2.0/armtools/bin/../lib/gcc/arm-atollic-eabi/4.6.2/thumb/armv7-m/crtend.o
LOAD c:/program files (x86)/atollic/truestudio for arm pro 3.2.0/armtools/bin/../lib/gcc/arm-atollic-eabi/4.6.2/thumb/armv7-m/crtn.o
                0x10008000                _estack = 0x10008000
                0x00000000                _Min_Heap_Size = 0x0
                0x00000100                _Min_Stack_Size = 0x100

.isr_vector     0x00000000       0xcc
                0x00000000                . = ALIGN (0x4)
                0x00000000                _isr_vector = .
 *(.isr_vector)
 .isr_vector    0x00000000       0xcc BSP\cstartup.o
                0x00000000                g_pfnVectors
                0x000000cc                . = ALIGN (0x4)

.text           0x000000cc     0x7c30
                0x000000cc                . = ALIGN (0x4)
 *(.text)
 .text          0x000000cc       0x54 c:/program files (x86)/atollic/truestudio for arm pro 3.2.0/armtools/bin/../lib/gcc/arm-atollic-eabi/4.6.2/thumb/armv7-m/crtbegin.o
 .text          0x00000120       0x88 uCOS-III\Ports\ARM-Cortex-M3\Generic\GNU\os_cpu_a.o
                0x00000120                OSStartHighRdy
                0x0000013e                OS_CPU_PendSVHandler
 .text          0x000001a8       0x34 uC-CPU\ARM-Cortex-M3\GNU\cpu_a.o
                0x000001a8                CPU_IntDis
                0x000001ac                CPU_IntEn
                0x000001b0                CPU_SR_Save
                0x000001b8                CPU_SR_Restore
                0x000001be                CPU_WaitForInt
                0x000001c2                CPU_WaitForExcept
                0x000001c6                CPU_CntLeadZeros
                0x000001cc                CPU_CntTrailZeros
                0x000001d6                CPU_RevBits
 *(.text*)
 .text.OS_TmrInit
                0x000001dc      0x1ac uCOS-III\Source\os_tmr.o
                0x000001dc                OS_TmrInit
 .text.OS_TmrLink
                0x00000388      0x19c uCOS-III\Source\os_tmr.o
                0x00000388                OS_TmrLink
 .text.OS_TmrResetPeak
                0x00000524       0x4c uCOS-III\Source\os_tmr.o
                0x00000524                OS_TmrResetPeak
 .text.OS_TmrUnlink
                0x00000570       0xac uCOS-III\Source\os_tmr.o
                0x00000570                OS_TmrUnlink
 .text.OS_TmrTask
                0x0000061c      0x13c uCOS-III\Source\os_tmr.o
                0x0000061c                OS_TmrTask
 .text.OSTimeDly
                0x00000758      0x1b4 uCOS-III\Source\os_time.o
                0x00000758                OSTimeDly
 .text.OSTimeDlyHMSM
                0x0000090c      0x240 uCOS-III\Source\os_time.o
                0x0000090c                OSTimeDlyHMSM
 .text.OSTimeTick
                0x00000b4c       0x6c uCOS-III\Source\os_time.o
                0x00000b4c                OSTimeTick
 .text.OS_TickTask
                0x00000bb8       0x3c uCOS-III\Source\os_tick.o
                0x00000bb8                OS_TickTask
 .text.OS_TickTaskInit
                0x00000bf4       0xf0 uCOS-III\Source\os_tick.o
                0x00000bf4                OS_TickTaskInit
 .text.OS_TickListInit
                0x00000ce4       0x5c uCOS-III\Source\os_tick.o
                0x00000ce4                OS_TickListInit
 .text.OS_TickListInsert
                0x00000d40      0x23c uCOS-III\Source\os_tick.o
                0x00000d40                OS_TickListInsert
 .text.OS_TickListRemove
                0x00000f7c       0x98 uCOS-III\Source\os_tick.o
                0x00000f7c                OS_TickListRemove
 .text.OS_TickListResetPeak
                0x00001014       0x4c uCOS-III\Source\os_tick.o
                0x00001014                OS_TickListResetPeak
 .text.OS_TickListUpdate
                0x00001060      0x310 uCOS-III\Source\os_tick.o
                0x00001060                OS_TickListUpdate
 .text.OSTaskCreate
                0x00001370      0x2d4 uCOS-III\Source\os_task.o
                0x00001370                OSTaskCreate
 .text.OSTaskDel
                0x00001644      0x24c uCOS-III\Source\os_task.o
                0x00001644                OSTaskDel
 .text.OSTaskSemPend
                0x00001890      0x2e4 uCOS-III\Source\os_task.o
                0x00001890                OSTaskSemPend
 .text.OSTaskStkChk
                0x00001b74       0xf8 uCOS-III\Source\os_task.o
                0x00001b74                OSTaskStkChk
 .text.OS_TaskDbgListAdd
                0x00001c6c       0x64 uCOS-III\Source\os_task.o
                0x00001c6c                OS_TaskDbgListAdd
 .text.OS_TaskDbgListRemove
                0x00001cd0       0x90 uCOS-III\Source\os_task.o
                0x00001cd0                OS_TaskDbgListRemove
 .text.OS_TaskInit
                0x00001d60       0x44 uCOS-III\Source\os_task.o
                0x00001d60                OS_TaskInit
 .text.OS_TaskInitTCB
                0x00001da4      0x218 uCOS-III\Source\os_task.o
                0x00001da4                OS_TaskInitTCB
 .text.OS_TaskQPost
                0x00001fbc      0x298 uCOS-III\Source\os_task.o
                0x00001fbc                OS_TaskQPost
 .text.OS_TaskResume
                0x00002254      0x1c8 uCOS-III\Source\os_task.o
                0x00002254                OS_TaskResume
 .text.OS_TaskReturn
                0x0000241c       0x2c uCOS-III\Source\os_task.o
                0x0000241c                OS_TaskReturn
 .text.OS_TaskSemPost
                0x00002448      0x3b0 uCOS-III\Source\os_task.o
                0x00002448                OS_TaskSemPost
 .text.OS_TaskSuspend
                0x000027f8      0x1d0 uCOS-III\Source\os_task.o
                0x000027f8                OS_TaskSuspend
 .text.OSStatReset
                0x000029c8      0x1cc uCOS-III\Source\os_stat.o
                0x000029c8                OSStatReset
 .text.OS_StatTask
                0x00002b94      0x4dc uCOS-III\Source\os_stat.o
                0x00002b94                OS_StatTask
 .text.OS_StatTaskInit
                0x00003070      0x114 uCOS-III\Source\os_stat.o
                0x00003070                OS_StatTaskInit
 .text.OS_SemInit
                0x00003184       0x38 uCOS-III\Source\os_sem.o
                0x00003184                OS_SemInit
 .text.OS_SemPost
                0x000031bc      0x174 uCOS-III\Source\os_sem.o
                0x000031bc                OS_SemPost
 .text.OS_QInit
                0x00003330       0x38 uCOS-III\Source\os_q.o
                0x00003330                OS_QInit
 .text.OS_QPost
                0x00003368      0x1b4 uCOS-III\Source\os_q.o
                0x00003368                OS_QPost
 .text.OS_PrioInit
                0x0000351c       0x38 uCOS-III\Source\os_prio.o
                0x0000351c                OS_PrioInit
 .text.OS_PrioGetHighest
                0x00003554       0x50 uCOS-III\Source\os_prio.o
                0x00003554                OS_PrioGetHighest
 .text.OS_PrioInsert
                0x000035a4       0x58 uCOS-III\Source\os_prio.o
                0x000035a4                OS_PrioInsert
 .text.OS_PrioRemove
                0x000035fc       0x5c uCOS-III\Source\os_prio.o
                0x000035fc                OS_PrioRemove
 .text.OS_MutexInit
                0x00003658       0x38 uCOS-III\Source\os_mutex.o
                0x00003658                OS_MutexInit
 .text.OS_MsgPoolInit
                0x00003690       0xf4 uCOS-III\Source\os_msg.o
                0x00003690                OS_MsgPoolInit
 .text.OS_MsgQFreeAll
                0x00003784       0xa0 uCOS-III\Source\os_msg.o
                0x00003784                OS_MsgQFreeAll
 .text.OS_MsgQInit
                0x00003824       0x3c uCOS-III\Source\os_msg.o
                0x00003824                OS_MsgQInit
 .text.OS_MsgQPut
                0x00003860      0x158 uCOS-III\Source\os_msg.o
                0x00003860                OS_MsgQPut
 .text.OS_MemInit
                0x000039b8       0x38 uCOS-III\Source\os_mem.o
                0x000039b8                OS_MemInit
 .text.OS_IntQPost
                0x000039f0      0x194 uCOS-III\Source\os_int.o
                0x000039f0                OS_IntQPost
 .text.OS_IntQRePost
                0x00003b84      0x2b0 uCOS-III\Source\os_int.o
                0x00003b84                OS_IntQRePost
 .text.OS_IntQTask
                0x00003e34      0x104 uCOS-III\Source\os_int.o
                0x00003e34                OS_IntQTask
 .text.OS_IntQTaskInit
                0x00003f38      0x1cc uCOS-III\Source\os_int.o
                0x00003f38                OS_IntQTaskInit
 .text.OS_FlagInit
                0x00004104       0x38 uCOS-III\Source\os_flag.o
                0x00004104                OS_FlagInit
 .text.OS_FlagPost
                0x0000413c      0x2ec uCOS-III\Source\os_flag.o
                0x0000413c                OS_FlagPost
 .text.OS_FlagTaskRdy
                0x00004428       0x8c uCOS-III\Source\os_flag.o
                0x00004428                OS_FlagTaskRdy
 .text.OS_Dbg_Init
                0x000044b4      0x2d8 uCOS-III\Source\os_dbg.o
                0x000044b4                OS_Dbg_Init
 .text.OSInit   0x0000478c      0x284 uCOS-III\Source\os_core.o
                0x0000478c                OSInit
 .text.OSIntEnter
                0x00004a10       0x48 uCOS-III\Source\os_core.o
                0x00004a10                OSIntEnter
 .text.OSIntExit
                0x00004a58      0x130 uCOS-III\Source\os_core.o
                0x00004a58                OSIntExit
 .text.OSSched  0x00004b88       0xe4 uCOS-III\Source\os_core.o
                0x00004b88                OSSched
 .text.OSSchedLock
                0x00004c6c       0x9c uCOS-III\Source\os_core.o
                0x00004c6c                OSSchedLock
 .text.OSSchedUnlock
                0x00004d08       0xc0 uCOS-III\Source\os_core.o
                0x00004d08                OSSchedUnlock
 .text.OSStart  0x00004dc8       0xac uCOS-III\Source\os_core.o
                0x00004dc8                OSStart
 .text.OS_IdleTask
                0x00004e74       0x5c uCOS-III\Source\os_core.o
                0x00004e74                OS_IdleTask
 .text.OS_IdleTaskInit
                0x00004ed0       0x84 uCOS-III\Source\os_core.o
                0x00004ed0                OS_IdleTaskInit
 .text.OS_Pend  0x00004f54       0xb4 uCOS-III\Source\os_core.o
                0x00004f54                OS_Pend
 .text.OS_PendDataInit
                0x00005008       0x7c uCOS-III\Source\os_core.o
                0x00005008                OS_PendDataInit
 .text.OS_PendDbgNameAdd
                0x00005084       0x84 uCOS-III\Source\os_core.o
                0x00005084                OS_PendDbgNameAdd
 .text.OS_PendDbgNameRemove
                0x00005108       0x54 uCOS-III\Source\os_core.o
                0x00005108                OS_PendDbgNameRemove
 .text.OS_PendListInsertPrio
                0x0000515c       0xf4 uCOS-III\Source\os_core.o
                0x0000515c                OS_PendListInsertPrio
 .text.OS_PendListRemove
                0x00005250       0x5c uCOS-III\Source\os_core.o
                0x00005250                OS_PendListRemove
 .text.OS_PendListRemove1
                0x000052ac       0xa0 uCOS-III\Source\os_core.o
                0x000052ac                OS_PendListRemove1
 .text.OS_Post  0x0000534c      0x11c uCOS-III\Source\os_core.o
                0x0000534c                OS_Post
 .text.OS_Post1
                0x00005468       0x60 uCOS-III\Source\os_core.o
                0x00005468                OS_Post1
 .text.OS_RdyListInit
                0x000054c8       0x5c uCOS-III\Source\os_core.o
                0x000054c8                OS_RdyListInit
 .text.OS_RdyListInsert
                0x00005524       0x40 uCOS-III\Source\os_core.o
                0x00005524                OS_RdyListInsert
 .text.OS_RdyListInsertHead
                0x00005564       0x94 uCOS-III\Source\os_core.o
                0x00005564                OS_RdyListInsertHead
 .text.OS_RdyListInsertTail
                0x000055f8       0x90 uCOS-III\Source\os_core.o
                0x000055f8                OS_RdyListInsertTail
 .text.OS_RdyListMoveHeadToTail
                0x00005688       0x98 uCOS-III\Source\os_core.o
                0x00005688                OS_RdyListMoveHeadToTail
 .text.OS_RdyListRemove
                0x00005720       0xc8 uCOS-III\Source\os_core.o
                0x00005720                OS_RdyListRemove
 .text.OS_Sched0
                0x000057e8       0x80 uCOS-III\Source\os_core.o
                0x000057e8                OS_Sched0
 .text.OS_SchedLockTimeMeasStart
                0x00005868       0x24 uCOS-III\Source\os_core.o
                0x00005868                OS_SchedLockTimeMeasStart
 .text.OS_SchedLockTimeMeasStop
                0x0000588c       0x68 uCOS-III\Source\os_core.o
                0x0000588c                OS_SchedLockTimeMeasStop
 .text.OS_SchedRoundRobin
                0x000058f4       0xf4 uCOS-III\Source\os_core.o
                0x000058f4                OS_SchedRoundRobin
 .text.OS_TaskBlock
                0x000059e8       0x58 uCOS-III\Source\os_core.o
                0x000059e8                OS_TaskBlock
 .text.OS_TaskRdy
                0x00005a40       0x2c uCOS-III\Source\os_core.o
                0x00005a40                OS_TaskRdy
 .text.OSCfg_Init
                0x00005a6c        0xc uCOS-III\Source\os_cfg_app.o
                0x00005a6c                OSCfg_Init
 .text.OSIdleTaskHook
                0x00005a78       0x20 uCOS-III\Ports\ARM-Cortex-M3\Generic\GNU\os_cpu_c.o
                0x00005a78                OSIdleTaskHook
 .text.OSInitHook
                0x00005a98       0x74 uCOS-III\Ports\ARM-Cortex-M3\Generic\GNU\os_cpu_c.o
                0x00005a98                OSInitHook
 .text.OSStatTaskHook
                0x00005b0c       0x20 uCOS-III\Ports\ARM-Cortex-M3\Generic\GNU\os_cpu_c.o
                0x00005b0c                OSStatTaskHook
 .text.OSTaskCreateHook
                0x00005b2c       0x2c uCOS-III\Ports\ARM-Cortex-M3\Generic\GNU\os_cpu_c.o
                0x00005b2c                OSTaskCreateHook
 .text.OSTaskDelHook
                0x00005b58       0x2c uCOS-III\Ports\ARM-Cortex-M3\Generic\GNU\os_cpu_c.o
                0x00005b58                OSTaskDelHook
 .text.OSTaskReturnHook
                0x00005b84       0x2c uCOS-III\Ports\ARM-Cortex-M3\Generic\GNU\os_cpu_c.o
                0x00005b84                OSTaskReturnHook
 .text.OSTaskStkInit
                0x00005bb0      0x128 uCOS-III\Ports\ARM-Cortex-M3\Generic\GNU\os_cpu_c.o
                0x00005bb0                OSTaskStkInit
 .text.OSTaskSwHook
                0x00005cd8      0x114 uCOS-III\Ports\ARM-Cortex-M3\Generic\GNU\os_cpu_c.o
                0x00005cd8                OSTaskSwHook
 .text.OSTimeTickHook
                0x00005dec       0x20 uCOS-III\Ports\ARM-Cortex-M3\Generic\GNU\os_cpu_c.o
                0x00005dec                OSTimeTickHook
 .text.OS_CPU_SysTickHandler
                0x00005e0c       0x4c uCOS-III\Ports\ARM-Cortex-M3\Generic\GNU\os_cpu_c.o
                0x00005e0c                OS_CPU_SysTickHandler
 .text.OS_CPU_SysTickInit
                0x00005e58       0x74 uCOS-III\Ports\ARM-Cortex-M3\Generic\GNU\os_cpu_c.o
                0x00005e58                OS_CPU_SysTickInit
 .text.OS_CPU_IntHandler
                0x00005ecc       0x38 uCOS-III\Ports\ARM-Cortex-M3\CSP\Generic\os_csp.o
                0x00005ecc                OS_CPU_IntHandler
 .text.Mem_Init
                0x00005f04       0xbc uC-LIB\lib_mem.o
                0x00005f04                Mem_Init
 .text.Mem_Clr  0x00005fc0       0x20 uC-LIB\lib_mem.o
                0x00005fc0                Mem_Clr
 .text.Mem_Set  0x00005fe0       0xe4 uC-LIB\lib_mem.o
                0x00005fe0                Mem_Set
 .text.CSP_IntVectClr
                0x000060c4       0x34 uC-CSP\MCU\csp.o
                0x000060c4                CSP_IntVectClr
 .text.CSP_IntVectSet
                0x000060f8       0x34 uC-CSP\MCU\csp.o
                0x000060f8                CSP_IntVectSet
 .text.CSP_IntVectDeref
                0x0000612c       0x70 uC-CSP\MCU\csp.o
                0x0000612c                CSP_IntVectDeref
 .text.CSP_PM_CPU_ClkFreqGet
                0x0000619c       0xd8 uC-CSP\MCU\NXP\LPC17xx\csp_pm.o
                0x0000619c                CSP_PM_CPU_ClkFreqGet
 .text.CSP_IntDisAll
                0x00006274       0x54 uC-CSP\MCU\NXP\LPC17xx\csp_int.o
                0x00006274                CSP_IntDisAll
 .text.CSP_IntInit
                0x000062c8      0x104 uC-CSP\MCU\NXP\LPC17xx\csp_int.o
                0x000062c8                CSP_IntInit
 .text.CSP_IntUSB_Handler
                0x000063cc       0x98 uC-CSP\MCU\NXP\LPC17xx\csp_int.o
 .text.CSP_IntHandler
                0x00006464       0x4c uC-CSP\MCU\NXP\LPC17xx\csp_int.o
                0x00006464                CSP_IntHandler
 .text.CSP_GPIO_Cfg
                0x000064b0      0x69c uC-CSP\MCU\NXP\LPC17xx\csp_gpio.o
                0x000064b0                CSP_GPIO_Cfg
 .text.CSP_GPIO_BitSet
                0x00006b4c       0x50 uC-CSP\MCU\NXP\LPC17xx\csp_gpio.o
                0x00006b4c                CSP_GPIO_BitSet
 .text.CSP_GPIO_BitToggle
                0x00006b9c       0xa0 uC-CSP\MCU\NXP\LPC17xx\csp_gpio.o
                0x00006b9c                CSP_GPIO_BitToggle
 .text.CPU_Init
                0x00006c3c       0x14 uC-CPU\cpu_core.o
                0x00006c3c                CPU_Init
 .text.CPU_NameClr
                0x00006c50       0x3c uC-CPU\cpu_core.o
                0x00006c50                CPU_NameClr
 .text.CPU_TS_Get32
                0x00006c8c       0x1c uC-CPU\cpu_core.o
                0x00006c8c                CPU_TS_Get32
 .text.CPU_TS_TmrFreqSet
                0x00006ca8       0x20 uC-CPU\cpu_core.o
                0x00006ca8                CPU_TS_TmrFreqSet
 .text.CPU_IntDisMeasMaxCurReset
                0x00006cc8       0x3c uC-CPU\cpu_core.o
                0x00006cc8                CPU_IntDisMeasMaxCurReset
 .text.CPU_IntDisMeasMaxCurGet
                0x00006d04       0x3c uC-CPU\cpu_core.o
                0x00006d04                CPU_IntDisMeasMaxCurGet
 .text.CPU_IntDisMeasMaxGet
                0x00006d40       0x3c uC-CPU\cpu_core.o
                0x00006d40                CPU_IntDisMeasMaxGet
 .text.CPU_IntDisMeasStart
                0x00006d7c       0x58 uC-CPU\cpu_core.o
                0x00006d7c                CPU_IntDisMeasStart
 .text.CPU_IntDisMeasStop
                0x00006dd4       0x98 uC-CPU\cpu_core.o
                0x00006dd4                CPU_IntDisMeasStop
 .text.CPU_NameInit
                0x00006e6c        0xc uC-CPU\cpu_core.o
 .text.CPU_TS_Init
                0x00006e78       0x18 uC-CPU\cpu_core.o
 .text.CPU_IntDisMeasInit
                0x00006e90       0xf0 uC-CPU\cpu_core.o
 .text.CPU_IntDisMeasMaxCalc
                0x00006f80       0x44 uC-CPU\cpu_core.o
 .text.CPU_IntSrcDis
                0x00006fc4      0x1c4 uC-CPU\ARM-Cortex-M3\GNU\cpu_c.o
                0x00006fc4                CPU_IntSrcDis
 .text.CPU_IntSrcPendClr
                0x00007188       0xd8 uC-CPU\ARM-Cortex-M3\GNU\cpu_c.o
                0x00007188                CPU_IntSrcPendClr
 .text.Reset_Handler
                0x00007260       0x4c BSP\cstartup.o
                0x00007260                Reset_Handler
 .text.App_NMI_ISR
                0x000072ac        0x2 BSP\cstartup.o
 .text.App_Fault_ISR
                0x000072ae        0x2 BSP\cstartup.o
 .text.App_MemFault_ISR
                0x000072b0        0x2 BSP\cstartup.o
 .text.App_BusFault_ISR
                0x000072b2        0x2 BSP\cstartup.o
 .text.App_UsageFault_ISR
                0x000072b4        0x2 BSP\cstartup.o
 .text.App_Spurious_ISR
                0x000072b6        0x2 BSP\cstartup.o
 .text.BSP_Init
                0x000072b8      0x528 BSP\bsp.o
                0x000072b8                BSP_Init
 .text.BSP_Start
                0x000077e0       0x30 BSP\bsp.o
                0x000077e0                BSP_Start
 .text.BSP_LED_Off
                0x00007810       0x58 BSP\bsp.o
                0x00007810                BSP_LED_Off
 .text.BSP_LED_Toggle
                0x00007868       0x58 BSP\bsp.o
                0x00007868                BSP_LED_Toggle
 .text.CPU_TS_TmrInit
                0x000078c0       0x4c BSP\bsp.o
                0x000078c0                CPU_TS_TmrInit
 .text.CPU_TS_TmrRd
                0x0000790c       0x20 BSP\bsp.o
                0x0000790c                CPU_TS_TmrRd
 .text.main     0x0000792c       0x84 APP\app.o
                0x0000792c                main
 .text.App_TaskStart
                0x000079b0       0x48 APP\app.o
 .text.App_ObjCreate
                0x000079f8        0xc APP\app.o
 .text.App_TaskCreate
                0x00007a04        0xc APP\app.o
 .text.__libc_init_array
                0x00007a10       0x48 c:/program files (x86)/atollic/truestudio for arm pro 3.2.0/armtools/bin/../lib/gcc/arm-atollic-eabi/4.6.2/../../../../arm-atollic-eabi/lib/thumb/armv7-m\libc.a(lib_a-init.o)
                0x00007a10                __libc_init_array
 *(.rodata)
 .rodata        0x00007a58       0x20 uCOS-III\Source\os_tmr.o
 .rodata        0x00007a78       0x14 uCOS-III\Source\os_tick.o
 .rodata        0x00007a8c        0xc uCOS-III\Source\os_task.o
 .rodata        0x00007a98       0x14 uCOS-III\Source\os_stat.o
 .rodata        0x00007aac       0x1c uCOS-III\Source\os_int.o
 .rodata        0x00007ac8       0x2c uCOS-III\Source\os_core.o
 .rodata        0x00007af4       0x10 APP\app.o
 *(.rodata*)
 .rodata.OSDbg_DbgEn
                0x00007b04        0x1 uCOS-III\Source\os_dbg.o
                0x00007b04                OSDbg_DbgEn
 .rodata.OSDbg_ArgChkEn
                0x00007b05        0x1 uCOS-III\Source\os_dbg.o
                0x00007b05                OSDbg_ArgChkEn
 .rodata.OSDbg_AppHooksEn
                0x00007b06        0x1 uCOS-III\Source\os_dbg.o
                0x00007b06                OSDbg_AppHooksEn
 *fill*         0x00007b07        0x1 00
 .rodata.OSDbg_EndiannessTest
                0x00007b08        0x4 uCOS-III\Source\os_dbg.o
                0x00007b08                OSDbg_EndiannessTest
 .rodata.OSDbg_CalledFromISRChkEn
                0x00007b0c        0x1 uCOS-III\Source\os_dbg.o
                0x00007b0c                OSDbg_CalledFromISRChkEn
 .rodata.OSDbg_FlagEn
                0x00007b0d        0x1 uCOS-III\Source\os_dbg.o
                0x00007b0d                OSDbg_FlagEn
 *fill*         0x00007b0e        0x2 00
 .rodata.OSDbg_FlagGrp
                0x00007b10       0x28 uCOS-III\Source\os_dbg.o
                0x00007b10                OSDbg_FlagGrp
 .rodata.OSDbg_FlagDelEn
                0x00007b38        0x1 uCOS-III\Source\os_dbg.o
                0x00007b38                OSDbg_FlagDelEn
 .rodata.OSDbg_FlagModeClrEn
                0x00007b39        0x1 uCOS-III\Source\os_dbg.o
                0x00007b39                OSDbg_FlagModeClrEn
 .rodata.OSDbg_FlagPendAbortEn
                0x00007b3a        0x1 uCOS-III\Source\os_dbg.o
                0x00007b3a                OSDbg_FlagPendAbortEn
 *fill*         0x00007b3b        0x1 00
 .rodata.OSDbg_FlagGrpSize
                0x00007b3c        0x2 uCOS-III\Source\os_dbg.o
                0x00007b3c                OSDbg_FlagGrpSize
 .rodata.OSDbg_FlagWidth
                0x00007b3e        0x2 uCOS-III\Source\os_dbg.o
                0x00007b3e                OSDbg_FlagWidth
 .rodata.OSDbg_IntQ
                0x00007b40        0x2 uCOS-III\Source\os_dbg.o
                0x00007b40                OSDbg_IntQ
 .rodata.OSDbg_ISRPostDeferredEn
                0x00007b42        0x1 uCOS-III\Source\os_dbg.o
                0x00007b42                OSDbg_ISRPostDeferredEn
 *fill*         0x00007b43        0x1 00
 .rodata.OSDbg_Mem
                0x00007b44       0x20 uCOS-III\Source\os_dbg.o
                0x00007b44                OSDbg_Mem
 .rodata.OSDbg_MemEn
                0x00007b64        0x1 uCOS-III\Source\os_dbg.o
                0x00007b64                OSDbg_MemEn
 *fill*         0x00007b65        0x1 00
 .rodata.OSDbg_MemSize
                0x00007b66        0x2 uCOS-III\Source\os_dbg.o
                0x00007b66                OSDbg_MemSize
 .rodata.OSDbg_MsgEn
                0x00007b68        0x1 uCOS-III\Source\os_dbg.o
                0x00007b68                OSDbg_MsgEn
 *fill*         0x00007b69        0x1 00
 .rodata.OSDbg_MsgSize
                0x00007b6a        0x2 uCOS-III\Source\os_dbg.o
                0x00007b6a                OSDbg_MsgSize
 .rodata.OSDbg_MsgPoolSize
                0x00007b6c        0x2 uCOS-III\Source\os_dbg.o
                0x00007b6c                OSDbg_MsgPoolSize
 .rodata.OSDbg_MsgQSize
                0x00007b6e        0x2 uCOS-III\Source\os_dbg.o
                0x00007b6e                OSDbg_MsgQSize
 .rodata.OSDbg_Mutex
                0x00007b70       0x2c uCOS-III\Source\os_dbg.o
                0x00007b70                OSDbg_Mutex
 .rodata.OSDbg_MutexEn
                0x00007b9c        0x1 uCOS-III\Source\os_dbg.o
                0x00007b9c                OSDbg_MutexEn
 .rodata.OSDbg_MutexDelEn
                0x00007b9d        0x1 uCOS-III\Source\os_dbg.o
                0x00007b9d                OSDbg_MutexDelEn
 .rodata.OSDbg_MutexPendAbortEn
                0x00007b9e        0x1 uCOS-III\Source\os_dbg.o
                0x00007b9e                OSDbg_MutexPendAbortEn
 *fill*         0x00007b9f        0x1 00
 .rodata.OSDbg_MutexSize
                0x00007ba0        0x2 uCOS-III\Source\os_dbg.o
                0x00007ba0                OSDbg_MutexSize
 .rodata.OSDbg_ObjTypeChkEn
                0x00007ba2        0x1 uCOS-III\Source\os_dbg.o
                0x00007ba2                OSDbg_ObjTypeChkEn
 .rodata.OSDbg_PendMultiEn
                0x00007ba3        0x1 uCOS-III\Source\os_dbg.o
                0x00007ba3                OSDbg_PendMultiEn
 .rodata.OSDbg_PendDataSize
                0x00007ba4        0x2 uCOS-III\Source\os_dbg.o
                0x00007ba4                OSDbg_PendDataSize
 .rodata.OSDbg_PendListSize
                0x00007ba6        0x2 uCOS-III\Source\os_dbg.o
                0x00007ba6                OSDbg_PendListSize
 .rodata.OSDbg_PendObjSize
                0x00007ba8        0x2 uCOS-III\Source\os_dbg.o
                0x00007ba8                OSDbg_PendObjSize
 .rodata.OSDbg_PrioMax
                0x00007baa        0x2 uCOS-III\Source\os_dbg.o
                0x00007baa                OSDbg_PrioMax
 .rodata.OSDbg_PrioTblSize
                0x00007bac        0x2 uCOS-III\Source\os_dbg.o
                0x00007bac                OSDbg_PrioTblSize
 .rodata.OSDbg_PtrSize
                0x00007bae        0x2 uCOS-III\Source\os_dbg.o
                0x00007bae                OSDbg_PtrSize
 .rodata.OSDbg_Q
                0x00007bb0       0x30 uCOS-III\Source\os_dbg.o
                0x00007bb0                OSDbg_Q
 .rodata.OSDbg_QEn
                0x00007be0        0x1 uCOS-III\Source\os_dbg.o
                0x00007be0                OSDbg_QEn
 .rodata.OSDbg_QDelEn
                0x00007be1        0x1 uCOS-III\Source\os_dbg.o
                0x00007be1                OSDbg_QDelEn
 .rodata.OSDbg_QFlushEn
                0x00007be2        0x1 uCOS-III\Source\os_dbg.o
                0x00007be2                OSDbg_QFlushEn
 .rodata.OSDbg_QPendAbortEn
                0x00007be3        0x1 uCOS-III\Source\os_dbg.o
                0x00007be3                OSDbg_QPendAbortEn
 .rodata.OSDbg_QSize
                0x00007be4        0x2 uCOS-III\Source\os_dbg.o
                0x00007be4                OSDbg_QSize
 .rodata.OSDbg_SchedRoundRobinEn
                0x00007be6        0x1 uCOS-III\Source\os_dbg.o
                0x00007be6                OSDbg_SchedRoundRobinEn
 *fill*         0x00007be7        0x1 00
 .rodata.OSDbg_Sem
                0x00007be8       0x28 uCOS-III\Source\os_dbg.o
                0x00007be8                OSDbg_Sem
 .rodata.OSDbg_SemEn
                0x00007c10        0x1 uCOS-III\Source\os_dbg.o
                0x00007c10                OSDbg_SemEn
 .rodata.OSDbg_SemDelEn
                0x00007c11        0x1 uCOS-III\Source\os_dbg.o
                0x00007c11                OSDbg_SemDelEn
 .rodata.OSDbg_SemPendAbortEn
                0x00007c12        0x1 uCOS-III\Source\os_dbg.o
                0x00007c12                OSDbg_SemPendAbortEn
 .rodata.OSDbg_SemSetEn
                0x00007c13        0x1 uCOS-III\Source\os_dbg.o
                0x00007c13                OSDbg_SemSetEn
 .rodata.OSDbg_SemSize
                0x00007c14        0x2 uCOS-III\Source\os_dbg.o
                0x00007c14                OSDbg_SemSize
 .rodata.OSDbg_RdyList
                0x00007c16        0x2 uCOS-III\Source\os_dbg.o
                0x00007c16                OSDbg_RdyList
 .rodata.OSDbg_RdyListSize
                0x00007c18        0x4 uCOS-III\Source\os_dbg.o
                0x00007c18                OSDbg_RdyListSize
 .rodata.OSDbg_StkWidth
                0x00007c1c        0x1 uCOS-III\Source\os_dbg.o
                0x00007c1c                OSDbg_StkWidth
 .rodata.OSDbg_StatTaskEn
                0x00007c1d        0x1 uCOS-III\Source\os_dbg.o
                0x00007c1d                OSDbg_StatTaskEn
 .rodata.OSDbg_StatTaskStkChkEn
                0x00007c1e        0x1 uCOS-III\Source\os_dbg.o
                0x00007c1e                OSDbg_StatTaskStkChkEn
 .rodata.OSDbg_TaskChangePrioEn
                0x00007c1f        0x1 uCOS-III\Source\os_dbg.o
                0x00007c1f                OSDbg_TaskChangePrioEn
 .rodata.OSDbg_TaskDelEn
                0x00007c20        0x1 uCOS-III\Source\os_dbg.o
                0x00007c20                OSDbg_TaskDelEn
 .rodata.OSDbg_TaskQEn
                0x00007c21        0x1 uCOS-III\Source\os_dbg.o
                0x00007c21                OSDbg_TaskQEn
 .rodata.OSDbg_TaskQPendAbortEn
                0x00007c22        0x1 uCOS-III\Source\os_dbg.o
                0x00007c22                OSDbg_TaskQPendAbortEn
 .rodata.OSDbg_TaskProfileEn
                0x00007c23        0x1 uCOS-III\Source\os_dbg.o
                0x00007c23                OSDbg_TaskProfileEn
 .rodata.OSDbg_TaskRegTblSize
                0x00007c24        0x2 uCOS-III\Source\os_dbg.o
                0x00007c24                OSDbg_TaskRegTblSize
 .rodata.OSDbg_TaskSemPendAbortEn
                0x00007c26        0x1 uCOS-III\Source\os_dbg.o
                0x00007c26                OSDbg_TaskSemPendAbortEn
 .rodata.OSDbg_TaskSuspendEn
                0x00007c27        0x1 uCOS-III\Source\os_dbg.o
                0x00007c27                OSDbg_TaskSuspendEn
 .rodata.OSDbg_TCBSize
                0x00007c28        0x2 uCOS-III\Source\os_dbg.o
                0x00007c28                OSDbg_TCBSize
 .rodata.OSDbg_TickSpokeSize
                0x00007c2a        0x2 uCOS-III\Source\os_dbg.o
                0x00007c2a                OSDbg_TickSpokeSize
 .rodata.OSDbg_TimeDlyHMSMEn
                0x00007c2c        0x1 uCOS-III\Source\os_dbg.o
                0x00007c2c                OSDbg_TimeDlyHMSMEn
 .rodata.OSDbg_TimeDlyResumeEn
                0x00007c2d        0x1 uCOS-III\Source\os_dbg.o
                0x00007c2d                OSDbg_TimeDlyResumeEn
 *fill*         0x00007c2e        0x2 00
 .rodata.OSDbg_Tmr
                0x00007c30       0x34 uCOS-III\Source\os_dbg.o
                0x00007c30                OSDbg_Tmr
 .rodata.OSDbg_TmrEn
                0x00007c64        0x1 uCOS-III\Source\os_dbg.o
                0x00007c64                OSDbg_TmrEn
 .rodata.OSDbg_TmrDelEn
                0x00007c65        0x1 uCOS-III\Source\os_dbg.o
                0x00007c65                OSDbg_TmrDelEn
 .rodata.OSDbg_TmrSize
                0x00007c66        0x2 uCOS-III\Source\os_dbg.o
                0x00007c66                OSDbg_TmrSize
 .rodata.OSDbg_TmrSpokeSize
                0x00007c68        0x2 uCOS-III\Source\os_dbg.o
                0x00007c68                OSDbg_TmrSpokeSize
 .rodata.OSDbg_VersionNbr
                0x00007c6a        0x2 uCOS-III\Source\os_dbg.o
                0x00007c6a                OSDbg_VersionNbr
 .rodata.OSDbg_DataSize
                0x00007c6c        0x4 uCOS-III\Source\os_dbg.o
                0x00007c6c                OSDbg_DataSize
 .rodata.OSCfg_IdleTaskStkBasePtr
                0x00007c70        0x4 uCOS-III\Source\os_cfg_app.o
                0x00007c70                OSCfg_IdleTaskStkBasePtr
 .rodata.OSCfg_IdleTaskStkLimit
                0x00007c74        0x4 uCOS-III\Source\os_cfg_app.o
                0x00007c74                OSCfg_IdleTaskStkLimit
 .rodata.OSCfg_IdleTaskStkSize
                0x00007c78        0x4 uCOS-III\Source\os_cfg_app.o
                0x00007c78                OSCfg_IdleTaskStkSize
 .rodata.OSCfg_IntQBasePtr
                0x00007c7c        0x4 uCOS-III\Source\os_cfg_app.o
                0x00007c7c                OSCfg_IntQBasePtr
 .rodata.OSCfg_IntQSize
                0x00007c80        0x2 uCOS-III\Source\os_cfg_app.o
                0x00007c80                OSCfg_IntQSize
 *fill*         0x00007c82        0x2 00
 .rodata.OSCfg_IntQTaskStkBasePtr
                0x00007c84        0x4 uCOS-III\Source\os_cfg_app.o
                0x00007c84                OSCfg_IntQTaskStkBasePtr
 .rodata.OSCfg_IntQTaskStkLimit
                0x00007c88        0x4 uCOS-III\Source\os_cfg_app.o
                0x00007c88                OSCfg_IntQTaskStkLimit
 .rodata.OSCfg_IntQTaskStkSize
                0x00007c8c        0x4 uCOS-III\Source\os_cfg_app.o
                0x00007c8c                OSCfg_IntQTaskStkSize
 .rodata.OSCfg_ISRStkBasePtr
                0x00007c90        0x4 uCOS-III\Source\os_cfg_app.o
                0x00007c90                OSCfg_ISRStkBasePtr
 .rodata.OSCfg_ISRStkSize
                0x00007c94        0x4 uCOS-III\Source\os_cfg_app.o
                0x00007c94                OSCfg_ISRStkSize
 .rodata.OSCfg_MsgPoolSize
                0x00007c98        0x2 uCOS-III\Source\os_cfg_app.o
                0x00007c98                OSCfg_MsgPoolSize
 *fill*         0x00007c9a        0x2 00
 .rodata.OSCfg_MsgPoolBasePtr
                0x00007c9c        0x4 uCOS-III\Source\os_cfg_app.o
                0x00007c9c                OSCfg_MsgPoolBasePtr
 .rodata.OSCfg_StatTaskPrio
                0x00007ca0        0x1 uCOS-III\Source\os_cfg_app.o
                0x00007ca0                OSCfg_StatTaskPrio
 *fill*         0x00007ca1        0x3 00
 .rodata.OSCfg_StatTaskRate_Hz
                0x00007ca4        0x4 uCOS-III\Source\os_cfg_app.o
                0x00007ca4                OSCfg_StatTaskRate_Hz
 .rodata.OSCfg_StatTaskStkBasePtr
                0x00007ca8        0x4 uCOS-III\Source\os_cfg_app.o
                0x00007ca8                OSCfg_StatTaskStkBasePtr
 .rodata.OSCfg_StatTaskStkLimit
                0x00007cac        0x4 uCOS-III\Source\os_cfg_app.o
                0x00007cac                OSCfg_StatTaskStkLimit
 .rodata.OSCfg_StatTaskStkSize
                0x00007cb0        0x4 uCOS-III\Source\os_cfg_app.o
                0x00007cb0                OSCfg_StatTaskStkSize
 .rodata.OSCfg_StkSizeMin
                0x00007cb4        0x4 uCOS-III\Source\os_cfg_app.o
                0x00007cb4                OSCfg_StkSizeMin
 .rodata.OSCfg_TickRate_Hz
                0x00007cb8        0x4 uCOS-III\Source\os_cfg_app.o
                0x00007cb8                OSCfg_TickRate_Hz
 .rodata.OSCfg_TickTaskPrio
                0x00007cbc        0x1 uCOS-III\Source\os_cfg_app.o
                0x00007cbc                OSCfg_TickTaskPrio
 *fill*         0x00007cbd        0x3 00
 .rodata.OSCfg_TickTaskStkBasePtr
                0x00007cc0        0x4 uCOS-III\Source\os_cfg_app.o
                0x00007cc0                OSCfg_TickTaskStkBasePtr
 .rodata.OSCfg_TickTaskStkLimit
                0x00007cc4        0x4 uCOS-III\Source\os_cfg_app.o
                0x00007cc4                OSCfg_TickTaskStkLimit
 .rodata.OSCfg_TickTaskStkSize
                0x00007cc8        0x4 uCOS-III\Source\os_cfg_app.o
                0x00007cc8                OSCfg_TickTaskStkSize
 .rodata.OSCfg_TickWheelSize
                0x00007ccc        0x2 uCOS-III\Source\os_cfg_app.o
                0x00007ccc                OSCfg_TickWheelSize
 .rodata.OSCfg_TmrTaskPrio
                0x00007cce        0x1 uCOS-III\Source\os_cfg_app.o
                0x00007cce                OSCfg_TmrTaskPrio
 *fill*         0x00007ccf        0x1 00
 .rodata.OSCfg_TmrTaskRate_Hz
                0x00007cd0        0x4 uCOS-III\Source\os_cfg_app.o
                0x00007cd0                OSCfg_TmrTaskRate_Hz
 .rodata.OSCfg_TmrTaskStkBasePtr
                0x00007cd4        0x4 uCOS-III\Source\os_cfg_app.o
                0x00007cd4                OSCfg_TmrTaskStkBasePtr
 .rodata.OSCfg_TmrTaskStkLimit
                0x00007cd8        0x4 uCOS-III\Source\os_cfg_app.o
                0x00007cd8                OSCfg_TmrTaskStkLimit
 .rodata.OSCfg_TmrTaskStkSize
                0x00007cdc        0x4 uCOS-III\Source\os_cfg_app.o
                0x00007cdc                OSCfg_TmrTaskStkSize
 .rodata.OSCfg_TmrWheelSize
                0x00007ce0        0x2 uCOS-III\Source\os_cfg_app.o
                0x00007ce0                OSCfg_TmrWheelSize
 *(.glue_7)
 .glue_7        0x00000000        0x0 linker stubs
 *(.glue_7t)
 .glue_7t       0x00000000        0x0 linker stubs
 *(.eh_frame)
 *fill*         0x00007ce2        0x2 00
 .eh_frame      0x00007ce4        0x0 c:/program files (x86)/atollic/truestudio for arm pro 3.2.0/armtools/bin/../lib/gcc/arm-atollic-eabi/4.6.2/thumb/armv7-m/crtbegin.o
 *(.init)
 .init          0x00007ce4        0x4 c:/program files (x86)/atollic/truestudio for arm pro 3.2.0/armtools/bin/../lib/gcc/arm-atollic-eabi/4.6.2/thumb/armv7-m/crti.o
                0x00007ce4                _init
 .init          0x00007ce8        0x8 c:/program files (x86)/atollic/truestudio for arm pro 3.2.0/armtools/bin/../lib/gcc/arm-atollic-eabi/4.6.2/thumb/armv7-m/crtn.o
 *(.fini)
 .fini          0x00007cf0        0x4 c:/program files (x86)/atollic/truestudio for arm pro 3.2.0/armtools/bin/../lib/gcc/arm-atollic-eabi/4.6.2/thumb/armv7-m/crti.o
                0x00007cf0                _fini
 .fini          0x00007cf4        0x8 c:/program files (x86)/atollic/truestudio for arm pro 3.2.0/armtools/bin/../lib/gcc/arm-atollic-eabi/4.6.2/thumb/armv7-m/crtn.o
                0x00007cfc                . = ALIGN (0x4)
                0x00007cfc                _etext = .

.vfp11_veneer   0x00007cfc        0x0
 .vfp11_veneer  0x00000000        0x0 linker stubs

.v4_bx          0x00007cfc        0x0
 .v4_bx         0x00000000        0x0 linker stubs

.ARM.extab
 *(.ARM.extab* .gnu.linkonce.armextab.*)

.ARM            0x00007cfc        0x0
                0x00007cfc                __exidx_start = .
 *(.ARM.exidx*)
                0x00007cfc                __exidx_end = .

.preinit_array  0x00007cfc        0x0
                0x00007cfc                PROVIDE (__preinit_array_start, .)
 *(.preinit_array*)
                0x00007cfc                PROVIDE (__preinit_array_end, .)

.init_array     0x00007cfc        0x4
                0x00007cfc                PROVIDE (__init_array_start, .)
 *(SORT(.init_array.*))
 *(.init_array*)
 .init_array    0x00007cfc        0x4 c:/program files (x86)/atollic/truestudio for arm pro 3.2.0/armtools/bin/../lib/gcc/arm-atollic-eabi/4.6.2/thumb/armv7-m/crtbegin.o
                0x00007d00                PROVIDE (__init_array_end, .)

.fini_array     0x00007d00        0x4
                0x00007d00                PROVIDE (__fini_array_start, .)
 *(SORT(.fini_array.*))
 *(.fini_array*)
 .fini_array    0x00007d00        0x4 c:/program files (x86)/atollic/truestudio for arm pro 3.2.0/armtools/bin/../lib/gcc/arm-atollic-eabi/4.6.2/thumb/armv7-m/crtbegin.o
                0x00007d04                PROVIDE (__fini_array_end, .)
                0x00007d04                _sidata = LOADADDR (.data)

.data           0x10000000        0x0 load address 0x00007d04
                0x10000000                . = ALIGN (0x4)
                0x10000000                _sdata = .
 *(.data)
 *(.data*)
                0x10000000                . = ALIGN (0x4)
                0x10000000                _edata = .

.jcr            0x10000000        0x0 load address 0x00007d04
 .jcr           0x10000000        0x0 c:/program files (x86)/atollic/truestudio for arm pro 3.2.0/armtools/bin/../lib/gcc/arm-atollic-eabi/4.6.2/thumb/armv7-m/crtbegin.o
                0x10000000                . = ALIGN (0x4)

.bss            0x10000000     0x760c load address 0x00007d04
                0x10000000                _sbss = .
                0x10000000                __bss_start__ = _sbss
 *(.bss)
 .bss           0x10000000       0x1c c:/program files (x86)/atollic/truestudio for arm pro 3.2.0/armtools/bin/../lib/gcc/arm-atollic-eabi/4.6.2/thumb/armv7-m/crtbegin.o
 *(.bss*)
 .bss.CSP_MainVectTbl
                0x1000001c      0x230 uC-CSP\MCU\NXP\LPC17xx\csp_int.o
 .bss.CSP_USB_VectTbl
                0x1000024c       0x50 uC-CSP\MCU\NXP\LPC17xx\csp_int.o
 .bss.App_TaskStartTCB
                0x1000029c       0xc8 APP\app.o
 .bss.App_TaskStartStk
                0x10000364      0x200 APP\app.o
 *(COMMON)
 COMMON         0x10000564      0x7c0 uCOS-III\Source\os_var.o
                0x10000564                OSSchedLockNestingCtr
                0x10000568                OS_AppTaskReturnHookPtr
                0x1000056c                OSStatTaskTimeMax
                0x10000570                OSStatTaskCtr
                0x10000574                OSTaskRegNextAvailID
                0x10000575                OSRunning
                0x10000578                OSRdyList
                0x10000878                OSIntQInPtr
                0x1000087c                OSPrioHighRdy
                0x1000087d                OSStatTaskRdy
                0x10000880                OSSemDbgListPtr
                0x10000884                OS_AppTaskCreateHookPtr
                0x10000888                OSPrioCur
                0x1000088c                OSTickTaskTCB
                0x10000954                OSIntQTaskTimeMax
                0x10000958                OSTmrTickCtr
                0x1000095c                OSSchedLockTimeBegin
                0x10000960                OSTCBCurPtr
                0x10000964                OSQQty
                0x10000966                OSStatTaskCPUUsageMax
                0x10000968                OSIntQNbrEntriesMax
                0x1000096a                OSPrioSaved
                0x1000096c                OSTCBHighRdyPtr
                0x10000970                OSSchedLockTimeMaxCur
                0x10000974                OSTaskDbgListPtr
                0x10000978                OSTmrTaskTimeMax
                0x1000097c                OS_AppTaskDelHookPtr
                0x10000980                OS_AppTimeTickHookPtr
                0x10000984                OSTaskCtxSwCtr
                0x10000988                OSStatTaskCPUUsage
                0x1000098a                OSIntNestingCtr
                0x1000098c                OSTaskQty
                0x10000990                OSTmrTaskTCB
                0x10000a58                OSMsgPool
                0x10000a64                OSIntQOutPtr
                0x10000a68                OSIdleTaskTCB
                0x10000b30                OSQDbgListPtr
                0x10000b34                OSIntQTaskTCB
                0x10000bfc                OSSemQty
                0x10000c00                OSMemDbgListPtr
                0x10000c04                OSSchedRoundRobinDfltTimeQuanta
                0x10000c08                OS_AppIdleTaskHookPtr
                0x10000c0c                OSStatTaskCtrMax
                0x10000c10                OSTickCtr
                0x10000c14                OS_AppTaskSwHookPtr
                0x10000c18                OSTmrQty
                0x10000c1c                OSIntDisTimeMax
                0x10000c20                OSIdleTaskCtr
                0x10000c24                OSStatTaskCtrRun
                0x10000c28                OS_AppStatTaskHookPtr
                0x10000c2c                OSFlagQty
                0x10000c2e                OSIntQOvfCtr
                0x10000c30                OSFlagDbgListPtr
                0x10000c34                OSSchedLockTimeMax
                0x10000c38                OSStatResetFlag
                0x10000c3a                OSMemQty
                0x10000c3c                OSMutexQty
                0x10000c40                OSStatTaskTCB
                0x10000d08                OSTmrDbgListPtr
                0x10000d0c                OSTickTaskTimeMax
                0x10000d10                OSTmrUpdateCnt
                0x10000d14                OSSchedRoundRobinEn
                0x10000d18                OSMutexDbgListPtr
                0x10000d1c                OSIntQNbrEntries
                0x10000d20                OSTmrUpdateCtr
 COMMON         0x10000d24        0x8 uCOS-III\Source\os_prio.o
                0x10000d24                OSPrioTbl
 COMMON         0x10000d2c     0x2c60 uCOS-III\Source\os_cfg_app.o
                0x10000d2c                OSCfg_IntQTaskStk
                0x10000f2c                OSCfg_StatTaskStk
                0x1000112c                OSCfg_TickWheel
                0x100011ac                OSCfg_MsgPool
                0x10002dcc                OSCfg_TmrTaskStk
                0x10002fcc                OSCfg_TmrWheel
                0x1000304c                OSCfg_ISRStk
                0x1000344c                OSCfg_TickTaskStk
                0x1000364c                OSCfg_IntQ
                0x1000378c                OSCfg_IdleTaskStk
 COMMON         0x1000398c        0x4 uCOS-III\Ports\ARM-Cortex-M3\Generic\GNU\os_cpu_c.o
                0x1000398c                OS_CPU_ExceptStkBase
 COMMON         0x10003990     0x3c4c uC-LIB\lib_mem.o
                0x10003990                Mem_PoolHeap
                0x100039d8                Mem_Heap
                0x100075d8                Mem_PoolTbl
 COMMON         0x100075dc       0x30 uC-CPU\cpu_core.o
                0x100075dc                CPU_IntDisMeasMax_cnts
                0x100075e0                CPU_TS_TmrFreq_Hz
                0x100075e4                CPU_IntDisMeasStart_cnts
                0x100075e8                CPU_IntDisNestCtr
                0x100075ec                CPU_IntDisMeasStop_cnts
                0x100075f0                CPU_IntDisMeasMaxCur_cnts
                0x100075f4                CPU_IntDisMeasCtr
                0x100075f8                CPU_IntDisMeasOvrhd_cnts
                0x100075fc                CPU_Name
                0x1000760c                . = ALIGN (0x4)
                0x1000760c                _ebss = .
                0x1000760c                __bss_end__ = _ebss

._user_heap_stack
                0x1000760c      0x100 load address 0x00007d04
                0x1000760c                . = ALIGN (0x4)
                0x1000760c                PROVIDE (end, .)
                0x1000760c                PROVIDE (_end, .)
                0x1000760c                . = (. + _Min_Heap_Size)
                0x1000770c                . = (. + _Min_Stack_Size)
 *fill*         0x1000760c      0x100 00
                0x1000770c                . = ALIGN (0x4)

.memory_b1_text
 *(.mb1text)
 *(.mb1text*)
 *(.mb1rodata)
 *(.mb1rodata*)

/DISCARD/
 libc.a(*)
 libm.a(*)
 libgcc.a(*)

.ARM.attributes
                0x00000000       0x29
 *(.ARM.attributes)
 .ARM.attributes
                0x00000000       0x1d c:/program files (x86)/atollic/truestudio for arm pro 3.2.0/armtools/bin/../lib/gcc/arm-atollic-eabi/4.6.2/thumb/armv7-m/crti.o
 .ARM.attributes
                0x0000001d       0x2d c:/program files (x86)/atollic/truestudio for arm pro 3.2.0/armtools/bin/../lib/gcc/arm-atollic-eabi/4.6.2/thumb/armv7-m/crtbegin.o
 .ARM.attributes
                0x0000004a       0x33 uCOS-III\Source\os_var.o
 .ARM.attributes
                0x0000007d       0x33 uCOS-III\Source\os_tmr.o
 .ARM.attributes
                0x000000b0       0x33 uCOS-III\Source\os_time.o
 .ARM.attributes
                0x000000e3       0x33 uCOS-III\Source\os_tick.o
 .ARM.attributes
                0x00000116       0x33 uCOS-III\Source\os_task.o
 .ARM.attributes
                0x00000149       0x33 uCOS-III\Source\os_stat.o
 .ARM.attributes
                0x0000017c       0x33 uCOS-III\Source\os_sem.o
 .ARM.attributes
                0x000001af       0x33 uCOS-III\Source\os_q.o
 .ARM.attributes
                0x000001e2       0x33 uCOS-III\Source\os_prio.o
 .ARM.attributes
                0x00000215       0x33 uCOS-III\Source\os_pend_multi.o
 .ARM.attributes
                0x00000248       0x33 uCOS-III\Source\os_mutex.o
 .ARM.attributes
                0x0000027b       0x33 uCOS-III\Source\os_msg.o
 .ARM.attributes
                0x000002ae       0x33 uCOS-III\Source\os_mem.o
 .ARM.attributes
                0x000002e1       0x33 uCOS-III\Source\os_int.o
 .ARM.attributes
                0x00000314       0x33 uCOS-III\Source\os_flag.o
 .ARM.attributes
                0x00000347       0x33 uCOS-III\Source\os_dbg.o
 .ARM.attributes
                0x0000037a       0x33 uCOS-III\Source\os_core.o
 .ARM.attributes
                0x000003ad       0x33 uCOS-III\Source\os_cfg_app.o
 .ARM.attributes
                0x000003e0       0x33 uCOS-III\Ports\ARM-Cortex-M3\Generic\GNU\os_cpu_c.o
 .ARM.attributes
                0x00000413       0x21 uCOS-III\Ports\ARM-Cortex-M3\Generic\GNU\os_cpu_a.o
 .ARM.attributes
                0x00000434       0x33 uCOS-III\Ports\ARM-Cortex-M3\CSP\Generic\os_csp.o
 .ARM.attributes
                0x00000467       0x33 uC-LIB\lib_str.o
 .ARM.attributes
                0x0000049a       0x33 uC-LIB\lib_mem.o
 .ARM.attributes
                0x000004cd       0x33 uC-LIB\lib_math.o
 .ARM.attributes
                0x00000500       0x33 uC-LIB\lib_ascii.o
 .ARM.attributes
                0x00000533       0x33 uC-CSP\MCU\csp.o
 .ARM.attributes
                0x00000566       0x33 uC-CSP\MCU\NXP\LPC17xx\csp_tmr.o
 .ARM.attributes
                0x00000599       0x33 uC-CSP\MCU\NXP\LPC17xx\csp_pm.o
 .ARM.attributes
                0x000005cc       0x33 uC-CSP\MCU\NXP\LPC17xx\csp_int.o
 .ARM.attributes
                0x000005ff       0x33 uC-CSP\MCU\NXP\LPC17xx\csp_gpio.o
 .ARM.attributes
                0x00000632       0x33 uC-CPU\cpu_core.o
 .ARM.attributes
                0x00000665       0x33 uC-CPU\ARM-Cortex-M3\GNU\cpu_c.o
 .ARM.attributes
                0x00000698       0x21 uC-CPU\ARM-Cortex-M3\GNU\cpu_a.o
 .ARM.attributes
                0x000006b9       0x21 BSP\cstartup.o
 .ARM.attributes
                0x000006da       0x33 BSP\bsp.o
 .ARM.attributes
                0x0000070d       0x33 BSP\OS\bsp_os.o
 .ARM.attributes
                0x00000740       0x33 APP\os_app_hooks.o
 .ARM.attributes
                0x00000773       0x33 APP\app_hooks.o
 .ARM.attributes
                0x000007a6       0x33 APP\app.o
 .ARM.attributes
                0x000007d9       0x1d c:/program files (x86)/atollic/truestudio for arm pro 3.2.0/armtools/bin/../lib/gcc/arm-atollic-eabi/4.6.2/thumb/armv7-m\libgcc.a(_aeabi_uldivmod.o)
 .ARM.attributes
                0x000007f6       0x2d c:/program files (x86)/atollic/truestudio for arm pro 3.2.0/armtools/bin/../lib/gcc/arm-atollic-eabi/4.6.2/thumb/armv7-m\libgcc.a(bpabi.o)
 .ARM.attributes
                0x00000823       0x2d c:/program files (x86)/atollic/truestudio for arm pro 3.2.0/armtools/bin/../lib/gcc/arm-atollic-eabi/4.6.2/thumb/armv7-m\libgcc.a(unwind-arm.o)
 .ARM.attributes
                0x00000850       0x1d c:/program files (x86)/atollic/truestudio for arm pro 3.2.0/armtools/bin/../lib/gcc/arm-atollic-eabi/4.6.2/thumb/armv7-m\libgcc.a(libunwind.o)
 .ARM.attributes
                0x0000086d       0x2d c:/program files (x86)/atollic/truestudio for arm pro 3.2.0/armtools/bin/../lib/gcc/arm-atollic-eabi/4.6.2/thumb/armv7-m\libgcc.a(pr-support.o)
 .ARM.attributes
                0x0000089a       0x1d c:/program files (x86)/atollic/truestudio for arm pro 3.2.0/armtools/bin/../lib/gcc/arm-atollic-eabi/4.6.2/thumb/armv7-m\libgcc.a(_dvmd_tls.o)
 .ARM.attributes
                0x000008b7       0x2d c:/program files (x86)/atollic/truestudio for arm pro 3.2.0/armtools/bin/../lib/gcc/arm-atollic-eabi/4.6.2/thumb/armv7-m\libgcc.a(_divdi3.o)
 .ARM.attributes
                0x000008e4       0x2d c:/program files (x86)/atollic/truestudio for arm pro 3.2.0/armtools/bin/../lib/gcc/arm-atollic-eabi/4.6.2/thumb/armv7-m\libgcc.a(_udivdi3.o)
 .ARM.attributes
                0x00000911       0x2d c:/program files (x86)/atollic/truestudio for arm pro 3.2.0/armtools/bin/../lib/gcc/arm-atollic-eabi/4.6.2/../../../../arm-atollic-eabi/lib/thumb/armv7-m\libc.a(lib_a-abort.o)
 .ARM.attributes
                0x0000093e       0x2d c:/program files (x86)/atollic/truestudio for arm pro 3.2.0/armtools/bin/../lib/gcc/arm-atollic-eabi/4.6.2/../../../../arm-atollic-eabi/lib/thumb/armv7-m\libc.a(lib_a-init.o)
 .ARM.attributes
                0x0000096b       0x2d c:/program files (x86)/atollic/truestudio for arm pro 3.2.0/armtools/bin/../lib/gcc/arm-atollic-eabi/4.6.2/../../../../arm-atollic-eabi/lib/thumb/armv7-m\libc.a(lib_a-memcpy.o)
 .ARM.attributes
                0x00000998       0x2d c:/program files (x86)/atollic/truestudio for arm pro 3.2.0/armtools/bin/../lib/gcc/arm-atollic-eabi/4.6.2/../../../../arm-atollic-eabi/lib/thumb/armv7-m\libc.a(lib_a-signal.o)
 .ARM.attributes
                0x000009c5       0x2d c:/program files (x86)/atollic/truestudio for arm pro 3.2.0/armtools/bin/../lib/gcc/arm-atollic-eabi/4.6.2/../../../../arm-atollic-eabi/lib/thumb/armv7-m\libc.a(lib_a-signalr.o)
 .ARM.attributes
                0x000009f2       0x2d c:/program files (x86)/atollic/truestudio for arm pro 3.2.0/armtools/bin/../lib/gcc/arm-atollic-eabi/4.6.2/../../../../arm-atollic-eabi/lib/thumb/armv7-m\libc.a(lib_a-syscalls.o)
 .ARM.attributes
                0x00000a1f       0x2d c:/program files (x86)/atollic/truestudio for arm pro 3.2.0/armtools/bin/../lib/gcc/arm-atollic-eabi/4.6.2/../../../../arm-atollic-eabi/lib/thumb/armv7-m\libc.a(lib_a-impure.o)
 .ARM.attributes
                0x00000a4c       0x2d c:/program files (x86)/atollic/truestudio for arm pro 3.2.0/armtools/bin/../lib/gcc/arm-atollic-eabi/4.6.2/../../../../arm-atollic-eabi/lib/thumb/armv7-m\libc.a(lib_a-mallocr.o)
 .ARM.attributes
                0x00000a79       0x2d c:/program files (x86)/atollic/truestudio for arm pro 3.2.0/armtools/bin/../lib/gcc/arm-atollic-eabi/4.6.2/../../../../arm-atollic-eabi/lib/thumb/armv7-m\libc.a(lib_a-mlock.o)
 .ARM.attributes
                0x00000aa6       0x2d c:/program files (x86)/atollic/truestudio for arm pro 3.2.0/armtools/bin/../lib/gcc/arm-atollic-eabi/4.6.2/../../../../arm-atollic-eabi/lib/thumb/armv7-m\libc.a(lib_a-reent.o)
 .ARM.attributes
                0x00000ad3       0x2d c:/program files (x86)/atollic/truestudio for arm pro 3.2.0/armtools/bin/../lib/gcc/arm-atollic-eabi/4.6.2/../../../../arm-atollic-eabi/lib/thumb/armv7-m\libc.a(lib_a-sbrkr.o)
 .ARM.attributes
                0x00000b00       0x2d c:/program files (x86)/atollic/truestudio for arm pro 3.2.0/armtools/bin/../lib/gcc/arm-atollic-eabi/4.6.2/../../../../arm-atollic-eabi/lib/thumb/armv7-m\libc.a(lib_a-freer.o)
 .ARM.attributes
                0x00000b2d       0x2d c:/program files (x86)/atollic/truestudio for arm pro 3.2.0/armtools/bin/../lib/gcc/arm-atollic-eabi/4.6.2/thumb/armv7-m/crtend.o
 .ARM.attributes
                0x00000b5a       0x1d c:/program files (x86)/atollic/truestudio for arm pro 3.2.0/armtools/bin/../lib/gcc/arm-atollic-eabi/4.6.2/thumb/armv7-m/crtn.o
OUTPUT(uCOS-III.elf elf32-littlearm)

.debug_info     0x00000000    0x1bc59
 .debug_info    0x00000000     0x1235 uCOS-III\Source\os_var.o
 .debug_info    0x00001235     0x1591 uCOS-III\Source\os_tmr.o
 .debug_info    0x000027c6      0xfe4 uCOS-III\Source\os_time.o
 .debug_info    0x000037aa     0x10b4 uCOS-III\Source\os_tick.o
 .debug_info    0x0000485e     0x1883 uCOS-III\Source\os_task.o
 .debug_info    0x000060e1     0x12bb uCOS-III\Source\os_stat.o
 .debug_info    0x0000739c     0x126a uCOS-III\Source\os_sem.o
 .debug_info    0x00008606     0x12a7 uCOS-III\Source\os_q.o
 .debug_info    0x000098ad      0x1db uCOS-III\Source\os_prio.o
 .debug_info    0x00009a88     0x1068 uCOS-III\Source\os_pend_multi.o
 .debug_info    0x0000aaf0     0x11ad uCOS-III\Source\os_mutex.o
 .debug_info    0x0000bc9d      0x953 uCOS-III\Source\os_msg.o
 .debug_info    0x0000c5f0      0x8e5 uCOS-III\Source\os_mem.o
 .debug_info    0x0000ced5     0x133e uCOS-III\Source\os_int.o
 .debug_info    0x0000e213     0x138f uCOS-III\Source\os_flag.o
 .debug_info    0x0000f5a2     0x1deb uCOS-III\Source\os_dbg.o
 .debug_info    0x0001138d     0x1c6e uCOS-III\Source\os_core.o
 .debug_info    0x00012ffb     0x107a uCOS-III\Source\os_cfg_app.o
 .debug_info    0x00014075      0xb70 uCOS-III\Ports\ARM-Cortex-M3\Generic\GNU\os_cpu_c.o
 .debug_info    0x00014be5       0xf6 uCOS-III\Ports\ARM-Cortex-M3\Generic\GNU\os_cpu_a.o
 .debug_info    0x00014cdb      0x118 uCOS-III\Ports\ARM-Cortex-M3\CSP\Generic\os_csp.o
 .debug_info    0x00014df3      0xda9 uC-LIB\lib_str.o
 .debug_info    0x00015b9c      0xfbd uC-LIB\lib_mem.o
 .debug_info    0x00016b59      0x188 uC-LIB\lib_math.o
 .debug_info    0x00016ce1      0x465 uC-LIB\lib_ascii.o
 .debug_info    0x00017146      0x1e0 uC-CSP\MCU\csp.o
 .debug_info    0x00017326      0x5b5 uC-CSP\MCU\NXP\LPC17xx\csp_tmr.o
 .debug_info    0x000178db      0x338 uC-CSP\MCU\NXP\LPC17xx\csp_pm.o
 .debug_info    0x00017c13      0x4d2 uC-CSP\MCU\NXP\LPC17xx\csp_int.o
 .debug_info    0x000180e5      0x3d8 uC-CSP\MCU\NXP\LPC17xx\csp_gpio.o
 .debug_info    0x000184bd      0x80d uC-CPU\cpu_core.o
 .debug_info    0x00018cca      0x3b5 uC-CPU\ARM-Cortex-M3\GNU\cpu_c.o
 .debug_info    0x0001907f       0xe3 uC-CPU\ARM-Cortex-M3\GNU\cpu_a.o
 .debug_info    0x00019162       0xcf BSP\cstartup.o
 .debug_info    0x00019231      0x3c8 BSP\bsp.o
 .debug_info    0x000195f9      0xebf BSP\OS\bsp_os.o
 .debug_info    0x0001a4b8      0x9ae APP\os_app_hooks.o
 .debug_info    0x0001ae66       0x88 APP\app_hooks.o
 .debug_info    0x0001aeee      0xd6b APP\app.o

.debug_abbrev   0x00000000     0x2bf0
 .debug_abbrev  0x00000000       0xbb uCOS-III\Source\os_var.o
 .debug_abbrev  0x000000bb      0x1b2 uCOS-III\Source\os_tmr.o
 .debug_abbrev  0x0000026d      0x176 uCOS-III\Source\os_time.o
 .debug_abbrev  0x000003e3      0x171 uCOS-III\Source\os_tick.o
 .debug_abbrev  0x00000554      0x16f uCOS-III\Source\os_task.o
 .debug_abbrev  0x000006c3      0x15d uCOS-III\Source\os_stat.o
 .debug_abbrev  0x00000820      0x1a6 uCOS-III\Source\os_sem.o
 .debug_abbrev  0x000009c6      0x1a6 uCOS-III\Source\os_q.o
 .debug_abbrev  0x00000b6c       0xd3 uCOS-III\Source\os_prio.o
 .debug_abbrev  0x00000c3f      0x171 uCOS-III\Source\os_pend_multi.o
 .debug_abbrev  0x00000db0      0x1a6 uCOS-III\Source\os_mutex.o
 .debug_abbrev  0x00000f56      0x145 uCOS-III\Source\os_msg.o
 .debug_abbrev  0x0000109b      0x120 uCOS-III\Source\os_mem.o
 .debug_abbrev  0x000011bb      0x16c uCOS-III\Source\os_int.o
 .debug_abbrev  0x00001327      0x1a6 uCOS-III\Source\os_flag.o
 .debug_abbrev  0x000014cd      0x10c uCOS-III\Source\os_dbg.o
 .debug_abbrev  0x000015d9      0x199 uCOS-III\Source\os_core.o
 .debug_abbrev  0x00001772       0xfd uCOS-III\Source\os_cfg_app.o
 .debug_abbrev  0x0000186f      0x1c7 uCOS-III\Ports\ARM-Cortex-M3\Generic\GNU\os_cpu_c.o
 .debug_abbrev  0x00001a36       0x14 uCOS-III\Ports\ARM-Cortex-M3\Generic\GNU\os_cpu_a.o
 .debug_abbrev  0x00001a4a       0x84 uCOS-III\Ports\ARM-Cortex-M3\CSP\Generic\os_csp.o
 .debug_abbrev  0x00001ace      0x10d uC-LIB\lib_str.o
 .debug_abbrev  0x00001bdb      0x175 uC-LIB\lib_mem.o
 .debug_abbrev  0x00001d50      0x102 uC-LIB\lib_math.o
 .debug_abbrev  0x00001e52       0xcd uC-LIB\lib_ascii.o
 .debug_abbrev  0x00001f1f       0xdd uC-CSP\MCU\csp.o
 .debug_abbrev  0x00001ffc      0x147 uC-CSP\MCU\NXP\LPC17xx\csp_tmr.o
 .debug_abbrev  0x00002143       0xef uC-CSP\MCU\NXP\LPC17xx\csp_pm.o
 .debug_abbrev  0x00002232      0x144 uC-CSP\MCU\NXP\LPC17xx\csp_int.o
 .debug_abbrev  0x00002376      0x11c uC-CSP\MCU\NXP\LPC17xx\csp_gpio.o
 .debug_abbrev  0x00002492      0x1a8 uC-CPU\cpu_core.o
 .debug_abbrev  0x0000263a      0x10a uC-CPU\ARM-Cortex-M3\GNU\cpu_c.o
 .debug_abbrev  0x00002744       0x14 uC-CPU\ARM-Cortex-M3\GNU\cpu_a.o
 .debug_abbrev  0x00002758       0x12 BSP\cstartup.o
 .debug_abbrev  0x0000276a       0xe9 BSP\bsp.o
 .debug_abbrev  0x00002853      0x141 BSP\OS\bsp_os.o
 .debug_abbrev  0x00002994      0x107 APP\os_app_hooks.o
 .debug_abbrev  0x00002a9b       0x2a APP\app_hooks.o
 .debug_abbrev  0x00002ac5      0x12b APP\app.o

.debug_line     0x00000000     0x9176
 .debug_line    0x00000000      0x22c uCOS-III\Source\os_var.o
 .debug_line    0x0000022c      0x549 uCOS-III\Source\os_tmr.o
 .debug_line    0x00000775      0x432 uCOS-III\Source\os_time.o
 .debug_line    0x00000ba7      0x40c uCOS-III\Source\os_tick.o
 .debug_line    0x00000fb3      0xa64 uCOS-III\Source\os_task.o
 .debug_line    0x00001a17      0x3b0 uCOS-III\Source\os_stat.o
 .debug_line    0x00001dc7      0x50e uCOS-III\Source\os_sem.o
 .debug_line    0x000022d5      0x550 uCOS-III\Source\os_q.o
 .debug_line    0x00002825      0x221 uCOS-III\Source\os_prio.o
 .debug_line    0x00002a46      0x364 uCOS-III\Source\os_pend_multi.o
 .debug_line    0x00002daa      0x5c4 uCOS-III\Source\os_mutex.o
 .debug_line    0x0000336e      0x334 uCOS-III\Source\os_msg.o
 .debug_line    0x000036a2      0x2a9 uCOS-III\Source\os_mem.o
 .debug_line    0x0000394b      0x36f uCOS-III\Source\os_int.o
 .debug_line    0x00003cba      0x696 uCOS-III\Source\os_flag.o
 .debug_line    0x00004350      0x2b2 uCOS-III\Source\os_dbg.o
 .debug_line    0x00004602      0x81c uCOS-III\Source\os_core.o
 .debug_line    0x00004e1e      0x271 uCOS-III\Source\os_cfg_app.o
 .debug_line    0x0000508f      0x444 uCOS-III\Ports\ARM-Cortex-M3\Generic\GNU\os_cpu_c.o
 .debug_line    0x000054d3       0x9f uCOS-III\Ports\ARM-Cortex-M3\Generic\GNU\os_cpu_a.o
 .debug_line    0x00005572      0x1f8 uCOS-III\Ports\ARM-Cortex-M3\CSP\Generic\os_csp.o
 .debug_line    0x0000576a      0x5b0 uC-LIB\lib_str.o
 .debug_line    0x00005d1a      0x713 uC-LIB\lib_mem.o
 .debug_line    0x0000642d      0x1ef uC-LIB\lib_math.o
 .debug_line    0x0000661c      0x446 uC-LIB\lib_ascii.o
 .debug_line    0x00006a62      0x290 uC-CSP\MCU\csp.o
 .debug_line    0x00006cf2      0x400 uC-CSP\MCU\NXP\LPC17xx\csp_tmr.o
 .debug_line    0x000070f2      0x2cd uC-CSP\MCU\NXP\LPC17xx\csp_pm.o
 .debug_line    0x000073bf      0x40e uC-CSP\MCU\NXP\LPC17xx\csp_int.o
 .debug_line    0x000077cd      0x3fd uC-CSP\MCU\NXP\LPC17xx\csp_gpio.o
 .debug_line    0x00007bca      0x449 uC-CPU\cpu_core.o
 .debug_line    0x00008013      0x29a uC-CPU\ARM-Cortex-M3\GNU\cpu_c.o
 .debug_line    0x000082ad       0x82 uC-CPU\ARM-Cortex-M3\GNU\cpu_a.o
 .debug_line    0x0000832f       0xd8 BSP\cstartup.o
 .debug_line    0x00008407      0x464 BSP\bsp.o
 .debug_line    0x0000886b      0x34e BSP\OS\bsp_os.o
 .debug_line    0x00008bb9      0x301 APP\os_app_hooks.o
 .debug_line    0x00008eba       0x1d APP\app_hooks.o
 .debug_line    0x00008ed7      0x29f APP\app.o

.debug_str      0x00000000     0x4d1b
 .debug_str     0x00000000      0xaa5 uCOS-III\Source\os_var.o
                                0xbb0 (size before relaxing)
 .debug_str     0x00000aa5      0xec0 uCOS-III\Source\os_tmr.o
                               0x156b (size before relaxing)
 .debug_str     0x00001965       0xa8 uCOS-III\Source\os_time.o
                               0x134b (size before relaxing)
 .debug_str     0x00001a0d      0x166 uCOS-III\Source\os_tick.o
                               0x142a (size before relaxing)
 .debug_str     0x00001b73      0x267 uCOS-III\Source\os_task.o
                               0x159f (size before relaxing)
 .debug_str     0x00001dda      0x128 uCOS-III\Source\os_stat.o
                               0x154d (size before relaxing)
 .debug_str     0x00001f02       0xf5 uCOS-III\Source\os_sem.o
                               0x1395 (size before relaxing)
 .debug_str     0x00001ff7       0xbf uCOS-III\Source\os_q.o
                               0x13b3 (size before relaxing)
 .debug_str     0x000020b6       0x87 uCOS-III\Source\os_prio.o
                                0x1f6 (size before relaxing)
 .debug_str     0x0000213d       0x9c uCOS-III\Source\os_pend_multi.o
                               0x133a (size before relaxing)
 .debug_str     0x000021d9       0xdf uCOS-III\Source\os_mutex.o
                               0x13e7 (size before relaxing)
 .debug_str     0x000022b8       0xb5 uCOS-III\Source\os_msg.o
                                0xf7d (size before relaxing)
 .debug_str     0x0000236d       0x8f uCOS-III\Source\os_mem.o
                                0xf54 (size before relaxing)
 .debug_str     0x000023fc       0xf0 uCOS-III\Source\os_int.o
                               0x1487 (size before relaxing)
 .debug_str     0x000024ec      0x11d uCOS-III\Source\os_flag.o
                               0x141f (size before relaxing)
 .debug_str     0x00002609      0x4fb uCOS-III\Source\os_dbg.o
                               0x1093 (size before relaxing)
 .debug_str     0x00002b04      0x35f uCOS-III\Source\os_core.o
                               0x188f (size before relaxing)
 .debug_str     0x00002e63      0x1af uCOS-III\Source\os_cfg_app.o
                                0xa8c (size before relaxing)
 .debug_str     0x00003012      0x114 uCOS-III\Ports\ARM-Cortex-M3\Generic\GNU\os_cpu_c.o
                                0x84b (size before relaxing)
 .debug_str     0x00003126       0x6f uCOS-III\Ports\ARM-Cortex-M3\CSP\Generic\os_csp.o
                                0x1f6 (size before relaxing)
 .debug_str     0x00003195      0x48f uC-LIB\lib_str.o
                                0x650 (size before relaxing)
 .debug_str     0x00003624      0x7fe uC-LIB\lib_mem.o
                                0xa05 (size before relaxing)
 .debug_str     0x00003e22       0x7f uC-LIB\lib_math.o
                                0x1e4 (size before relaxing)
 .debug_str     0x00003ea1      0x147 uC-LIB\lib_ascii.o
                                0x2d0 (size before relaxing)
 .debug_str     0x00003fe8       0xae uC-CSP\MCU\csp.o
                                0x23a (size before relaxing)
 .debug_str     0x00004096      0x173 uC-CSP\MCU\NXP\LPC17xx\csp_tmr.o
                                0x312 (size before relaxing)
 .debug_str     0x00004209      0x121 uC-CSP\MCU\NXP\LPC17xx\csp_pm.o
                                0x2ef (size before relaxing)
 .debug_str     0x0000432a      0x132 uC-CSP\MCU\NXP\LPC17xx\csp_int.o
                                0x348 (size before relaxing)
 .debug_str     0x0000445c      0x165 uC-CSP\MCU\NXP\LPC17xx\csp_gpio.o
                                0x32c (size before relaxing)
 .debug_str     0x000045c1      0x39a uC-CPU\cpu_core.o
                                0x567 (size before relaxing)
 .debug_str     0x0000495b       0xd8 uC-CPU\ARM-Cortex-M3\GNU\cpu_c.o
                                0x278 (size before relaxing)
 .debug_str     0x00004a33       0xf9 BSP\bsp.o
                                0x367 (size before relaxing)
 .debug_str     0x00004b2c       0xa0 BSP\OS\bsp_os.o
                               0x12e1 (size before relaxing)
 .debug_str     0x00004bcc       0xd8 APP\os_app_hooks.o
                                0x756 (size before relaxing)
 .debug_str     0x00004ca4       0x1e APP\app_hooks.o
                                0x185 (size before relaxing)
 .debug_str     0x00004cc2       0x59 APP\app.o
                               0x128f (size before relaxing)

.comment        0x00000000       0x89
 .comment       0x00000000       0x89 uCOS-III\Source\os_var.o
                                 0x8a (size before relaxing)
 .comment       0x00000000       0x8a uCOS-III\Source\os_tmr.o
 .comment       0x00000000       0x8a uCOS-III\Source\os_time.o
 .comment       0x00000000       0x8a uCOS-III\Source\os_tick.o
 .comment       0x00000000       0x8a uCOS-III\Source\os_task.o
 .comment       0x00000000       0x8a uCOS-III\Source\os_stat.o
 .comment       0x00000000       0x8a uCOS-III\Source\os_sem.o
 .comment       0x00000000       0x8a uCOS-III\Source\os_q.o
 .comment       0x00000000       0x8a uCOS-III\Source\os_prio.o
 .comment       0x00000000       0x8a uCOS-III\Source\os_pend_multi.o
 .comment       0x00000000       0x8a uCOS-III\Source\os_mutex.o
 .comment       0x00000000       0x8a uCOS-III\Source\os_msg.o
 .comment       0x00000000       0x8a uCOS-III\Source\os_mem.o
 .comment       0x00000000       0x8a uCOS-III\Source\os_int.o
 .comment       0x00000000       0x8a uCOS-III\Source\os_flag.o
 .comment       0x00000000       0x8a uCOS-III\Source\os_dbg.o
 .comment       0x00000000       0x8a uCOS-III\Source\os_core.o
 .comment       0x00000000       0x8a uCOS-III\Source\os_cfg_app.o
 .comment       0x00000000       0x8a uCOS-III\Ports\ARM-Cortex-M3\Generic\GNU\os_cpu_c.o
 .comment       0x00000000       0x8a uCOS-III\Ports\ARM-Cortex-M3\CSP\Generic\os_csp.o
 .comment       0x00000000       0x8a uC-LIB\lib_str.o
 .comment       0x00000000       0x8a uC-LIB\lib_mem.o
 .comment       0x00000000       0x8a uC-LIB\lib_math.o
 .comment       0x00000000       0x8a uC-LIB\lib_ascii.o
 .comment       0x00000000       0x8a uC-CSP\MCU\csp.o
 .comment       0x00000000       0x8a uC-CSP\MCU\NXP\LPC17xx\csp_tmr.o
 .comment       0x00000000       0x8a uC-CSP\MCU\NXP\LPC17xx\csp_pm.o
 .comment       0x00000000       0x8a uC-CSP\MCU\NXP\LPC17xx\csp_int.o
 .comment       0x00000000       0x8a uC-CSP\MCU\NXP\LPC17xx\csp_gpio.o
 .comment       0x00000000       0x8a uC-CPU\cpu_core.o
 .comment       0x00000000       0x8a uC-CPU\ARM-Cortex-M3\GNU\cpu_c.o
 .comment       0x00000000       0x8a BSP\bsp.o
 .comment       0x00000000       0x8a BSP\OS\bsp_os.o
 .comment       0x00000000       0x8a APP\os_app_hooks.o
 .comment       0x00000000       0x8a APP\app_hooks.o
 .comment       0x00000000       0x8a APP\app.o

.debug_loc      0x00000000     0x4a8d
 .debug_loc     0x00000000      0x311 uCOS-III\Source\os_tmr.o
 .debug_loc     0x00000311      0x150 uCOS-III\Source\os_time.o
 .debug_loc     0x00000461      0x188 uCOS-III\Source\os_tick.o
 .debug_loc     0x000005e9      0x5e8 uCOS-III\Source\os_task.o
 .debug_loc     0x00000bd1       0xe2 uCOS-III\Source\os_stat.o
 .debug_loc     0x00000cb3      0x26b uCOS-III\Source\os_sem.o
 .debug_loc     0x00000f1e      0x26a uCOS-III\Source\os_q.o
 .debug_loc     0x00001188       0xe0 uCOS-III\Source\os_prio.o
 .debug_loc     0x00001268       0xe0 uCOS-III\Source\os_pend_multi.o
 .debug_loc     0x00001348      0x1fa uCOS-III\Source\os_mutex.o
 .debug_loc     0x00001542      0x118 uCOS-III\Source\os_msg.o
 .debug_loc     0x0000165a      0x118 uCOS-III\Source\os_mem.o
 .debug_loc     0x00001772       0xe1 uCOS-III\Source\os_int.o
 .debug_loc     0x00001853      0x2da uCOS-III\Source\os_flag.o
 .debug_loc     0x00001b2d       0x38 uCOS-III\Source\os_dbg.o
 .debug_loc     0x00001b65      0x8a8 uCOS-III\Source\os_core.o
 .debug_loc     0x0000240d       0x2c uCOS-III\Source\os_cfg_app.o
 .debug_loc     0x00002439      0x244 uCOS-III\Ports\ARM-Cortex-M3\Generic\GNU\os_cpu_c.o
 .debug_loc     0x0000267d       0x70 uCOS-III\Ports\ARM-Cortex-M3\CSP\Generic\os_csp.o
 .debug_loc     0x000026ed      0x544 uC-LIB\lib_str.o
 .debug_loc     0x00002c31      0x432 uC-LIB\lib_mem.o
 .debug_loc     0x00003063       0xd4 uC-LIB\lib_math.o
 .debug_loc     0x00003137      0x380 uC-LIB\lib_ascii.o
 .debug_loc     0x000034b7       0xa8 uC-CSP\MCU\csp.o
 .debug_loc     0x0000355f      0x1f8 uC-CSP\MCU\NXP\LPC17xx\csp_tmr.o
 .debug_loc     0x00003757      0x224 uC-CSP\MCU\NXP\LPC17xx\csp_pm.o
 .debug_loc     0x0000397b      0x268 uC-CSP\MCU\NXP\LPC17xx\csp_int.o
 .debug_loc     0x00003be3      0x1b4 uC-CSP\MCU\NXP\LPC17xx\csp_gpio.o
 .debug_loc     0x00003d97      0x56a uC-CPU\cpu_core.o
 .debug_loc     0x00004301      0x188 uC-CPU\ARM-Cortex-M3\GNU\cpu_c.o
 .debug_loc     0x00004489      0x268 BSP\bsp.o
 .debug_loc     0x000046f1       0xe0 BSP\OS\bsp_os.o
 .debug_loc     0x000047d1      0x1f4 APP\os_app_hooks.o
 .debug_loc     0x000049c5       0xc8 APP\app.o

.debug_aranges  0x00000000      0xe90
 .debug_aranges
                0x00000000       0x88 uCOS-III\Source\os_tmr.o
 .debug_aranges
                0x00000088       0x48 uCOS-III\Source\os_time.o
 .debug_aranges
                0x000000d0       0x50 uCOS-III\Source\os_tick.o
 .debug_aranges
                0x00000120       0xf0 uCOS-III\Source\os_task.o
 .debug_aranges
                0x00000210       0x38 uCOS-III\Source\os_stat.o
 .debug_aranges
                0x00000248       0x70 uCOS-III\Source\os_sem.o
 .debug_aranges
                0x000002b8       0x70 uCOS-III\Source\os_q.o
 .debug_aranges
                0x00000328       0x38 uCOS-III\Source\os_prio.o
 .debug_aranges
                0x00000360       0x38 uCOS-III\Source\os_pend_multi.o
 .debug_aranges
                0x00000398       0x60 uCOS-III\Source\os_mutex.o
 .debug_aranges
                0x000003f8       0x40 uCOS-III\Source\os_msg.o
 .debug_aranges
                0x00000438       0x40 uCOS-III\Source\os_mem.o
 .debug_aranges
                0x00000478       0x38 uCOS-III\Source\os_int.o
 .debug_aranges
                0x000004b0       0x80 uCOS-III\Source\os_flag.o
 .debug_aranges
                0x00000530       0x20 uCOS-III\Source\os_dbg.o
 .debug_aranges
                0x00000550      0x158 uCOS-III\Source\os_core.o
 .debug_aranges
                0x000006a8       0x20 uCOS-III\Source\os_cfg_app.o
 .debug_aranges
                0x000006c8       0x70 uCOS-III\Ports\ARM-Cortex-M3\Generic\GNU\os_cpu_c.o
 .debug_aranges
                0x00000738       0x20 uCOS-III\Ports\ARM-Cortex-M3\Generic\GNU\os_cpu_a.o
 .debug_aranges
                0x00000758       0x28 uCOS-III\Ports\ARM-Cortex-M3\CSP\Generic\os_csp.o
 .debug_aranges
                0x00000780       0xd8 uC-LIB\lib_str.o
 .debug_aranges
                0x00000858       0xb0 uC-LIB\lib_mem.o
 .debug_aranges
                0x00000908       0x38 uC-LIB\lib_math.o
 .debug_aranges
                0x00000940       0x98 uC-LIB\lib_ascii.o
 .debug_aranges
                0x000009d8       0x30 uC-CSP\MCU\csp.o
 .debug_aranges
                0x00000a08       0x60 uC-CSP\MCU\NXP\LPC17xx\csp_tmr.o
 .debug_aranges
                0x00000a68       0x68 uC-CSP\MCU\NXP\LPC17xx\csp_pm.o
 .debug_aranges
                0x00000ad0       0x70 uC-CSP\MCU\NXP\LPC17xx\csp_int.o
 .debug_aranges
                0x00000b40       0x58 uC-CSP\MCU\NXP\LPC17xx\csp_gpio.o
 .debug_aranges
                0x00000b98       0xe8 uC-CPU\cpu_core.o
 .debug_aranges
                0x00000c80       0x50 uC-CPU\ARM-Cortex-M3\GNU\cpu_c.o
 .debug_aranges
                0x00000cd0       0x20 uC-CPU\ARM-Cortex-M3\GNU\cpu_a.o
 .debug_aranges
                0x00000cf0       0x58 BSP\cstartup.o
 .debug_aranges
                0x00000d48       0x70 BSP\bsp.o
 .debug_aranges
                0x00000db8       0x38 BSP\OS\bsp_os.o
 .debug_aranges
                0x00000df0       0x68 APP\os_app_hooks.o
 .debug_aranges
                0x00000e58       0x38 APP\app.o

.debug_ranges   0x00000000      0xc28
 .debug_ranges  0x00000000       0x78 uCOS-III\Source\os_tmr.o
 .debug_ranges  0x00000078       0x38 uCOS-III\Source\os_time.o
 .debug_ranges  0x000000b0       0x40 uCOS-III\Source\os_tick.o
 .debug_ranges  0x000000f0       0xe0 uCOS-III\Source\os_task.o
 .debug_ranges  0x000001d0       0x28 uCOS-III\Source\os_stat.o
 .debug_ranges  0x000001f8       0x60 uCOS-III\Source\os_sem.o
 .debug_ranges  0x00000258       0x60 uCOS-III\Source\os_q.o
 .debug_ranges  0x000002b8       0x28 uCOS-III\Source\os_prio.o
 .debug_ranges  0x000002e0       0x28 uCOS-III\Source\os_pend_multi.o
 .debug_ranges  0x00000308       0x50 uCOS-III\Source\os_mutex.o
 .debug_ranges  0x00000358       0x30 uCOS-III\Source\os_msg.o
 .debug_ranges  0x00000388       0x30 uCOS-III\Source\os_mem.o
 .debug_ranges  0x000003b8       0x28 uCOS-III\Source\os_int.o
 .debug_ranges  0x000003e0       0x70 uCOS-III\Source\os_flag.o
 .debug_ranges  0x00000450       0x10 uCOS-III\Source\os_dbg.o
 .debug_ranges  0x00000460      0x148 uCOS-III\Source\os_core.o
 .debug_ranges  0x000005a8       0x10 uCOS-III\Source\os_cfg_app.o
 .debug_ranges  0x000005b8       0x60 uCOS-III\Ports\ARM-Cortex-M3\Generic\GNU\os_cpu_c.o
 .debug_ranges  0x00000618       0x18 uCOS-III\Ports\ARM-Cortex-M3\CSP\Generic\os_csp.o
 .debug_ranges  0x00000630       0xc8 uC-LIB\lib_str.o
 .debug_ranges  0x000006f8       0xa0 uC-LIB\lib_mem.o
 .debug_ranges  0x00000798       0x28 uC-LIB\lib_math.o
 .debug_ranges  0x000007c0       0x88 uC-LIB\lib_ascii.o
 .debug_ranges  0x00000848       0x20 uC-CSP\MCU\csp.o
 .debug_ranges  0x00000868       0x50 uC-CSP\MCU\NXP\LPC17xx\csp_tmr.o
 .debug_ranges  0x000008b8       0x58 uC-CSP\MCU\NXP\LPC17xx\csp_pm.o
 .debug_ranges  0x00000910       0x60 uC-CSP\MCU\NXP\LPC17xx\csp_int.o
 .debug_ranges  0x00000970       0x48 uC-CSP\MCU\NXP\LPC17xx\csp_gpio.o
 .debug_ranges  0x000009b8       0xd8 uC-CPU\cpu_core.o
 .debug_ranges  0x00000a90       0x40 uC-CPU\ARM-Cortex-M3\GNU\cpu_c.o
 .debug_ranges  0x00000ad0       0x50 BSP\cstartup.o
 .debug_ranges  0x00000b20       0x60 BSP\bsp.o
 .debug_ranges  0x00000b80       0x28 BSP\OS\bsp_os.o
 .debug_ranges  0x00000ba8       0x58 APP\os_app_hooks.o
 .debug_ranges  0x00000c00       0x28 APP\app.o

.debug_frame    0x00000000     0x3334
 .debug_frame   0x00000000      0x1b8 uCOS-III\Source\os_tmr.o
 .debug_frame   0x000001b8       0xd0 uCOS-III\Source\os_time.o
 .debug_frame   0x00000288       0xe0 uCOS-III\Source\os_tick.o
 .debug_frame   0x00000368      0x364 uCOS-III\Source\os_task.o
 .debug_frame   0x000006cc       0x90 uCOS-III\Source\os_stat.o
 .debug_frame   0x0000075c      0x164 uCOS-III\Source\os_sem.o
 .debug_frame   0x000008c0      0x164 uCOS-III\Source\os_q.o
 .debug_frame   0x00000a24       0x84 uCOS-III\Source\os_prio.o
 .debug_frame   0x00000aa8       0x8c uCOS-III\Source\os_pend_multi.o
 .debug_frame   0x00000b34      0x124 uCOS-III\Source\os_mutex.o
 .debug_frame   0x00000c58       0x9c uCOS-III\Source\os_msg.o
 .debug_frame   0x00000cf4       0xa8 uCOS-III\Source\os_mem.o
 .debug_frame   0x00000d9c       0x90 uCOS-III\Source\os_int.o
 .debug_frame   0x00000e2c      0x1a4 uCOS-III\Source\os_flag.o
 .debug_frame   0x00000fd0       0x2c uCOS-III\Source\os_dbg.o
 .debug_frame   0x00000ffc      0x4c8 uCOS-III\Source\os_core.o
 .debug_frame   0x000014c4       0x28 uCOS-III\Source\os_cfg_app.o
 .debug_frame   0x000014ec      0x158 uCOS-III\Ports\ARM-Cortex-M3\Generic\GNU\os_cpu_c.o
 .debug_frame   0x00001644       0x50 uCOS-III\Ports\ARM-Cortex-M3\CSP\Generic\os_csp.o
 .debug_frame   0x00001694      0x2f8 uC-LIB\lib_str.o
 .debug_frame   0x0000198c      0x254 uC-LIB\lib_mem.o
 .debug_frame   0x00001be0       0x88 uC-LIB\lib_math.o
 .debug_frame   0x00001c68      0x1d4 uC-LIB\lib_ascii.o
 .debug_frame   0x00001e3c       0x68 uC-CSP\MCU\csp.o
 .debug_frame   0x00001ea4      0x128 uC-CSP\MCU\NXP\LPC17xx\csp_tmr.o
 .debug_frame   0x00001fcc      0x134 uC-CSP\MCU\NXP\LPC17xx\csp_pm.o
 .debug_frame   0x00002100      0x16c uC-CSP\MCU\NXP\LPC17xx\csp_int.o
 .debug_frame   0x0000226c       0xfc uC-CSP\MCU\NXP\LPC17xx\csp_gpio.o
 .debug_frame   0x00002368      0x330 uC-CPU\cpu_core.o
 .debug_frame   0x00002698       0xe8 uC-CPU\ARM-Cortex-M3\GNU\cpu_c.o
 .debug_frame   0x00002780      0x170 BSP\bsp.o
 .debug_frame   0x000028f0       0x90 BSP\OS\bsp_os.o
 .debug_frame   0x00002980      0x11c APP\os_app_hooks.o
 .debug_frame   0x00002a9c       0x80 APP\app.o
 .debug_frame   0x00002b1c       0x50 c:/program files (x86)/atollic/truestudio for arm pro 3.2.0/armtools/bin/../lib/gcc/arm-atollic-eabi/4.6.2/thumb/armv7-m\libgcc.a(bpabi.o)
 .debug_frame   0x00002b6c      0x268 c:/program files (x86)/atollic/truestudio for arm pro 3.2.0/armtools/bin/../lib/gcc/arm-atollic-eabi/4.6.2/thumb/armv7-m\libgcc.a(unwind-arm.o)
 .debug_frame   0x00002dd4       0xec c:/program files (x86)/atollic/truestudio for arm pro 3.2.0/armtools/bin/../lib/gcc/arm-atollic-eabi/4.6.2/thumb/armv7-m\libgcc.a(pr-support.o)
 .debug_frame   0x00002ec0       0x34 c:/program files (x86)/atollic/truestudio for arm pro 3.2.0/armtools/bin/../lib/gcc/arm-atollic-eabi/4.6.2/thumb/armv7-m\libgcc.a(_divdi3.o)
 .debug_frame   0x00002ef4       0x34 c:/program files (x86)/atollic/truestudio for arm pro 3.2.0/armtools/bin/../lib/gcc/arm-atollic-eabi/4.6.2/thumb/armv7-m\libgcc.a(_udivdi3.o)
 .debug_frame   0x00002f28       0x28 c:/program files (x86)/atollic/truestudio for arm pro 3.2.0/armtools/bin/../lib/gcc/arm-atollic-eabi/4.6.2/../../../../arm-atollic-eabi/lib/thumb/armv7-m\libc.a(lib_a-abort.o)
 .debug_frame   0x00002f50       0x2c c:/program files (x86)/atollic/truestudio for arm pro 3.2.0/armtools/bin/../lib/gcc/arm-atollic-eabi/4.6.2/../../../../arm-atollic-eabi/lib/thumb/armv7-m\libc.a(lib_a-init.o)
 .debug_frame   0x00002f7c       0x28 c:/program files (x86)/atollic/truestudio for arm pro 3.2.0/armtools/bin/../lib/gcc/arm-atollic-eabi/4.6.2/../../../../arm-atollic-eabi/lib/thumb/armv7-m\libc.a(lib_a-memcpy.o)
 .debug_frame   0x00002fa4       0xc0 c:/program files (x86)/atollic/truestudio for arm pro 3.2.0/armtools/bin/../lib/gcc/arm-atollic-eabi/4.6.2/../../../../arm-atollic-eabi/lib/thumb/armv7-m\libc.a(lib_a-signal.o)
 .debug_frame   0x00003064       0x3c c:/program files (x86)/atollic/truestudio for arm pro 3.2.0/armtools/bin/../lib/gcc/arm-atollic-eabi/4.6.2/../../../../arm-atollic-eabi/lib/thumb/armv7-m\libc.a(lib_a-signalr.o)
 .debug_frame   0x000030a0      0x14c c:/program files (x86)/atollic/truestudio for arm pro 3.2.0/armtools/bin/../lib/gcc/arm-atollic-eabi/4.6.2/../../../../arm-atollic-eabi/lib/thumb/armv7-m\libc.a(lib_a-syscalls.o)
 .debug_frame   0x000031ec       0x34 c:/program files (x86)/atollic/truestudio for arm pro 3.2.0/armtools/bin/../lib/gcc/arm-atollic-eabi/4.6.2/../../../../arm-atollic-eabi/lib/thumb/armv7-m\libc.a(lib_a-mallocr.o)
 .debug_frame   0x00003220       0x30 c:/program files (x86)/atollic/truestudio for arm pro 3.2.0/armtools/bin/../lib/gcc/arm-atollic-eabi/4.6.2/../../../../arm-atollic-eabi/lib/thumb/armv7-m\libc.a(lib_a-mlock.o)
 .debug_frame   0x00003250       0x68 c:/program files (x86)/atollic/truestudio for arm pro 3.2.0/armtools/bin/../lib/gcc/arm-atollic-eabi/4.6.2/../../../../arm-atollic-eabi/lib/thumb/armv7-m\libc.a(lib_a-reent.o)
 .debug_frame   0x000032b8       0x2c c:/program files (x86)/atollic/truestudio for arm pro 3.2.0/armtools/bin/../lib/gcc/arm-atollic-eabi/4.6.2/../../../../arm-atollic-eabi/lib/thumb/armv7-m\libc.a(lib_a-sbrkr.o)
 .debug_frame   0x000032e4       0x50 c:/program files (x86)/atollic/truestudio for arm pro 3.2.0/armtools/bin/../lib/gcc/arm-atollic-eabi/4.6.2/../../../../arm-atollic-eabi/lib/thumb/armv7-m\libc.a(lib_a-freer.o)

Cross Reference Table

Symbol                                            File
ASCII_Cmp                                         uC-LIB\lib_ascii.o
ASCII_IsAlpha                                     uC-LIB\lib_ascii.o
ASCII_IsAlphaNum                                  uC-LIB\lib_ascii.o
                                                  uC-LIB\lib_str.o
ASCII_IsBlank                                     uC-LIB\lib_ascii.o
ASCII_IsCtrl                                      uC-LIB\lib_ascii.o
ASCII_IsDig                                       uC-LIB\lib_ascii.o
                                                  uC-LIB\lib_str.o
ASCII_IsDigHex                                    uC-LIB\lib_ascii.o
                                                  uC-LIB\lib_str.o
ASCII_IsDigOct                                    uC-LIB\lib_ascii.o
ASCII_IsGraph                                     uC-LIB\lib_ascii.o
ASCII_IsLower                                     uC-LIB\lib_ascii.o
                                                  uC-LIB\lib_str.o
ASCII_IsPrint                                     uC-LIB\lib_ascii.o
                                                  uC-LIB\lib_str.o
ASCII_IsPunct                                     uC-LIB\lib_ascii.o
ASCII_IsSpace                                     uC-LIB\lib_ascii.o
                                                  uC-LIB\lib_str.o
ASCII_IsUpper                                     uC-LIB\lib_ascii.o
ASCII_ToLower                                     uC-LIB\lib_ascii.o
                                                  uC-LIB\lib_str.o
ASCII_ToUpper                                     uC-LIB\lib_ascii.o
App_OS_ClrAllHooks                                APP\os_app_hooks.o
App_OS_IdleTaskHook                               APP\os_app_hooks.o
App_OS_InitHook                                   APP\os_app_hooks.o
App_OS_SetAllHooks                                APP\os_app_hooks.o
App_OS_StatTaskHook                               APP\os_app_hooks.o
App_OS_TaskCreateHook                             APP\os_app_hooks.o
App_OS_TaskDelHook                                APP\os_app_hooks.o
App_OS_TaskReturnHook                             APP\os_app_hooks.o
App_OS_TaskSwHook                                 APP\os_app_hooks.o
App_OS_TimeTickHook                               APP\os_app_hooks.o
BSP_Init                                          BSP\bsp.o
                                                  APP\app.o
BSP_Joy_GetPos                                    BSP\bsp.o
BSP_Joy_GetStatus                                 BSP\bsp.o
BSP_LED_Off                                       BSP\bsp.o
                                                  APP\app.o
BSP_LED_On                                        BSP\bsp.o
BSP_LED_Toggle                                    BSP\bsp.o
                                                  APP\app.o
BSP_OS_SemCreate                                  BSP\OS\bsp_os.o
BSP_OS_SemPost                                    BSP\OS\bsp_os.o
BSP_OS_SemWait                                    BSP\OS\bsp_os.o
BSP_OS_TimeDlyMs                                  BSP\OS\bsp_os.o
BSP_PB_GetStatus                                  BSP\bsp.o
BSP_Start                                         BSP\bsp.o
                                                  APP\app.o
CPU_BitBandClr                                    uC-CPU\ARM-Cortex-M3\GNU\cpu_c.o
CPU_BitBandSet                                    uC-CPU\ARM-Cortex-M3\GNU\cpu_c.o
CPU_CntLeadZeros                                  uC-CPU\ARM-Cortex-M3\GNU\cpu_a.o
                                                  uC-CPU\cpu_core.o
                                                  uCOS-III\Source\os_prio.o
CPU_CntLeadZeros08                                uC-CPU\cpu_core.o
CPU_CntLeadZeros16                                uC-CPU\cpu_core.o
CPU_CntLeadZeros32                                uC-CPU\cpu_core.o
CPU_CntLeadZeros64                                uC-CPU\cpu_core.o
CPU_CntTrailZeros                                 uC-CPU\ARM-Cortex-M3\GNU\cpu_a.o
                                                  uC-CPU\cpu_core.o
CPU_CntTrailZeros08                               uC-CPU\cpu_core.o
CPU_CntTrailZeros16                               uC-CPU\cpu_core.o
CPU_CntTrailZeros32                               uC-CPU\cpu_core.o
CPU_CntTrailZeros64                               uC-CPU\cpu_core.o
CPU_Init                                          uC-CPU\cpu_core.o
                                                  APP\app.o
CPU_IntDis                                        uC-CPU\ARM-Cortex-M3\GNU\cpu_a.o
CPU_IntDisMeasCtr                                 uC-CPU\cpu_core.o
CPU_IntDisMeasMaxCurGet                           uC-CPU\cpu_core.o
CPU_IntDisMeasMaxCurReset                         uC-CPU\cpu_core.o
                                                  uCOS-III\Ports\ARM-Cortex-M3\Generic\GNU\os_cpu_c.o
CPU_IntDisMeasMaxCur_cnts                         uC-CPU\cpu_core.o
CPU_IntDisMeasMaxGet                              uC-CPU\cpu_core.o
                                                  uCOS-III\Source\os_stat.o
CPU_IntDisMeasMax_cnts                            uC-CPU\cpu_core.o
CPU_IntDisMeasOvrhd_cnts                          uC-CPU\cpu_core.o
CPU_IntDisMeasStart                               uC-CPU\cpu_core.o
                                                  APP\os_app_hooks.o
                                                  BSP\bsp.o
                                                  uC-CPU\ARM-Cortex-M3\GNU\cpu_c.o
                                                  uC-CSP\MCU\NXP\LPC17xx\csp_gpio.o
                                                  uC-CSP\MCU\NXP\LPC17xx\csp_int.o
                                                  uC-CSP\MCU\NXP\LPC17xx\csp_pm.o
                                                  uC-CSP\MCU\NXP\LPC17xx\csp_tmr.o
                                                  uC-CSP\MCU\csp.o
                                                  uC-LIB\lib_math.o
                                                  uC-LIB\lib_mem.o
                                                  uCOS-III\Ports\ARM-Cortex-M3\CSP\Generic\os_csp.o
                                                  uCOS-III\Ports\ARM-Cortex-M3\Generic\GNU\os_cpu_c.o
                                                  uCOS-III\Source\os_core.o
                                                  uCOS-III\Source\os_flag.o
                                                  uCOS-III\Source\os_int.o
                                                  uCOS-III\Source\os_mem.o
                                                  uCOS-III\Source\os_mutex.o
                                                  uCOS-III\Source\os_pend_multi.o
                                                  uCOS-III\Source\os_q.o
                                                  uCOS-III\Source\os_sem.o
                                                  uCOS-III\Source\os_stat.o
                                                  uCOS-III\Source\os_task.o
                                                  uCOS-III\Source\os_tick.o
                                                  uCOS-III\Source\os_time.o
                                                  uCOS-III\Source\os_tmr.o
CPU_IntDisMeasStart_cnts                          uC-CPU\cpu_core.o
CPU_IntDisMeasStop                                uC-CPU\cpu_core.o
                                                  APP\os_app_hooks.o
                                                  BSP\bsp.o
                                                  uC-CPU\ARM-Cortex-M3\GNU\cpu_c.o
                                                  uC-CSP\MCU\NXP\LPC17xx\csp_gpio.o
                                                  uC-CSP\MCU\NXP\LPC17xx\csp_int.o
                                                  uC-CSP\MCU\NXP\LPC17xx\csp_pm.o
                                                  uC-CSP\MCU\NXP\LPC17xx\csp_tmr.o
                                                  uC-CSP\MCU\csp.o
                                                  uC-LIB\lib_math.o
                                                  uC-LIB\lib_mem.o
                                                  uCOS-III\Ports\ARM-Cortex-M3\CSP\Generic\os_csp.o
                                                  uCOS-III\Ports\ARM-Cortex-M3\Generic\GNU\os_cpu_c.o
                                                  uCOS-III\Source\os_core.o
                                                  uCOS-III\Source\os_flag.o
                                                  uCOS-III\Source\os_int.o
                                                  uCOS-III\Source\os_mem.o
                                                  uCOS-III\Source\os_mutex.o