<html>
<body>
<pre>
<h1>礦ision Build Log</h1>
<h2>Project:</h2>
V:\我的项目\04 长沙南车\2015年后项目\NC15-004-A 内燃机能耗系统\00 归档\05 嵌入式程序归档\NC136B-300-000 统计装置\Micrium_LPC1768-SK_uCOS-III\Software\EvalBoards\NXP\LPC1768-SK\uCOS-III\KeilMDK\uCOS-III.uvproj
Project File Date:  04/25/2013

<h2>Output:</h2>
Rebuild target 'uCOS-III'
compiling app.c...
compiling app_hooks.c...
compiling os_app_hooks.c...
compiling bsp.c...
compiling bsp_os.c...
assembling cstartup.s...
compiling cpu_core.c...
assembling cpu_a.asm...
compiling cpu_c.c...
compiling csp.c...
compiling csp_gpio.c...
compiling csp_int.c...
compiling csp_pm.c...
compiling csp_tmr.c...
compiling lib_ascii.c...
compiling lib_math.c...
compiling lib_mem.c...
compiling lib_str.c...
assembling lib_mem_a.asm...
compiling os_csp.c...
assembling os_cpu_a.s...
compiling os_cpu_c.c...
compiling os_cfg_app.c...
compiling os_core.c...
compiling os_dbg.c...
compiling os_flag.c...
compiling os_int.c...
compiling os_mem.c...
compiling os_msg.c...
compiling os_mutex.c...
compiling os_pend_multi.c...
compiling os_prio.c...
compiling os_q.c...
compiling os_sem.c...
compiling os_stat.c...
compiling os_task.c...
compiling os_tick.c...
compiling os_time.c...
compiling os_tmr.c...
compiling os_var.c...
linking...
Program Size: Code=48968 RO-data=1168 RW-data=252 ZI-data=30548  
".\Obj\uCOS-III.axf" - 0 Error(s), 0 Warning(s).
</pre>
</body>
</html>
