<html>
<body>
<pre>
<h1>µVision Build Log</h1>
<h2>Project:</h2>
C:\Micrium\Software\EvalBoards\NXP\LPC1768-SK\uCOS-III\KeilMDK\uCOS-III.uvproj
Project File Date:  10/15/2012

<h2>Output:</h2>
Build target 'Target 1'
compiling app.c...
..\..\uCOS-III\includes.h(76): error:  #5: cannot open source input file "csp.h": No such file or directory
compiling app_hooks.c...
..\..\uCOS-III\includes.h(76): error:  #5: cannot open source input file "csp.h": No such file or directory
compiling os_app_hooks.c...
compiling bsp.c...
..\..\BSP\bsp.c(52): error:  #5: cannot open source input file "csp.h": No such file or directory
compiling bsp_os.c...
assembling cstartup.s...
compiling cpu_core.c...
assembling cpu_a.asm...
..\..\..\..\..\uC-CPU\ARM-Cortex-M3\IAR\cpu_a.asm(37): error: A1163E: Unknown opcode PUBLIC , expecting opcode or Macro
..\..\..\..\..\uC-CPU\ARM-Cortex-M3\IAR\cpu_a.asm(38): error: A1163E: Unknown opcode PUBLIC , expecting opcode or Macro
..\..\..\..\..\uC-CPU\ARM-Cortex-M3\IAR\cpu_a.asm(40): error: A1163E: Unknown opcode PUBLIC , expecting opcode or Macro
..\..\..\..\..\uC-CPU\ARM-Cortex-M3\IAR\cpu_a.asm(41): error: A1163E: Unknown opcode PUBLIC , expecting opcode or Macro
..\..\..\..\..\uC-CPU\ARM-Cortex-M3\IAR\cpu_a.asm(43): error: A1163E: Unknown opcode PUBLIC , expecting opcode or Macro
..\..\..\..\..\uC-CPU\ARM-Cortex-M3\IAR\cpu_a.asm(44): error: A1163E: Unknown opcode PUBLIC , expecting opcode or Macro
..\..\..\..\..\uC-CPU\ARM-Cortex-M3\IAR\cpu_a.asm(47): error: A1163E: Unknown opcode PUBLIC , expecting opcode or Macro
..\..\..\..\..\uC-CPU\ARM-Cortex-M3\IAR\cpu_a.asm(48): error: A1163E: Unknown opcode PUBLIC , expecting opcode or Macro
..\..\..\..\..\uC-CPU\ARM-Cortex-M3\IAR\cpu_a.asm(49): error: A1163E: Unknown opcode PUBLIC , expecting opcode or Macro
..\..\..\..\..\uC-CPU\ARM-Cortex-M3\IAR\cpu_a.asm(56): error: A1163E: Unknown opcode RSEG , expecting opcode or Macro
..\..\..\..\..\uC-CPU\ARM-Cortex-M3\IAR\cpu_a.asm(70): error: A1355U: A Label was found which was in no AREA
compiling cpu_c.c...
compiling csp.c...
..\..\..\..\..\uC-CSP\MCU\csp.c(48): error:  #5: cannot open source input file "csp.h": No such file or directory
compiling csp_gpio.c...
..\..\..\..\..\uC-CSP\MCU\NXP\LPC17xx\csp_gpio.c(44): error:  #5: cannot open source input file "csp.h": No such file or directory
compiling csp_int.c...
..\..\..\..\..\uC-CSP\MCU\NXP\LPC17xx\csp_int.c(45): error:  #5: cannot open source input file "csp.h": No such file or directory
compiling csp_pm.c...
..\..\..\..\..\uC-CSP\MCU\NXP\LPC17xx\csp_pm.c(45): error:  #5: cannot open source input file "csp.h": No such file or directory
compiling csp_tmr.c...
..\..\..\..\..\uC-CSP\MCU\NXP\LPC17xx\csp_tmr.c(46): error:  #5: cannot open source input file "csp.h": No such file or directory
compiling lib_ascii.c...
compiling lib_math.c...
compiling lib_mem.c...
compiling lib_str.c...
assembling lib_mem_a.asm...
..\..\..\..\..\uC-LIB\Ports\ARM-Cortex-M3\IAR\lib_mem_a.asm(56): error: A1163E: Unknown opcode PUBLIC , expecting opcode or Macro
..\..\..\..\..\uC-LIB\Ports\ARM-Cortex-M3\IAR\lib_mem_a.asm(63): error: A1163E: Unknown opcode RSEG , expecting opcode or Macro
..\..\..\..\..\uC-LIB\Ports\ARM-Cortex-M3\IAR\lib_mem_a.asm(103): error: A1167E: Invalid line start 
..\..\..\..\..\uC-LIB\Ports\ARM-Cortex-M3\IAR\lib_mem_a.asm(104): error: A1105E: Area directive missing
..\..\..\..\..\uC-LIB\Ports\ARM-Cortex-M3\IAR\lib_mem_a.asm(104): warning: A1088W: Faking declaration of area AREA |$$$$$$$|
..\..\..\..\..\uC-LIB\Ports\ARM-Cortex-M3\IAR\lib_mem_a.asm(108): error: A1167E: Invalid line start 
..\..\..\..\..\uC-LIB\Ports\ARM-Cortex-M3\IAR\lib_mem_a.asm(113): error: A1167E: Invalid line start 
..\..\..\..\..\uC-LIB\Ports\ARM-Cortex-M3\IAR\lib_mem_a.asm(118): error: A1167E: Invalid line start 
..\..\..\..\..\uC-LIB\Ports\ARM-Cortex-M3\IAR\lib_mem_a.asm(123): error: A1167E: Invalid line start 
..\..\..\..\..\uC-LIB\Ports\ARM-Cortex-M3\IAR\lib_mem_a.asm(132): error: A1167E: Invalid line start 
..\..\..\..\..\uC-LIB\Ports\ARM-Cortex-M3\IAR\lib_mem_a.asm(139): error: A1167E: Invalid line start 
..\..\..\..\..\uC-LIB\Ports\ARM-Cortex-M3\IAR\lib_mem_a.asm(147): error: A1167E: Invalid line start 
..\..\..\..\..\uC-LIB\Ports\ARM-Cortex-M3\IAR\lib_mem_a.asm(154): error: A1167E: Invalid line start 
..\..\..\..\..\uC-LIB\Ports\ARM-Cortex-M3\IAR\lib_mem_a.asm(165): error: A1167E: Invalid line start 
..\..\..\..\..\uC-LIB\Ports\ARM-Cortex-M3\IAR\lib_mem_a.asm(189): error: A1167E: Invalid line start 
..\..\..\..\..\uC-LIB\Ports\ARM-Cortex-M3\IAR\lib_mem_a.asm(197): error: A1167E: Invalid line start 
..\..\..\..\..\uC-LIB\Ports\ARM-Cortex-M3\IAR\lib_mem_a.asm(206): error: A1167E: Invalid line start 
..\..\..\..\..\uC-LIB\Ports\ARM-Cortex-M3\IAR\lib_mem_a.asm(244): error: A1167E: Invalid line start 
..\..\..\..\..\uC-LIB\Ports\ARM-Cortex-M3\IAR\lib_mem_a.asm(253): error: A1167E: Invalid line start 
..\..\..\..\..\uC-LIB\Ports\ARM-Cortex-M3\IAR\lib_mem_a.asm(291): error: A1167E: Invalid line start 
..\..\..\..\..\uC-LIB\Ports\ARM-Cortex-M3\IAR\lib_mem_a.asm(300): error: A1167E: Invalid line start 
assembling os_cpu_a.asm...
..\..\..\..\..\uCOS-III\Ports\ARM-Cortex-M3\Generic\IAR\os_cpu_a.asm(37): error: A1163E: Unknown opcode PUBLIC , expecting opcode or Macro
..\..\..\..\..\uCOS-III\Ports\ARM-Cortex-M3\Generic\IAR\os_cpu_a.asm(38): error: A1163E: Unknown opcode PUBLIC , expecting opcode or Macro
..\..\..\..\..\uCOS-III\Ports\ARM-Cortex-M3\Generic\IAR\os_cpu_a.asm(55): error: A1163E: Unknown opcode RSEG , expecting opcode or Macro
..\..\..\..\..\uCOS-III\Ports\ARM-Cortex-M3\Generic\IAR\os_cpu_a.asm(75): error: A1355U: A Label was found which was in no AREA
compiling os_cpu_c.c...
compiling os_csp.c...
..\..\..\..\..\uCOS-III\Ports\ARM-Cortex-M3\CSP\Generic\os_csp.c(24): error:  #5: cannot open source input file "csp.h": No such file or directory
compiling os_cfg_app.c...
compiling os_core.c...
compiling os_dbg.c...
compiling os_flag.c...
compiling os_int.c...
compiling os_mem.c...
compiling os_msg.c...
compiling os_mutex.c...
compiling os_pend_multi.c...
compiling os_prio.c...
compiling os_q.c...
compiling os_sem.c...
compiling os_stat.c...
compiling os_task.c...
compiling os_tick.c...
compiling os_time.c...
compiling os_tmr.c...
compiling os_var.c...
Target not created
Rebuild target 'Target 1'
compiling app.c...
..\..\..\..\..\uC-CSP\MCU\csp.h(168): error:  #5: cannot open source input file "csp_grp.h": No such file or directory
compiling app_hooks.c...
..\..\..\..\..\uC-CSP\MCU\csp.h(168): error:  #5: cannot open source input file "csp_grp.h": No such file or directory
compiling os_app_hooks.c...
compiling bsp.c...
..\..\..\..\..\uC-CSP\MCU\csp.h(168): error:  #5: cannot open source input file "csp_grp.h": No such file or directory
compiling bsp_os.c...
assembling cstartup.s...
compiling cpu_core.c...
assembling cpu_a.asm...
..\..\..\..\..\uC-CPU\ARM-Cortex-M3\IAR\cpu_a.asm(37): error: A1163E: Unknown opcode PUBLIC , expecting opcode or Macro
..\..\..\..\..\uC-CPU\ARM-Cortex-M3\IAR\cpu_a.asm(38): error: A1163E: Unknown opcode PUBLIC , expecting opcode or Macro
..\..\..\..\..\uC-CPU\ARM-Cortex-M3\IAR\cpu_a.asm(40): error: A1163E: Unknown opcode PUBLIC , expecting opcode or Macro
..\..\..\..\..\uC-CPU\ARM-Cortex-M3\IAR\cpu_a.asm(41): error: A1163E: Unknown opcode PUBLIC , expecting opcode or Macro
..\..\..\..\..\uC-CPU\ARM-Cortex-M3\IAR\cpu_a.asm(43): error: A1163E: Unknown opcode PUBLIC , expecting opcode or Macro
..\..\..\..\..\uC-CPU\ARM-Cortex-M3\IAR\cpu_a.asm(44): error: A1163E: Unknown opcode PUBLIC , expecting opcode or Macro
..\..\..\..\..\uC-CPU\ARM-Cortex-M3\IAR\cpu_a.asm(47): error: A1163E: Unknown opcode PUBLIC , expecting opcode or Macro
..\..\..\..\..\uC-CPU\ARM-Cortex-M3\IAR\cpu_a.asm(48): error: A1163E: Unknown opcode PUBLIC , expecting opcode or Macro
..\..\..\..\..\uC-CPU\ARM-Cortex-M3\IAR\cpu_a.asm(49): error: A1163E: Unknown opcode PUBLIC , expecting opcode or Macro
..\..\..\..\..\uC-CPU\ARM-Cortex-M3\IAR\cpu_a.asm(56): error: A1163E: Unknown opcode RSEG , expecting opcode or Macro
..\..\..\..\..\uC-CPU\ARM-Cortex-M3\IAR\cpu_a.asm(70): error: A1355U: A Label was found which was in no AREA
compiling cpu_c.c...
compiling csp.c...
..\..\..\..\..\uC-CSP\MCU\csp.h(168): error:  #5: cannot open source input file "csp_grp.h": No such file or directory
compiling csp_gpio.c...
..\..\..\..\..\uC-CSP\MCU\csp.h(168): error:  #5: cannot open source input file "csp_grp.h": No such file or directory
compiling csp_int.c...
..\..\..\..\..\uC-CSP\MCU\csp.h(168): error:  #5: cannot open source input file "csp_grp.h": No such file or directory
compiling csp_pm.c...
..\..\..\..\..\uC-CSP\MCU\csp.h(168): error:  #5: cannot open source input file "csp_grp.h": No such file or directory
compiling csp_tmr.c...
..\..\..\..\..\uC-CSP\MCU\csp.h(168): error:  #5: cannot open source input file "csp_grp.h": No such file or directory
compiling lib_ascii.c...
compiling lib_math.c...
compiling lib_mem.c...
compiling lib_str.c...
assembling lib_mem_a.asm...
..\..\..\..\..\uC-LIB\Ports\ARM-Cortex-M3\IAR\lib_mem_a.asm(56): error: A1163E: Unknown opcode PUBLIC , expecting opcode or Macro
..\..\..\..\..\uC-LIB\Ports\ARM-Cortex-M3\IAR\lib_mem_a.asm(63): error: A1163E: Unknown opcode RSEG , expecting opcode or Macro
..\..\..\..\..\uC-LIB\Ports\ARM-Cortex-M3\IAR\lib_mem_a.asm(103): error: A1167E: Invalid line start 
..\..\..\..\..\uC-LIB\Ports\ARM-Cortex-M3\IAR\lib_mem_a.asm(104): error: A1105E: Area directive missing
..\..\..\..\..\uC-LIB\Ports\ARM-Cortex-M3\IAR\lib_mem_a.asm(104): warning: A1088W: Faking declaration of area AREA |$$$$$$$|
..\..\..\..\..\uC-LIB\Ports\ARM-Cortex-M3\IAR\lib_mem_a.asm(108): error: A1167E: Invalid line start 
..\..\..\..\..\uC-LIB\Ports\ARM-Cortex-M3\IAR\lib_mem_a.asm(113): error: A1167E: Invalid line start 
..\..\..\..\..\uC-LIB\Ports\ARM-Cortex-M3\IAR\lib_mem_a.asm(118): error: A1167E: Invalid line start 
..\..\..\..\..\uC-LIB\Ports\ARM-Cortex-M3\IAR\lib_mem_a.asm(123): error: A1167E: Invalid line start 
..\..\..\..\..\uC-LIB\Ports\ARM-Cortex-M3\IAR\lib_mem_a.asm(132): error: A1167E: Invalid line start 
..\..\..\..\..\uC-LIB\Ports\ARM-Cortex-M3\IAR\lib_mem_a.asm(139): error: A1167E: Invalid line start 
..\..\..\..\..\uC-LIB\Ports\ARM-Cortex-M3\IAR\lib_mem_a.asm(147): error: A1167E: Invalid line start 
..\..\..\..\..\uC-LIB\Ports\ARM-Cortex-M3\IAR\lib_mem_a.asm(154): error: A1167E: Invalid line start 
..\..\..\..\..\uC-LIB\Ports\ARM-Cortex-M3\IAR\lib_mem_a.asm(165): error: A1167E: Invalid line start 
..\..\..\..\..\uC-LIB\Ports\ARM-Cortex-M3\IAR\lib_mem_a.asm(189): error: A1167E: Invalid line start 
..\..\..\..\..\uC-LIB\Ports\ARM-Cortex-M3\IAR\lib_mem_a.asm(197): error: A1167E: Invalid line start 
..\..\..\..\..\uC-LIB\Ports\ARM-Cortex-M3\IAR\lib_mem_a.asm(206): error: A1167E: Invalid line start 
..\..\..\..\..\uC-LIB\Ports\ARM-Cortex-M3\IAR\lib_mem_a.asm(244): error: A1167E: Invalid line start 
..\..\..\..\..\uC-LIB\Ports\ARM-Cortex-M3\IAR\lib_mem_a.asm(253): error: A1167E: Invalid line start 
..\..\..\..\..\uC-LIB\Ports\ARM-Cortex-M3\IAR\lib_mem_a.asm(291): error: A1167E: Invalid line start 
..\..\..\..\..\uC-LIB\Ports\ARM-Cortex-M3\IAR\lib_mem_a.asm(300): error: A1167E: Invalid line start 
assembling os_cpu_a.asm...
..\..\..\..\..\uCOS-III\Ports\ARM-Cortex-M3\Generic\IAR\os_cpu_a.asm(37): error: A1163E: Unknown opcode PUBLIC , expecting opcode or Macro
..\..\..\..\..\uCOS-III\Ports\ARM-Cortex-M3\Generic\IAR\os_cpu_a.asm(38): error: A1163E: Unknown opcode PUBLIC , expecting opcode or Macro
..\..\..\..\..\uCOS-III\Ports\ARM-Cortex-M3\Generic\IAR\os_cpu_a.asm(55): error: A1163E: Unknown opcode RSEG , expecting opcode or Macro
..\..\..\..\..\uCOS-III\Ports\ARM-Cortex-M3\Generic\IAR\os_cpu_a.asm(75): error: A1355U: A Label was found which was in no AREA
compiling os_cpu_c.c...
compiling os_csp.c...
..\..\..\..\..\uC-CSP\MCU\csp.h(168): error:  #5: cannot open source input file "csp_grp.h": No such file or directory
compiling os_cfg_app.c...
compiling os_core.c...
compiling os_dbg.c...
compiling os_flag.c...
compiling os_int.c...
compiling os_mem.c...
compiling os_msg.c...
compiling os_mutex.c...
compiling os_pend_multi.c...
compiling os_prio.c...
compiling os_q.c...
compiling os_sem.c...
compiling os_stat.c...
compiling os_task.c...
compiling os_tick.c...
compiling os_time.c...
compiling os_tmr.c...
compiling os_var.c...
Target not created
Clean started: Project: 'uCOS-III'
   deleting intermediate output files for target 'Target 1'
Build target 'Target 1'
compiling app.c...
..\..\..\..\..\uC-CSP\MCU\csp.h(168): error:  #5: cannot open source input file "csp_grp.h": No such file or directory
compiling app_hooks.c...
..\..\..\..\..\uC-CSP\MCU\csp.h(168): error:  #5: cannot open source input file "csp_grp.h": No such file or directory
compiling os_app_hooks.c...
compiling bsp.c...
..\..\..\..\..\uC-CSP\MCU\csp.h(168): error:  #5: cannot open source input file "csp_grp.h": No such file or directory
compiling bsp_os.c...
assembling cstartup.s...
compiling cpu_core.c...
assembling cpu_a.asm...
..\..\..\..\..\uC-CPU\ARM-Cortex-M3\IAR\cpu_a.asm(37): error: A1163E: Unknown opcode PUBLIC , expecting opcode or Macro
..\..\..\..\..\uC-CPU\ARM-Cortex-M3\IAR\cpu_a.asm(38): error: A1163E: Unknown opcode PUBLIC , expecting opcode or Macro
..\..\..\..\..\uC-CPU\ARM-Cortex-M3\IAR\cpu_a.asm(40): error: A1163E: Unknown opcode PUBLIC , expecting opcode or Macro
..\..\..\..\..\uC-CPU\ARM-Cortex-M3\IAR\cpu_a.asm(41): error: A1163E: Unknown opcode PUBLIC , expecting opcode or Macro
..\..\..\..\..\uC-CPU\ARM-Cortex-M3\IAR\cpu_a.asm(43): error: A1163E: Unknown opcode PUBLIC , expecting opcode or Macro
..\..\..\..\..\uC-CPU\ARM-Cortex-M3\IAR\cpu_a.asm(44): error: A1163E: Unknown opcode PUBLIC , expecting opcode or Macro
..\..\..\..\..\uC-CPU\ARM-Cortex-M3\IAR\cpu_a.asm(47): error: A1163E: Unknown opcode PUBLIC , expecting opcode or Macro
..\..\..\..\..\uC-CPU\ARM-Cortex-M3\IAR\cpu_a.asm(48): error: A1163E: Unknown opcode PUBLIC , expecting opcode or Macro
..\..\..\..\..\uC-CPU\ARM-Cortex-M3\IAR\cpu_a.asm(49): error: A1163E: Unknown opcode PUBLIC , expecting opcode or Macro
..\..\..\..\..\uC-CPU\ARM-Cortex-M3\IAR\cpu_a.asm(56): error: A1163E: Unknown opcode RSEG , expecting opcode or Macro
..\..\..\..\..\uC-CPU\ARM-Cortex-M3\IAR\cpu_a.asm(70): error: A1355U: A Label was found which was in no AREA
compiling cpu_c.c...
compiling csp.c...
..\..\..\..\..\uC-CSP\MCU\csp.h(168): error:  #5: cannot open source input file "csp_grp.h": No such file or directory
compiling csp_gpio.c...
..\..\..\..\..\uC-CSP\MCU\csp.h(168): error:  #5: cannot open source input file "csp_grp.h": No such file or directory
compiling csp_int.c...
..\..\..\..\..\uC-CSP\MCU\csp.h(168): error:  #5: cannot open source input file "csp_grp.h": No such file or directory
compiling csp_pm.c...
..\..\..\..\..\uC-CSP\MCU\csp.h(168): error:  #5: cannot open source input file "csp_grp.h": No such file or directory
compiling csp_tmr.c...
..\..\..\..\..\uC-CSP\MCU\csp.h(168): error:  #5: cannot open source input file "csp_grp.h": No such file or directory
compiling lib_ascii.c...
compiling lib_math.c...
compiling lib_mem.c...
compiling lib_str.c...
assembling lib_mem_a.asm...
..\..\..\..\..\uC-LIB\Ports\ARM-Cortex-M3\IAR\lib_mem_a.asm(56): error: A1163E: Unknown opcode PUBLIC , expecting opcode or Macro
..\..\..\..\..\uC-LIB\Ports\ARM-Cortex-M3\IAR\lib_mem_a.asm(63): error: A1163E: Unknown opcode RSEG , expecting opcode or Macro
..\..\..\..\..\uC-LIB\Ports\ARM-Cortex-M3\IAR\lib_mem_a.asm(103): error: A1167E: Invalid line start 
..\..\..\..\..\uC-LIB\Ports\ARM-Cortex-M3\IAR\lib_mem_a.asm(104): error: A1105E: Area directive missing
..\..\..\..\..\uC-LIB\Ports\ARM-Cortex-M3\IAR\lib_mem_a.asm(104): warning: A1088W: Faking declaration of area AREA |$$$$$$$|
..\..\..\..\..\uC-LIB\Ports\ARM-Cortex-M3\IAR\lib_mem_a.asm(108): error: A1167E: Invalid line start 
..\..\..\..\..\uC-LIB\Ports\ARM-Cortex-M3\IAR\lib_mem_a.asm(113): error: A1167E: Invalid line start 
..\..\..\..\..\uC-LIB\Ports\ARM-Cortex-M3\IAR\lib_mem_a.asm(118): error: A1167E: Invalid line start 
..\..\..\..\..\uC-LIB\Ports\ARM-Cortex-M3\IAR\lib_mem_a.asm(123): error: A1167E: Invalid line start 
..\..\..\..\..\uC-LIB\Ports\ARM-Cortex-M3\IAR\lib_mem_a.asm(132): error: A1167E: Invalid line start 
..\..\..\..\..\uC-LIB\Ports\ARM-Cortex-M3\IAR\lib_mem_a.asm(139): error: A1167E: Invalid line start 
..\..\..\..\..\uC-LIB\Ports\ARM-Cortex-M3\IAR\lib_mem_a.asm(147): error: A1167E: Invalid line start 
..\..\..\..\..\uC-LIB\Ports\ARM-Cortex-M3\IAR\lib_mem_a.asm(154): error: A1167E: Invalid line start 
..\..\..\..\..\uC-LIB\Ports\ARM-Cortex-M3\IAR\lib_mem_a.asm(165): error: A1167E: Invalid line start 
..\..\..\..\..\uC-LIB\Ports\ARM-Cortex-M3\IAR\lib_mem_a.asm(189): error: A1167E: Invalid line start 
..\..\..\..\..\uC-LIB\Ports\ARM-Cortex-M3\IAR\lib_mem_a.asm(197): error: A1167E: Invalid line start 
..\..\..\..\..\uC-LIB\Ports\ARM-Cortex-M3\IAR\lib_mem_a.asm(206): error: A1167E: Invalid line start 
..\..\..\..\..\uC-LIB\Ports\ARM-Cortex-M3\IAR\lib_mem_a.asm(244): error: A1167E: Invalid line start 
..\..\..\..\..\uC-LIB\Ports\ARM-Cortex-M3\IAR\lib_mem_a.asm(253): error: A1167E: Invalid line start 
..\..\..\..\..\uC-LIB\Ports\ARM-Cortex-M3\IAR\lib_mem_a.asm(291): error: A1167E: Invalid line start 
..\..\..\..\..\uC-LIB\Ports\ARM-Cortex-M3\IAR\lib_mem_a.asm(300): error: A1167E: Invalid line start 
assembling os_cpu_a.asm...
..\..\..\..\..\uCOS-III\Ports\ARM-Cortex-M3\Generic\IAR\os_cpu_a.asm(37): error: A1163E: Unknown opcode PUBLIC , expecting opcode or Macro
..\..\..\..\..\uCOS-III\Ports\ARM-Cortex-M3\Generic\IAR\os_cpu_a.asm(38): error: A1163E: Unknown opcode PUBLIC , expecting opcode or Macro
..\..\..\..\..\uCOS-III\Ports\ARM-Cortex-M3\Generic\IAR\os_cpu_a.asm(55): error: A1163E: Unknown opcode RSEG , expecting opcode or Macro
..\..\..\..\..\uCOS-III\Ports\ARM-Cortex-M3\Generic\IAR\os_cpu_a.asm(75): error: A1355U: A Label was found which was in no AREA
compiling os_cpu_c.c...
compiling os_csp.c...
..\..\..\..\..\uC-CSP\MCU\csp.h(168): error:  #5: cannot open source input file "csp_grp.h": No such file or directory
compiling os_cfg_app.c...
compiling os_core.c...
compiling os_dbg.c...
compiling os_flag.c...
compiling os_int.c...
compiling os_mem.c...
compiling os_msg.c...
compiling os_mutex.c...
compiling os_pend_multi.c...
compiling os_prio.c...
compiling os_q.c...
compiling os_sem.c...
compiling os_stat.c...
compiling os_task.c...
compiling os_tick.c...
compiling os_time.c...
compiling os_tmr.c...
compiling os_var.c...
Target not created
Build target 'Target 1'
compiling app.c...
compiling app_hooks.c...
compiling os_app_hooks.c...
compiling bsp.c...
compiling bsp_os.c...
compiling cpu_core.c...
assembling cpu_a.asm...
..\..\..\..\..\uC-CPU\ARM-Cortex-M3\IAR\cpu_a.asm(37): error: A1163E: Unknown opcode PUBLIC , expecting opcode or Macro
..\..\..\..\..\uC-CPU\ARM-Cortex-M3\IAR\cpu_a.asm(38): error: A1163E: Unknown opcode PUBLIC , expecting opcode or Macro
..\..\..\..\..\uC-CPU\ARM-Cortex-M3\IAR\cpu_a.asm(40): error: A1163E: Unknown opcode PUBLIC , expecting opcode or Macro
..\..\..\..\..\uC-CPU\ARM-Cortex-M3\IAR\cpu_a.asm(41): error: A1163E: Unknown opcode PUBLIC , expecting opcode or Macro
..\..\..\..\..\uC-CPU\ARM-Cortex-M3\IAR\cpu_a.asm(43): error: A1163E: Unknown opcode PUBLIC , expecting opcode or Macro
..\..\..\..\..\uC-CPU\ARM-Cortex-M3\IAR\cpu_a.asm(44): error: A1163E: Unknown opcode PUBLIC , expecting opcode or Macro
..\..\..\..\..\uC-CPU\ARM-Cortex-M3\IAR\cpu_a.asm(47): error: A1163E: Unknown opcode PUBLIC , expecting opcode or Macro
..\..\..\..\..\uC-CPU\ARM-Cortex-M3\IAR\cpu_a.asm(48): error: A1163E: Unknown opcode PUBLIC , expecting opcode or Macro
..\..\..\..\..\uC-CPU\ARM-Cortex-M3\IAR\cpu_a.asm(49): error: A1163E: Unknown opcode PUBLIC , expecting opcode or Macro
..\..\..\..\..\uC-CPU\ARM-Cortex-M3\IAR\cpu_a.asm(56): error: A1163E: Unknown opcode RSEG , expecting opcode or Macro
..\..\..\..\..\uC-CPU\ARM-Cortex-M3\IAR\cpu_a.asm(70): error: A1355U: A Label was found which was in no AREA
compiling cpu_c.c...
compiling csp.c...
compiling csp_gpio.c...
compiling csp_int.c...
compiling csp_pm.c...
compiling csp_tmr.c...
compiling lib_ascii.c...
compiling lib_math.c...
compiling lib_mem.c...
compiling lib_str.c...
assembling lib_mem_a.asm...
..\..\..\..\..\uC-LIB\Ports\ARM-Cortex-M3\IAR\lib_mem_a.asm(56): error: A1163E: Unknown opcode PUBLIC , expecting opcode or Macro
..\..\..\..\..\uC-LIB\Ports\ARM-Cortex-M3\IAR\lib_mem_a.asm(63): error: A1163E: Unknown opcode RSEG , expecting opcode or Macro
..\..\..\..\..\uC-LIB\Ports\ARM-Cortex-M3\IAR\lib_mem_a.asm(103): error: A1167E: Invalid line start 
..\..\..\..\..\uC-LIB\Ports\ARM-Cortex-M3\IAR\lib_mem_a.asm(104): error: A1105E: Area directive missing
..\..\..\..\..\uC-LIB\Ports\ARM-Cortex-M3\IAR\lib_mem_a.asm(104): warning: A1088W: Faking declaration of area AREA |$$$$$$$|
..\..\..\..\..\uC-LIB\Ports\ARM-Cortex-M3\IAR\lib_mem_a.asm(108): error: A1167E: Invalid line start 
..\..\..\..\..\uC-LIB\Ports\ARM-Cortex-M3\IAR\lib_mem_a.asm(113): error: A1167E: Invalid line start 
..\..\..\..\..\uC-LIB\Ports\ARM-Cortex-M3\IAR\lib_mem_a.asm(118): error: A1167E: Invalid line start 
..\..\..\..\..\uC-LIB\Ports\ARM-Cortex-M3\IAR\lib_mem_a.asm(123): error: A1167E: Invalid line start 
..\..\..\..\..\uC-LIB\Ports\ARM-Cortex-M3\IAR\lib_mem_a.asm(132): error: A1167E: Invalid line start 
..\..\..\..\..\uC-LIB\Ports\ARM-Cortex-M3\IAR\lib_mem_a.asm(139): error: A1167E: Invalid line start 
..\..\..\..\..\uC-LIB\Ports\ARM-Cortex-M3\IAR\lib_mem_a.asm(147): error: A1167E: Invalid line start 
..\..\..\..\..\uC-LIB\Ports\ARM-Cortex-M3\IAR\lib_mem_a.asm(154): error: A1167E: Invalid line start 
..\..\..\..\..\uC-LIB\Ports\ARM-Cortex-M3\IAR\lib_mem_a.asm(165): error: A1167E: Invalid line start 
..\..\..\..\..\uC-LIB\Ports\ARM-Cortex-M3\IAR\lib_mem_a.asm(189): error: A1167E: Invalid line start 
..\..\..\..\..\uC-LIB\Ports\ARM-Cortex-M3\IAR\lib_mem_a.asm(197): error: A1167E: Invalid line start 
..\..\..\..\..\uC-LIB\Ports\ARM-Cortex-M3\IAR\lib_mem_a.asm(206): error: A1167E: Invalid line start 
..\..\..\..\..\uC-LIB\Ports\ARM-Cortex-M3\IAR\lib_mem_a.asm(244): error: A1167E: Invalid line start 
..\..\..\..\..\uC-LIB\Ports\ARM-Cortex-M3\IAR\lib_mem_a.asm(253): error: A1167E: Invalid line start 
..\..\..\..\..\uC-LIB\Ports\ARM-Cortex-M3\IAR\lib_mem_a.asm(291): error: A1167E: Invalid line start 
..\..\..\..\..\uC-LIB\Ports\ARM-Cortex-M3\IAR\lib_mem_a.asm(300): error: A1167E: Invalid line start 
assembling os_cpu_a.asm...
..\..\..\..\..\uCOS-III\Ports\ARM-Cortex-M3\Generic\IAR\os_cpu_a.asm(37): error: A1163E: Unknown opcode PUBLIC , expecting opcode or Macro
..\..\..\..\..\uCOS-III\Ports\ARM-Cortex-M3\Generic\IAR\os_cpu_a.asm(38): error: A1163E: Unknown opcode PUBLIC , expecting opcode or Macro
..\..\..\..\..\uCOS-III\Ports\ARM-Cortex-M3\Generic\IAR\os_cpu_a.asm(55): error: A1163E: Unknown opcode RSEG , expecting opcode or Macro
..\..\..\..\..\uCOS-III\Ports\ARM-Cortex-M3\Generic\IAR\os_cpu_a.asm(75): error: A1355U: A Label was found which was in no AREA
compiling os_cpu_c.c...
compiling os_csp.c...
compiling os_cfg_app.c...
compiling os_core.c...
compiling os_dbg.c...
compiling os_flag.c...
compiling os_int.c...
compiling os_mem.c...
compiling os_msg.c...
compiling os_mutex.c...
compiling os_pend_multi.c...
compiling os_prio.c...
compiling os_q.c...
compiling os_sem.c...
compiling os_stat.c...
compiling os_task.c...
compiling os_tick.c...
compiling os_time.c...
compiling os_tmr.c...
compiling os_var.c...
Target not created
Build target 'Target 1'
assembling cpu_a.asm...
compiling cpu_c.c...
assembling lib_mem_a.asm...
..\..\..\..\..\uC-LIB\Ports\ARM-Cortex-M3\IAR\lib_mem_a.asm(56): error: A1163E: Unknown opcode PUBLIC , expecting opcode or Macro
..\..\..\..\..\uC-LIB\Ports\ARM-Cortex-M3\IAR\lib_mem_a.asm(63): error: A1163E: Unknown opcode RSEG , expecting opcode or Macro
..\..\..\..\..\uC-LIB\Ports\ARM-Cortex-M3\IAR\lib_mem_a.asm(103): error: A1167E: Invalid line start 
..\..\..\..\..\uC-LIB\Ports\ARM-Cortex-M3\IAR\lib_mem_a.asm(104): error: A1105E: Area directive missing
..\..\..\..\..\uC-LIB\Ports\ARM-Cortex-M3\IAR\lib_mem_a.asm(104): warning: A1088W: Faking declaration of area AREA |$$$$$$$|
..\..\..\..\..\uC-LIB\Ports\ARM-Cortex-M3\IAR\lib_mem_a.asm(108): error: A1167E: Invalid line start 
..\..\..\..\..\uC-LIB\Ports\ARM-Cortex-M3\IAR\lib_mem_a.asm(113): error: A1167E: Invalid line start 
..\..\..\..\..\uC-LIB\Ports\ARM-Cortex-M3\IAR\lib_mem_a.asm(118): error: A1167E: Invalid line start 
..\..\..\..\..\uC-LIB\Ports\ARM-Cortex-M3\IAR\lib_mem_a.asm(123): error: A1167E: Invalid line start 
..\..\..\..\..\uC-LIB\Ports\ARM-Cortex-M3\IAR\lib_mem_a.asm(132): error: A1167E: Invalid line start 
..\..\..\..\..\uC-LIB\Ports\ARM-Cortex-M3\IAR\lib_mem_a.asm(139): error: A1167E: Invalid line start 
..\..\..\..\..\uC-LIB\Ports\ARM-Cortex-M3\IAR\lib_mem_a.asm(147): error: A1167E: Invalid line start 
..\..\..\..\..\uC-LIB\Ports\ARM-Cortex-M3\IAR\lib_mem_a.asm(154): error: A1167E: Invalid line start 
..\..\..\..\..\uC-LIB\Ports\ARM-Cortex-M3\IAR\lib_mem_a.asm(165): error: A1167E: Invalid line start 
..\..\..\..\..\uC-LIB\Ports\ARM-Cortex-M3\IAR\lib_mem_a.asm(189): error: A1167E: Invalid line start 
..\..\..\..\..\uC-LIB\Ports\ARM-Cortex-M3\IAR\lib_mem_a.asm(197): error: A1167E: Invalid line start 
..\..\..\..\..\uC-LIB\Ports\ARM-Cortex-M3\IAR\lib_mem_a.asm(206): error: A1167E: Invalid line start 
..\..\..\..\..\uC-LIB\Ports\ARM-Cortex-M3\IAR\lib_mem_a.asm(244): error: A1167E: Invalid line start 
..\..\..\..\..\uC-LIB\Ports\ARM-Cortex-M3\IAR\lib_mem_a.asm(253): error: A1167E: Invalid line start 
..\..\..\..\..\uC-LIB\Ports\ARM-Cortex-M3\IAR\lib_mem_a.asm(291): error: A1167E: Invalid line start 
..\..\..\..\..\uC-LIB\Ports\ARM-Cortex-M3\IAR\lib_mem_a.asm(300): error: A1167E: Invalid line start 
assembling os_cpu_a.asm...
..\..\..\..\..\uCOS-III\Ports\ARM-Cortex-M3\Generic\IAR\os_cpu_a.asm(37): error: A1163E: Unknown opcode PUBLIC , expecting opcode or Macro
..\..\..\..\..\uCOS-III\Ports\ARM-Cortex-M3\Generic\IAR\os_cpu_a.asm(38): error: A1163E: Unknown opcode PUBLIC , expecting opcode or Macro
..\..\..\..\..\uCOS-III\Ports\ARM-Cortex-M3\Generic\IAR\os_cpu_a.asm(55): error: A1163E: Unknown opcode RSEG , expecting opcode or Macro
..\..\..\..\..\uCOS-III\Ports\ARM-Cortex-M3\Generic\IAR\os_cpu_a.asm(75): error: A1355U: A Label was found which was in no AREA
Target not created
Build target 'uCOS-III'
compiling app.c...
compiling app_hooks.c...
compiling os_app_hooks.c...
compiling bsp.c...
compiling bsp_os.c...
compiling cpu_core.c...
compiling cpu_c.c...
compiling csp.c...
compiling csp_gpio.c...
compiling csp_int.c...
compiling csp_pm.c...
compiling csp_tmr.c...
compiling lib_ascii.c...
compiling lib_math.c...
compiling lib_mem.c...
compiling lib_str.c...
assembling lib_mem_a.asm...
assembling os_cpu_a.asm...
..\..\..\..\..\uCOS-III\Ports\ARM-Cortex-M3\Generic\IAR\os_cpu_a.asm(37): error: A1163E: Unknown opcode PUBLIC , expecting opcode or Macro
..\..\..\..\..\uCOS-III\Ports\ARM-Cortex-M3\Generic\IAR\os_cpu_a.asm(38): error: A1163E: Unknown opcode PUBLIC , expecting opcode or Macro
..\..\..\..\..\uCOS-III\Ports\ARM-Cortex-M3\Generic\IAR\os_cpu_a.asm(55): error: A1163E: Unknown opcode RSEG , expecting opcode or Macro
..\..\..\..\..\uCOS-III\Ports\ARM-Cortex-M3\Generic\IAR\os_cpu_a.asm(75): error: A1355U: A Label was found which was in no AREA
compiling os_cpu_c.c...
compiling os_csp.c...
compiling os_cfg_app.c...
compiling os_core.c...
compiling os_dbg.c...
compiling os_flag.c...
compiling os_int.c...
compiling os_mem.c...
compiling os_msg.c...
compiling os_mutex.c...
compiling os_pend_multi.c...
compiling os_prio.c...
compiling os_q.c...
compiling os_sem.c...
compiling os_stat.c...
compiling os_task.c...
compiling os_tick.c...
compiling os_time.c...
compiling os_tmr.c...
compiling os_var.c...
Target not created
Clean started: Project: 'uCOS-III'
   deleting intermediate output files for target 'uCOS-III'
Clean started: Project: 'uCOS-III'
   deleting intermediate output files for target 'uCOS-III'
Build target 'uCOS-III'
compiling app.c...
compiling app_hooks.c...
compiling os_app_hooks.c...
compiling bsp.c...
compiling bsp_os.c...
assembling cstartup.s...
compiling cpu_core.c...
assembling cpu_a.asm...
compiling cpu_c.c...
compiling csp.c...
compiling csp_gpio.c...
compiling csp_int.c...
compiling csp_pm.c...
compiling csp_tmr.c...
compiling lib_ascii.c...
compiling lib_math.c...
compiling lib_mem.c...
compiling lib_str.c...
assembling lib_mem_a.asm...
compiling os_csp.c...
assembling os_cpu_a.s...
compiling os_cpu_c.c...
compiling os_cfg_app.c...
compiling os_core.c...
compiling os_dbg.c...
compiling os_flag.c...
compiling os_int.c...
compiling os_mem.c...
compiling os_msg.c...
compiling os_mutex.c...
compiling os_pend_multi.c...
compiling os_prio.c...
compiling os_q.c...
compiling os_sem.c...
compiling os_stat.c...
compiling os_task.c...
compiling os_tick.c...
compiling os_time.c...
compiling os_tmr.c...
compiling os_var.c...
linking...
.\Obj\uCOS-III.axf: Error: L6218E: Undefined symbol SystemInit (referred from cstartup.o).
Target not created
Build target 'uCOS-III'
assembling cstartup.s...
..\..\BSP\KeilMDK\cstartup.s(72): error: A1516E: Bad symbol 'Reset_Handler', not defined or external
Target not created
Build target 'uCOS-III'
assembling cstartup.s...
linking...
Program Size: Code=49158 RO-data=1170 RW-data=252 ZI-data=30548  
".\Obj\uCOS-III.axf" - 0 Error(s), 0 Warning(s).
Clean started: Project: 'uCOS-III'
   deleting intermediate output files for target 'uCOS-III'
Build target 'uCOS-III'
compiling app.c...
compiling app_hooks.c...
compiling os_app_hooks.c...
compiling bsp.c...
compiling bsp_os.c...
assembling cstartup.s...
compiling cpu_core.c...
assembling cpu_a.asm...
compiling cpu_c.c...
compiling csp.c...
compiling csp_gpio.c...
compiling csp_int.c...
compiling csp_pm.c...
compiling csp_tmr.c...
compiling lib_ascii.c...
compiling lib_math.c...
compiling lib_mem.c...
compiling lib_str.c...
assembling lib_mem_a.asm...
compiling os_csp.c...
assembling os_cpu_a.s...
compiling os_cpu_c.c...
compiling os_cfg_app.c...
compiling os_core.c...
compiling os_dbg.c...
compiling os_flag.c...
compiling os_int.c...
compiling os_mem.c...
compiling os_msg.c...
compiling os_mutex.c...
compiling os_pend_multi.c...
compiling os_prio.c...
compiling os_q.c...
compiling os_sem.c...
compiling os_stat.c...
compiling os_task.c...
compiling os_tick.c...
compiling os_time.c...
compiling os_tmr.c...
compiling os_var.c...
linking...
Program Size: Code=49158 RO-data=1170 RW-data=252 ZI-data=30548  
".\Obj\uCOS-III.axf" - 0 Error(s), 0 Warning(s).
Build target 'uCOS-III'
linking...
Program Size: Code=49158 RO-data=1170 RW-data=252 ZI-data=30548  
".\Obj\uCOS-III.axf" - 0 Error(s), 0 Warning(s).
Load "C:\\Micrium\\Software\\EvalBoards\\NXP\\LPC1768-SK\\uCOS-III\\KeilMDK\\Obj\\uCOS-III.AXF" 
* JLink Info: Device "LPC1768" selected (512 KB flash, 32 KB RAM).
Set JLink Project File to "C:\Micrium\Software\EvalBoards\NXP\LPC1768-SK\uCOS-III\KeilMDK\JLinkSettings.ini"
 
JLink info:
------------
DLL: V4.50j, compiled Jun 26 2012 09:19:07
Firmware: J-Link ARM-Pro V1.x compiled Jul 20 2012 18:54:50
Hardware: V1.10
S/N : 171100164 
Feature(s) : RDI, FlashBP, FlashDL, JFlash, GDB 
 
* JLink Info: Found SWD-DP with ID 0x2BA01477
* JLink Info: TPIU fitted.
* JLink Info: ETM fitted.
* JLink Info: FPUnit: 6 code (BP) slots and 2 literal slots
* JLink Info: Found Cortex-M3 r2p0, Little endian.
ROMTableAddr = 0xE00FF003
 
Target info:
------------
Device: LPC1768
VTarget = 3.293V
State of Pins: 
TCK: 0, TDI: 1, TDO: 0, TMS: 1, TRES: 1, TRST: 1
Hardware-Breakpoints: 6
Software-Breakpoints: 8192
Watchpoints:          4
JTAG speed: 2000 kHz
 
Erase Done.
Programming Done.
Verify OK.
Clean started: Project: 'uCOS-III'
   deleting intermediate output files for target 'uCOS-III'
