###############################################################################
#
# IAR ELF Linker V7.50.1.10123/W32 for ARM                19/Dec/2017  18:12:29
# Copyright 2007-2015 IAR Systems AB.
#
#    Output file  =  
#        F:\iar\NC136B-320
#        IC¿¨Ä£¿é\Software\EvalBoards\NXP\LPC1768-SK\uCOS-III\IAR\FLASH\Exe\uCOS-III-TCPIP-V2.out.tmp
#    Map file     =  
#        F:\iar\NC136B-320
#        IC¿¨Ä£¿é\Software\EvalBoards\NXP\LPC1768-SK\uCOS-III\IAR\FLASH\List\uCOS-III-TCPIP-V2.map
#    Command line =  
#        "F:\iar\NC136B-320
#        IC¿¨Ä£¿é\Software\EvalBoards\NXP\LPC1768-SK\uCOS-III\IAR\FLASH\Obj\ADC.o"
#        "F:\iar\NC136B-320
#        IC¿¨Ä£¿é\Software\EvalBoards\NXP\LPC1768-SK\uCOS-III\IAR\FLASH\Obj\app.o"
#        "F:\iar\NC136B-320
#        IC¿¨Ä£¿é\Software\EvalBoards\NXP\LPC1768-SK\uCOS-III\IAR\FLASH\Obj\app_comm_otr.o"
#        "F:\iar\NC136B-320
#        IC¿¨Ä£¿é\Software\EvalBoards\NXP\LPC1768-SK\uCOS-III\IAR\FLASH\Obj\app_comm_protocol.o"
#        "F:\iar\NC136B-320
#        IC¿¨Ä£¿é\Software\EvalBoards\NXP\LPC1768-SK\uCOS-III\IAR\FLASH\Obj\app_hooks.o"
#        "F:\iar\NC136B-320
#        IC¿¨Ä£¿é\Software\EvalBoards\NXP\LPC1768-SK\uCOS-III\IAR\FLASH\Obj\app_lib.o"
#        "F:\iar\NC136B-320
#        IC¿¨Ä£¿é\Software\EvalBoards\NXP\LPC1768-SK\uCOS-III\IAR\FLASH\Obj\app_task_comm.o"
#        "F:\iar\NC136B-320
#        IC¿¨Ä£¿é\Software\EvalBoards\NXP\LPC1768-SK\uCOS-III\IAR\FLASH\Obj\app_task_osal.o"
#        "F:\iar\NC136B-320
#        IC¿¨Ä£¿é\Software\EvalBoards\NXP\LPC1768-SK\uCOS-III\IAR\FLASH\Obj\app_task_osal_led.o"
#        "F:\iar\NC136B-320
#        IC¿¨Ä£¿é\Software\EvalBoards\NXP\LPC1768-SK\uCOS-III\IAR\FLASH\Obj\app_task_osal_tmr.o"
#        "F:\iar\NC136B-320
#        IC¿¨Ä£¿é\Software\EvalBoards\NXP\LPC1768-SK\uCOS-III\IAR\FLASH\Obj\bsp.o"
#        "F:\iar\NC136B-320
#        IC¿¨Ä£¿é\Software\EvalBoards\NXP\LPC1768-SK\uCOS-III\IAR\FLASH\Obj\bsp_FRAM.o"
#        "F:\iar\NC136B-320
#        IC¿¨Ä£¿é\Software\EvalBoards\NXP\LPC1768-SK\uCOS-III\IAR\FLASH\Obj\bsp_gpio.o"
#        "F:\iar\NC136B-320
#        IC¿¨Ä£¿é\Software\EvalBoards\NXP\LPC1768-SK\uCOS-III\IAR\FLASH\Obj\bsp_hal.o"
#        "F:\iar\NC136B-320
#        IC¿¨Ä£¿é\Software\EvalBoards\NXP\LPC1768-SK\uCOS-III\IAR\FLASH\Obj\bsp_IIC.o"
#        "F:\iar\NC136B-320
#        IC¿¨Ä£¿é\Software\EvalBoards\NXP\LPC1768-SK\uCOS-III\IAR\FLASH\Obj\bsp_lpc_timer.o"
#        "F:\iar\NC136B-320
#        IC¿¨Ä£¿é\Software\EvalBoards\NXP\LPC1768-SK\uCOS-III\IAR\FLASH\Obj\bsp_max7219.o"
#        "F:\iar\NC136B-320
#        IC¿¨Ä£¿é\Software\EvalBoards\NXP\LPC1768-SK\uCOS-III\IAR\FLASH\Obj\bsp_os.o"
#        "F:\iar\NC136B-320
#        IC¿¨Ä£¿é\Software\EvalBoards\NXP\LPC1768-SK\uCOS-III\IAR\FLASH\Obj\bsp_timer.o"
#        "F:\iar\NC136B-320
#        IC¿¨Ä£¿é\Software\EvalBoards\NXP\LPC1768-SK\uCOS-III\IAR\FLASH\Obj\Card.o"
#        "F:\iar\NC136B-320
#        IC¿¨Ä£¿é\Software\EvalBoards\NXP\LPC1768-SK\uCOS-III\IAR\FLASH\Obj\cnsccomdeal.o"
#        "F:\iar\NC136B-320
#        IC¿¨Ä£¿é\Software\EvalBoards\NXP\LPC1768-SK\uCOS-III\IAR\FLASH\Obj\cnscpackdeal.o"
#        "F:\iar\NC136B-320
#        IC¿¨Ä£¿é\Software\EvalBoards\NXP\LPC1768-SK\uCOS-III\IAR\FLASH\Obj\cpu_a.o"
#        "F:\iar\NC136B-320
#        IC¿¨Ä£¿é\Software\EvalBoards\NXP\LPC1768-SK\uCOS-III\IAR\FLASH\Obj\cpu_c.o"
#        "F:\iar\NC136B-320
#        IC¿¨Ä£¿é\Software\EvalBoards\NXP\LPC1768-SK\uCOS-III\IAR\FLASH\Obj\cpu_core.o"
#        "F:\iar\NC136B-320
#        IC¿¨Ä£¿é\Software\EvalBoards\NXP\LPC1768-SK\uCOS-III\IAR\FLASH\Obj\CrcCheck.o"
#        "F:\iar\NC136B-320
#        IC¿¨Ä£¿é\Software\EvalBoards\NXP\LPC1768-SK\uCOS-III\IAR\FLASH\Obj\csnr.o"
#        "F:\iar\NC136B-320
#        IC¿¨Ä£¿é\Software\EvalBoards\NXP\LPC1768-SK\uCOS-III\IAR\FLASH\Obj\csp.o"
#        "F:\iar\NC136B-320
#        IC¿¨Ä£¿é\Software\EvalBoards\NXP\LPC1768-SK\uCOS-III\IAR\FLASH\Obj\csp_gpio.o"
#        "F:\iar\NC136B-320
#        IC¿¨Ä£¿é\Software\EvalBoards\NXP\LPC1768-SK\uCOS-III\IAR\FLASH\Obj\csp_int.o"
#        "F:\iar\NC136B-320
#        IC¿¨Ä£¿é\Software\EvalBoards\NXP\LPC1768-SK\uCOS-III\IAR\FLASH\Obj\csp_pm.o"
#        "F:\iar\NC136B-320
#        IC¿¨Ä£¿é\Software\EvalBoards\NXP\LPC1768-SK\uCOS-III\IAR\FLASH\Obj\csp_tmr.o"
#        "F:\iar\NC136B-320
#        IC¿¨Ä£¿é\Software\EvalBoards\NXP\LPC1768-SK\uCOS-III\IAR\FLASH\Obj\cstartup.o"
#        "F:\iar\NC136B-320
#        IC¿¨Ä£¿é\Software\EvalBoards\NXP\LPC1768-SK\uCOS-III\IAR\FLASH\Obj\DataCard.o"
#        "F:\iar\NC136B-320
#        IC¿¨Ä£¿é\Software\EvalBoards\NXP\LPC1768-SK\uCOS-III\IAR\FLASH\Obj\DealOilBox.o"
#        "F:\iar\NC136B-320
#        IC¿¨Ä£¿é\Software\EvalBoards\NXP\LPC1768-SK\uCOS-III\IAR\FLASH\Obj\debug_frmwrk.o"
#        "F:\iar\NC136B-320
#        IC¿¨Ä£¿é\Software\EvalBoards\NXP\LPC1768-SK\uCOS-III\IAR\FLASH\Obj\DipComOperate.o"
#        "F:\iar\NC136B-320
#        IC¿¨Ä£¿é\Software\EvalBoards\NXP\LPC1768-SK\uCOS-III\IAR\FLASH\Obj\Display.o"
#        "F:\iar\NC136B-320
#        IC¿¨Ä£¿é\Software\EvalBoards\NXP\LPC1768-SK\uCOS-III\IAR\FLASH\Obj\DS3231.o"
#        "F:\iar\NC136B-320
#        IC¿¨Ä£¿é\Software\EvalBoards\NXP\LPC1768-SK\uCOS-III\IAR\FLASH\Obj\EquimentCom.o"
#        "F:\iar\NC136B-320
#        IC¿¨Ä£¿é\Software\EvalBoards\NXP\LPC1768-SK\uCOS-III\IAR\FLASH\Obj\EquimentOperate.o"
#        "F:\iar\NC136B-320
#        IC¿¨Ä£¿é\Software\EvalBoards\NXP\LPC1768-SK\uCOS-III\IAR\FLASH\Obj\FIFO.o"
#        "F:\iar\NC136B-320
#        IC¿¨Ä£¿é\Software\EvalBoards\NXP\LPC1768-SK\uCOS-III\IAR\FLASH\Obj\GetDipPrs.o"
#        "F:\iar\NC136B-320
#        IC¿¨Ä£¿é\Software\EvalBoards\NXP\LPC1768-SK\uCOS-III\IAR\FLASH\Obj\GlobePara.o"
#        "F:\iar\NC136B-320
#        IC¿¨Ä£¿é\Software\EvalBoards\NXP\LPC1768-SK\uCOS-III\IAR\FLASH\Obj\Led.o"
#        "F:\iar\NC136B-320
#        IC¿¨Ä£¿é\Software\EvalBoards\NXP\LPC1768-SK\uCOS-III\IAR\FLASH\Obj\lib_ascii.o"
#        "F:\iar\NC136B-320
#        IC¿¨Ä£¿é\Software\EvalBoards\NXP\LPC1768-SK\uCOS-III\IAR\FLASH\Obj\lib_math.o"
#        "F:\iar\NC136B-320
#        IC¿¨Ä£¿é\Software\EvalBoards\NXP\LPC1768-SK\uCOS-III\IAR\FLASH\Obj\lib_mem.o"
#        "F:\iar\NC136B-320
#        IC¿¨Ä£¿é\Software\EvalBoards\NXP\LPC1768-SK\uCOS-III\IAR\FLASH\Obj\lib_mem_a.o"
#        "F:\iar\NC136B-320
#        IC¿¨Ä£¿é\Software\EvalBoards\NXP\LPC1768-SK\uCOS-III\IAR\FLASH\Obj\lib_str.o"
#        "F:\iar\NC136B-320
#        IC¿¨Ä£¿é\Software\EvalBoards\NXP\LPC1768-SK\uCOS-III\IAR\FLASH\Obj\locoworksta.o"
#        "F:\iar\NC136B-320
#        IC¿¨Ä£¿é\Software\EvalBoards\NXP\LPC1768-SK\uCOS-III\IAR\FLASH\Obj\lpc17xx_adc.o"
#        "F:\iar\NC136B-320
#        IC¿¨Ä£¿é\Software\EvalBoards\NXP\LPC1768-SK\uCOS-III\IAR\FLASH\Obj\lpc17xx_can.o"
#        "F:\iar\NC136B-320
#        IC¿¨Ä£¿é\Software\EvalBoards\NXP\LPC1768-SK\uCOS-III\IAR\FLASH\Obj\lpc17xx_clkpwr.o"
#        "F:\iar\NC136B-320
#        IC¿¨Ä£¿é\Software\EvalBoards\NXP\LPC1768-SK\uCOS-III\IAR\FLASH\Obj\lpc17xx_dac.o"
#        "F:\iar\NC136B-320
#        IC¿¨Ä£¿é\Software\EvalBoards\NXP\LPC1768-SK\uCOS-III\IAR\FLASH\Obj\lpc17xx_emac.o"
#        "F:\iar\NC136B-320
#        IC¿¨Ä£¿é\Software\EvalBoards\NXP\LPC1768-SK\uCOS-III\IAR\FLASH\Obj\lpc17xx_exti.o"
#        "F:\iar\NC136B-320
#        IC¿¨Ä£¿é\Software\EvalBoards\NXP\LPC1768-SK\uCOS-III\IAR\FLASH\Obj\lpc17xx_gpdma.o"
#        "F:\iar\NC136B-320
#        IC¿¨Ä£¿é\Software\EvalBoards\NXP\LPC1768-SK\uCOS-III\IAR\FLASH\Obj\lpc17xx_gpio.o"
#        "F:\iar\NC136B-320
#        IC¿¨Ä£¿é\Software\EvalBoards\NXP\LPC1768-SK\uCOS-III\IAR\FLASH\Obj\lpc17xx_i2c.o"
#        "F:\iar\NC136B-320
#        IC¿¨Ä£¿é\Software\EvalBoards\NXP\LPC1768-SK\uCOS-III\IAR\FLASH\Obj\lpc17xx_i2s.o"
#        "F:\iar\NC136B-320
#        IC¿¨Ä£¿é\Software\EvalBoards\NXP\LPC1768-SK\uCOS-III\IAR\FLASH\Obj\lpc17xx_iap.o"
#        "F:\iar\NC136B-320
#        IC¿¨Ä£¿é\Software\EvalBoards\NXP\LPC1768-SK\uCOS-III\IAR\FLASH\Obj\lpc17xx_libcfg_default.o"
#        "F:\iar\NC136B-320
#        IC¿¨Ä£¿é\Software\EvalBoards\NXP\LPC1768-SK\uCOS-III\IAR\FLASH\Obj\lpc17xx_mcpwm.o"
#        "F:\iar\NC136B-320
#        IC¿¨Ä£¿é\Software\EvalBoards\NXP\LPC1768-SK\uCOS-III\IAR\FLASH\Obj\lpc17xx_nvic.o"
#        "F:\iar\NC136B-320
#        IC¿¨Ä£¿é\Software\EvalBoards\NXP\LPC1768-SK\uCOS-III\IAR\FLASH\Obj\lpc17xx_pinsel.o"
#        "F:\iar\NC136B-320
#        IC¿¨Ä£¿é\Software\EvalBoards\NXP\LPC1768-SK\uCOS-III\IAR\FLASH\Obj\lpc17xx_pwm.o"
#        "F:\iar\NC136B-320
#        IC¿¨Ä£¿é\Software\EvalBoards\NXP\LPC1768-SK\uCOS-III\IAR\FLASH\Obj\lpc17xx_qei.o"
#        "F:\iar\NC136B-320
#        IC¿¨Ä£¿é\Software\EvalBoards\NXP\LPC1768-SK\uCOS-III\IAR\FLASH\Obj\lpc17xx_rit.o"
#        "F:\iar\NC136B-320
#        IC¿¨Ä£¿é\Software\EvalBoards\NXP\LPC1768-SK\uCOS-III\IAR\FLASH\Obj\lpc17xx_rtc.o"
#        "F:\iar\NC136B-320
#        IC¿¨Ä£¿é\Software\EvalBoards\NXP\LPC1768-SK\uCOS-III\IAR\FLASH\Obj\lpc17xx_spi.o"
#        "F:\iar\NC136B-320
#        IC¿¨Ä£¿é\Software\EvalBoards\NXP\LPC1768-SK\uCOS-III\IAR\FLASH\Obj\lpc17xx_ssp.o"
#        "F:\iar\NC136B-320
#        IC¿¨Ä£¿é\Software\EvalBoards\NXP\LPC1768-SK\uCOS-III\IAR\FLASH\Obj\lpc17xx_systick.o"
#        "F:\iar\NC136B-320
#        IC¿¨Ä£¿é\Software\EvalBoards\NXP\LPC1768-SK\uCOS-III\IAR\FLASH\Obj\lpc17xx_timer.o"
#        "F:\iar\NC136B-320
#        IC¿¨Ä£¿é\Software\EvalBoards\NXP\LPC1768-SK\uCOS-III\IAR\FLASH\Obj\lpc17xx_uart.o"
#        "F:\iar\NC136B-320
#        IC¿¨Ä£¿é\Software\EvalBoards\NXP\LPC1768-SK\uCOS-III\IAR\FLASH\Obj\lpc17xx_wdt.o"
#        "F:\iar\NC136B-320
#        IC¿¨Ä£¿é\Software\EvalBoards\NXP\LPC1768-SK\uCOS-III\IAR\FLASH\Obj\MB.o"
#        "F:\iar\NC136B-320
#        IC¿¨Ä£¿é\Software\EvalBoards\NXP\LPC1768-SK\uCOS-III\IAR\FLASH\Obj\MB_AES.o"
#        "F:\iar\NC136B-320
#        IC¿¨Ä£¿é\Software\EvalBoards\NXP\LPC1768-SK\uCOS-III\IAR\FLASH\Obj\mb_app_hooks.o"
#        "F:\iar\NC136B-320
#        IC¿¨Ä£¿é\Software\EvalBoards\NXP\LPC1768-SK\uCOS-III\IAR\FLASH\Obj\MB_BSP.o"
#        "F:\iar\NC136B-320
#        IC¿¨Ä£¿é\Software\EvalBoards\NXP\LPC1768-SK\uCOS-III\IAR\FLASH\Obj\MB_DATA.o"
#        "F:\iar\NC136B-320
#        IC¿¨Ä£¿é\Software\EvalBoards\NXP\LPC1768-SK\uCOS-III\IAR\FLASH\Obj\MB_OS.o"
#        "F:\iar\NC136B-320
#        IC¿¨Ä£¿é\Software\EvalBoards\NXP\LPC1768-SK\uCOS-III\IAR\FLASH\Obj\MB_UTIL.o"
#        "F:\iar\NC136B-320
#        IC¿¨Ä£¿é\Software\EvalBoards\NXP\LPC1768-SK\uCOS-III\IAR\FLASH\Obj\MBM_CORE.o"
#        "F:\iar\NC136B-320
#        IC¿¨Ä£¿é\Software\EvalBoards\NXP\LPC1768-SK\uCOS-III\IAR\FLASH\Obj\MBS_CORE.o"
#        "F:\iar\NC136B-320
#        IC¿¨Ä£¿é\Software\EvalBoards\NXP\LPC1768-SK\uCOS-III\IAR\FLASH\Obj\mstcsspeed.o"
#        "F:\iar\NC136B-320
#        IC¿¨Ä£¿é\Software\EvalBoards\NXP\LPC1768-SK\uCOS-III\IAR\FLASH\Obj\MX25L1602Drv.o"
#        "F:\iar\NC136B-320
#        IC¿¨Ä£¿é\Software\EvalBoards\NXP\LPC1768-SK\uCOS-III\IAR\FLASH\Obj\OperateCard.o"
#        "F:\iar\NC136B-320
#        IC¿¨Ä£¿é\Software\EvalBoards\NXP\LPC1768-SK\uCOS-III\IAR\FLASH\Obj\os_app_hooks.o"
#        "F:\iar\NC136B-320
#        IC¿¨Ä£¿é\Software\EvalBoards\NXP\LPC1768-SK\uCOS-III\IAR\FLASH\Obj\os_cfg_app.o"
#        "F:\iar\NC136B-320
#        IC¿¨Ä£¿é\Software\EvalBoards\NXP\LPC1768-SK\uCOS-III\IAR\FLASH\Obj\os_core.o"
#        "F:\iar\NC136B-320
#        IC¿¨Ä£¿é\Software\EvalBoards\NXP\LPC1768-SK\uCOS-III\IAR\FLASH\Obj\os_cpu_a.o"
#        "F:\iar\NC136B-320
#        IC¿¨Ä£¿é\Software\EvalBoards\NXP\LPC1768-SK\uCOS-III\IAR\FLASH\Obj\os_cpu_c.o"
#        "F:\iar\NC136B-320
#        IC¿¨Ä£¿é\Software\EvalBoards\NXP\LPC1768-SK\uCOS-III\IAR\FLASH\Obj\os_csp.o"
#        "F:\iar\NC136B-320
#        IC¿¨Ä£¿é\Software\EvalBoards\NXP\LPC1768-SK\uCOS-III\IAR\FLASH\Obj\os_dbg.o"
#        "F:\iar\NC136B-320
#        IC¿¨Ä£¿é\Software\EvalBoards\NXP\LPC1768-SK\uCOS-III\IAR\FLASH\Obj\os_flag.o"
#        "F:\iar\NC136B-320
#        IC¿¨Ä£¿é\Software\EvalBoards\NXP\LPC1768-SK\uCOS-III\IAR\FLASH\Obj\os_int.o"
#        "F:\iar\NC136B-320
#        IC¿¨Ä£¿é\Software\EvalBoards\NXP\LPC1768-SK\uCOS-III\IAR\FLASH\Obj\os_mem.o"
#        "F:\iar\NC136B-320
#        IC¿¨Ä£¿é\Software\EvalBoards\NXP\LPC1768-SK\uCOS-III\IAR\FLASH\Obj\os_msg.o"
#        "F:\iar\NC136B-320
#        IC¿¨Ä£¿é\Software\EvalBoards\NXP\LPC1768-SK\uCOS-III\IAR\FLASH\Obj\os_mutex.o"
#        "F:\iar\NC136B-320
#        IC¿¨Ä£¿é\Software\EvalBoards\NXP\LPC1768-SK\uCOS-III\IAR\FLASH\Obj\os_pend_multi.o"
#        "F:\iar\NC136B-320
#        IC¿¨Ä£¿é\Software\EvalBoards\NXP\LPC1768-SK\uCOS-III\IAR\FLASH\Obj\os_prio.o"
#        "F:\iar\NC136B-320
#        IC¿¨Ä£¿é\Software\EvalBoards\NXP\LPC1768-SK\uCOS-III\IAR\FLASH\Obj\os_q.o"
#        "F:\iar\NC136B-320
#        IC¿¨Ä£¿é\Software\EvalBoards\NXP\LPC1768-SK\uCOS-III\IAR\FLASH\Obj\os_sem.o"
#        "F:\iar\NC136B-320
#        IC¿¨Ä£¿é\Software\EvalBoards\NXP\LPC1768-SK\uCOS-III\IAR\FLASH\Obj\os_stat.o"
#        "F:\iar\NC136B-320
#        IC¿¨Ä£¿é\Software\EvalBoards\NXP\LPC1768-SK\uCOS-III\IAR\FLASH\Obj\os_task.o"
#        "F:\iar\NC136B-320
#        IC¿¨Ä£¿é\Software\EvalBoards\NXP\LPC1768-SK\uCOS-III\IAR\FLASH\Obj\os_tick.o"
#        "F:\iar\NC136B-320
#        IC¿¨Ä£¿é\Software\EvalBoards\NXP\LPC1768-SK\uCOS-III\IAR\FLASH\Obj\os_time.o"
#        "F:\iar\NC136B-320
#        IC¿¨Ä£¿é\Software\EvalBoards\NXP\LPC1768-SK\uCOS-III\IAR\FLASH\Obj\os_tmr.o"
#        "F:\iar\NC136B-320
#        IC¿¨Ä£¿é\Software\EvalBoards\NXP\LPC1768-SK\uCOS-III\IAR\FLASH\Obj\os_var.o"
#        "F:\iar\NC136B-320
#        IC¿¨Ä£¿é\Software\EvalBoards\NXP\LPC1768-SK\uCOS-III\IAR\FLASH\Obj\osal.o"
#        "F:\iar\NC136B-320
#        IC¿¨Ä£¿é\Software\EvalBoards\NXP\LPC1768-SK\uCOS-III\IAR\FLASH\Obj\osal_event.o"
#        "F:\iar\NC136B-320
#        IC¿¨Ä£¿é\Software\EvalBoards\NXP\LPC1768-SK\uCOS-III\IAR\FLASH\Obj\osal_memory.o"
#        "F:\iar\NC136B-320
#        IC¿¨Ä£¿é\Software\EvalBoards\NXP\LPC1768-SK\uCOS-III\IAR\FLASH\Obj\osal_timer.o"
#        "F:\iar\NC136B-320
#        IC¿¨Ä£¿é\Software\EvalBoards\NXP\LPC1768-SK\uCOS-III\IAR\FLASH\Obj\ParaCard.o"
#        "F:\iar\NC136B-320
#        IC¿¨Ä£¿é\Software\EvalBoards\NXP\LPC1768-SK\uCOS-III\IAR\FLASH\Obj\power.o"
#        "F:\iar\NC136B-320
#        IC¿¨Ä£¿é\Software\EvalBoards\NXP\LPC1768-SK\uCOS-III\IAR\FLASH\Obj\RecModel.o"
#        "F:\iar\NC136B-320
#        IC¿¨Ä£¿é\Software\EvalBoards\NXP\LPC1768-SK\uCOS-III\IAR\FLASH\Obj\SoftSpi_17xx.o"
#        "F:\iar\NC136B-320
#        IC¿¨Ä£¿é\Software\EvalBoards\NXP\LPC1768-SK\uCOS-III\IAR\FLASH\Obj\speed1.o"
#        "F:\iar\NC136B-320
#        IC¿¨Ä£¿é\Software\EvalBoards\NXP\LPC1768-SK\uCOS-III\IAR\FLASH\Obj\speed2.o"
#        "F:\iar\NC136B-320
#        IC¿¨Ä£¿é\Software\EvalBoards\NXP\LPC1768-SK\uCOS-III\IAR\FLASH\Obj\sprintf.o"
#        "F:\iar\NC136B-320
#        IC¿¨Ä£¿é\Software\EvalBoards\NXP\LPC1768-SK\uCOS-III\IAR\FLASH\Obj\system_LPC17xx.o"
#        "F:\iar\NC136B-320
#        IC¿¨Ä£¿é\Software\EvalBoards\NXP\LPC1768-SK\uCOS-III\IAR\FLASH\Obj\tmp.o"
#        "F:\iar\NC136B-320
#        IC¿¨Ä£¿é\Software\EvalBoards\NXP\LPC1768-SK\uCOS-III\IAR\FLASH\Obj\WatchDog.o"
#        "F:\iar\NC136B-320
#        IC¿¨Ä£¿é\Software\EvalBoards\NXP\LPC1768-SK\uCOS-III\IAR\FLASH\Obj\xmain.o"
#        -o "F:\iar\NC136B-320
#        IC¿¨Ä£¿é\Software\EvalBoards\NXP\LPC1768-SK\uCOS-III\IAR\FLASH\Exe\uCOS-III-TCPIP-V2.out.tmp"
#        --map "F:\iar\NC136B-320
#        IC¿¨Ä£¿é\Software\EvalBoards\NXP\LPC1768-SK\uCOS-III\IAR\FLASH\List\uCOS-III-TCPIP-V2.map"
#        --config
#        F:\embedsoft\Micrium_LPC1768-SK_uCOS-III\Software\EvalBoards\NXP\LPC1768-SK\BSP\IAR\LPC1768_FLASH512K_SRAM32K.icf
#        --semihosting --entry __iar_program_start --vfe
#
###############################################################################

*******************************************************************************
*** RUNTIME MODEL ATTRIBUTES
***

CppFlavor       = *
__SystemLibrary = DLib


*******************************************************************************
*** PLACEMENT SUMMARY
***

"A1":  place at 0x00000000 { ro section .intvec };
"P1":  place in [from 0x00000000 to 0x0003ffff] { ro };
"P2":  place in [from         0x10000000
                 to           0x10007fff
                 repeat       2
                 displacement 0x1007c000] { rw, block CSTACK, block HEAP };

  Section            Kind        Address    Size  Object
  -------            ----        -------    ----  ------
"A1":                                       0xcc
  .intvec            const    0x00000000    0xcc  cstartup.o [1]
                            - 0x000000cc    0xcc

"P1":                                     0xb7c4
  .text              ro code  0x000000cc   0xdae  xprintffull_nomb.o [3]
  .text              ro code  0x00000e7a     0xa  xsprout.o [3]
  .text              ro code  0x00000e84    0x16  strchr.o [5]
  .rodata            const    0x00000e9a     0x2  os_cfg_app.o [1]
  .text              ro code  0x00000e9c    0x36  strlen.o [5]
  .rodata            const    0x00000ed2     0x2  os_dbg.o [1]
  .text              ro code  0x00000ed4    0x58  memchr.o [5]
  .text              ro code  0x00000f2c    0xee  I64DivMod.o [5]
  .rodata            const    0x0000101a     0x2  os_dbg.o [1]
  .text              ro code  0x0000101c    0x76  ABImemcpy_unaligned.o [5]
  .text              ro code  0x00001092    0x42  xdnorm.o [4]
  .text              ro code  0x000010d4    0x2e  DblCmpLe.o [4]
  .rodata            const    0x00001102     0x2  os_dbg.o [1]
  .text              ro code  0x00001104    0x2e  DblCmpGe.o [4]
  .rodata            const    0x00001132     0x2  os_dbg.o [1]
  .text              ro code  0x00001134   0x10c  xdscale.o [4]
  .text              ro code  0x00001240    0x58  DblToI32.o [4]
  .text              ro code  0x00001298    0x30  I32ToDbl.o [4]
  .text              ro code  0x000012c8   0x180  DblSub.o [4]
  .text              ro code  0x00001448   0x1a2  DblMul.o [4]
  .rodata            const    0x000015ea     0x2  os_dbg.o [1]
  .text              ro code  0x000015ec   0x256  DblDiv.o [4]
  .text              ro code  0x00001842     0xe  div.o [3]
  .text              ro code  0x00001850     0x2  I64DivZer.o [5]
  .rodata            const    0x00001852     0x2  os_dbg.o [1]
  .text              ro code  0x00001854    0xd4  DblAdd.o [4]
  .text              ro code  0x00001928   0xca0  MBS_CORE.o [1]
  .text              ro code  0x000025c8    0x30  MB_DATA.o [1]
  .text              ro code  0x000025f8    0x14  mb_app_hooks.o [1]
  .text              ro code  0x0000260c   0x420  MB.o [1]
  .text              ro code  0x00002a2c   0x348  app_task_comm.o [1]
  .text              ro code  0x00002d74    0xa8  MB_UTIL.o [1]
  .text              ro code  0x00002e1c    0xfc  MB_OS.o [1]
  .text              ro code  0x00002f18   0x4c0  MB_BSP.o [1]
  .text              ro code  0x000033d8   0x870  os_task.o [1]
  .text              ro code  0x00003c48   0x3c8  app_comm_protocol.o [1]
  .text              ro code  0x00004010   0x7a0  os_flag.o [1]
  .text              ro code  0x000047b0   0x460  app_comm_otr.o [1]
  .text              ro code  0x00004c10   0x58c  bsp.o [1]
  .text              ro code  0x0000519c    0xe2  bsp_os.o [1]
  .rodata            const    0x0000527e     0x2  os_dbg.o [1]
  .text              ro code  0x00005280   0x3bc  os_q.o [1]
  .text              ro code  0x0000563c   0x120  bsp_gpio.o [1]
  .text              ro code  0x0000575c   0x720  lpc17xx_uart.o [1]
  CODE               ro code  0x00005e7c    0x34  cpu_a.o [1]
  .text              ro code  0x00005eb0   0x1c8  cpu_core.o [1]
  .text              ro code  0x00006078   0x4f4  lpc17xx_timer.o [1]
  .text              ro code  0x0000656c   0x1c0  os_cpu_c.o [1]
  .text              ro code  0x0000672c   0x27c  os_msg.o [1]
  .text              ro code  0x000069a8    0xa8  os_prio.o [1]
  .text              ro code  0x00006a50   0x834  os_core.o [1]
  .text              ro code  0x00007284   0x4e4  os_tick.o [1]
  .text              ro code  0x00007768    0xc4  os_mutex.o [1]
  .text              ro code  0x0000782c    0x38  CrcCheck.o [1]
  .text              ro code  0x00007864   0x514  MX25L1602Drv.o [1]
  .text              ro code  0x00007d78   0x1c8  bsp_FRAM.o [1]
  .text              ro code  0x00007f40   0x22c  os_time.o [1]
  .text              ro code  0x0000816c   0x4e4  csp_gpio.o [1]
  .text              ro code  0x00008650   0x184  csp_int.o [1]
  .text              ro code  0x000087d4    0x94  csp_pm.o [1]
  .text              ro code  0x00008868   0x360  os_sem.o [1]
  .text              ro code  0x00008bc8    0xbc  lpc17xx_gpio.o [1]
  .text              ro code  0x00008c84    0xf4  lpc17xx_pinsel.o [1]
  .text              ro code  0x00008d78    0xf4  lpc17xx_clkpwr.o [1]
  .text              ro code  0x00008e6c     0x2  lpc17xx_libcfg_default.o [1]
  .rodata            const    0x00008e6e     0x2  os_dbg.o [1]
  .text              ro code  0x00008e70   0x13c  lib_mem.o [1]
  .text              ro code  0x00008fac    0x1c  os_mem.o [1]
  .text              ro code  0x00008fc8   0x204  os_dbg.o [1]
  .text              ro code  0x000091cc     0x2  os_cfg_app.o [1]
  .rodata            const    0x000091ce     0x2  os_dbg.o [1]
  CODE               ro code  0x000091d0    0x84  os_cpu_a.o [1]
  .text              ro code  0x00009254    0x18  SoftSpi_17xx.o [1]
  .text              ro code  0x0000926c   0x19e  bsp_IIC.o [1]
  .rodata            const    0x0000940a     0x2  os_dbg.o [1]
  .text              ro code  0x0000940c   0x1e4  cpu_c.o [1]
  .text              ro code  0x000095f0    0x6e  csp.o [1]
  .rodata            const    0x0000965e     0x2  os_dbg.o [1]
  .text              ro code  0x00009660   0x818  Card.o [1]
  .text              ro code  0x00009e78   0x17c  lpc17xx_ssp.o [1]
  .text              ro code  0x00009ff4   0x310  DataCard.o [1]
  .text              ro code  0x0000a304   0x274  osal_timer.o [1]
  .text              ro code  0x0000a578    0x50  osal.o [1]
  .text              ro code  0x0000a5c8   0x184  osal_event.o [1]
  .text              ro code  0x0000a74c   0x270  OperateCard.o [1]
  .text              ro code  0x0000a9bc    0x2a  ParaCard.o [1]
  .rodata            const    0x0000a9e6     0x2  os_dbg.o [1]
  .text              ro code  0x0000a9e8    0xb0  Display.o [1]
  .text              ro code  0x0000aa98    0x2c  vsprintf.o [3]
  .text              ro code  0x0000aac4     0x2  WatchDog.o [1]
  .rodata            const    0x0000aac6     0x2  os_dbg.o [1]
  .rodata            const    0x0000aac8   0x200  CrcCheck.o [1]
  .text              ro code  0x0000acc8   0x148  app_task_osal.o [1]
  .text              ro code  0x0000ae10   0x124  xmain.o [1]
  .text              ro code  0x0000af34    0xbc  app_task_osal_tmr.o [1]
  .text              ro code  0x0000aff0    0xb4  mstcsspeed.o [1]
  .text              ro code  0x0000b0a4    0xb0  app_task_osal_led.o [1]
  .text              ro code  0x0000b154    0xa4  speed1.o [1]
  .text              ro code  0x0000b1f8    0xa0  app.o [1]
  .text              ro code  0x0000b298    0x9c  os_app_hooks.o [1]
  .text              ro code  0x0000b334    0xa0  speed2.o [1]
  .rodata            const    0x0000b3d4    0x40  lpc17xx_ssp.o [1]
  .rodata            const    0x0000b414    0x40  lpc17xx_timer.o [1]
  .rodata            const    0x0000b454    0x40  lpc17xx_uart.o [1]
  .text              ro code  0x0000b494    0x40  zero_init3.o [5]
  .rodata            const    0x0000b4d4    0x30  os_dbg.o [1]
  .rodata            const    0x0000b504    0x30  os_dbg.o [1]
  .rodata            const    0x0000b534    0x30  os_dbg.o [1]
  .text              ro code  0x0000b564    0x2c  copy_init3.o [5]
  .rodata            const    0x0000b590    0x28  os_dbg.o [1]
  .rodata            const    0x0000b5b8    0x28  os_dbg.o [1]
  .text              ro code  0x0000b5e0    0x28  data_init.o [5]
  .text              ro code  0x0000b608    0x26  os_csp.o [1]
  .iar.init_table    const    0x0000b630    0x24  - Linker created -
  .rodata            const    0x0000b654     0x2  os_dbg.o [1]
  .rodata            const    0x0000b658    0x20  os_dbg.o [1]
  .text              ro code  0x0000b678    0x1a  cmain.o [5]
  .text              ro code  0x0000b692     0x4  low_level_init.o [3]
  .text              ro code  0x0000b696     0x4  exit.o [3]
  .rodata            const    0x0000b69a     0x2  os_dbg.o [1]
  .text              ro code  0x0000b69c     0xa  cexit.o [5]
  .rodata            const    0x0000b6a6     0x2  os_dbg.o [1]
  .text              ro code  0x0000b6a8    0x14  exit.o [6]
  .rodata            const    0x0000b6bc    0x14  bsp_gpio.o [1]
  .rodata            const    0x0000b6d0    0x14  bsp_gpio.o [1]
  .rodata            const    0x0000b6e4    0x14  bsp_gpio.o [1]
  .rodata            const    0x0000b6f8    0x14  MB_OS.o [1]
  .rodata            const    0x0000b70c    0x14  MB_OS.o [1]
  .rodata            const    0x0000b720    0x14  os_core.o [1]
  .rodata            const    0x0000b734    0x14  os_tick.o [1]
  .rodata            const    0x0000b748    0x10  app.o [1]
  .rodata            const    0x0000b758    0x10  app_comm_protocol.o [1]
  .rodata            const    0x0000b768    0x10  app_task_comm.o [1]
  .rodata            const    0x0000b778    0x10  app_task_comm.o [1]
  .rodata            const    0x0000b788    0x10  app_task_osal.o [1]
  .rodata            const    0x0000b798    0x10  MB_BSP.o [1]
  .rodata            const    0x0000b7a8    0x10  MB_OS.o [1]
  .rodata            const    0x0000b7b8    0x10  OperateCard.o [1]
  .rodata            const    0x0000b7c8     0xc  Card.o [1]
  .rodata            const    0x0000b7d4     0xc  os_core.o [1]
  .text              ro code  0x0000b7e0     0xc  cstartup.o [1]
  .text              ro code  0x0000b7ec     0xc  cstartup_M.o [5]
  .rodata            const    0x0000b7f8     0x8  lib_mem.o [1]
  .rodata            const    0x0000b800     0x8  MB_BSP.o [1]
  .rodata            const    0x0000b808     0x8  OperateCard.o [1]
  .rodata            const    0x0000b810     0x8  os_core.o [1]
  .rodata            const    0x0000b818     0x8  os_task.o [1]
  .rodata            const    0x0000b820     0x4  os_cfg_app.o [1]
  .rodata            const    0x0000b824     0x4  os_cfg_app.o [1]
  .rodata            const    0x0000b828     0x4  os_cfg_app.o [1]
  .rodata            const    0x0000b82c     0x4  os_cfg_app.o [1]
  .rodata            const    0x0000b830     0x4  os_cfg_app.o [1]
  .rodata            const    0x0000b834     0x4  os_cfg_app.o [1]
  .rodata            const    0x0000b838     0x4  os_cfg_app.o [1]
  .rodata            const    0x0000b83c     0x4  os_cfg_app.o [1]
  .rodata            const    0x0000b840     0x4  os_cfg_app.o [1]
  .rodata            const    0x0000b844     0x4  os_cfg_app.o [1]
  .rodata            const    0x0000b848     0x4  os_cfg_app.o [1]
  .rodata            const    0x0000b84c     0x4  os_dbg.o [1]
  .rodata            const    0x0000b850     0x4  os_dbg.o [1]
  .rodata            const    0x0000b854     0x4  os_dbg.o [1]
  .rodata            const    0x0000b858     0x2  os_dbg.o [1]
  .rodata            const    0x0000b85a     0x2  os_dbg.o [1]
  .rodata            const    0x0000b85c     0x2  os_dbg.o [1]
  .rodata            const    0x0000b85e     0x1  os_cfg_app.o [1]
  .rodata            const    0x0000b85f     0x1  os_dbg.o [1]
  .rodata            const    0x0000b860     0x1  os_dbg.o [1]
  .rodata            const    0x0000b861     0x1  os_dbg.o [1]
  .rodata            const    0x0000b862     0x1  os_dbg.o [1]
  .rodata            const    0x0000b863     0x1  os_dbg.o [1]
  .rodata            const    0x0000b864     0x1  os_dbg.o [1]
  .rodata            const    0x0000b865     0x1  os_dbg.o [1]
  .rodata            const    0x0000b866     0x1  os_dbg.o [1]
  .rodata            const    0x0000b867     0x1  os_dbg.o [1]
  .rodata            const    0x0000b868     0x1  os_dbg.o [1]
  .rodata            const    0x0000b869     0x1  os_dbg.o [1]
  .rodata            const    0x0000b86a     0x1  os_dbg.o [1]
  .rodata            const    0x0000b86b     0x1  os_dbg.o [1]
  .rodata            const    0x0000b86c     0x1  os_dbg.o [1]
  .rodata            const    0x0000b86d     0x1  os_dbg.o [1]
  .rodata            const    0x0000b86e     0x1  os_dbg.o [1]
  .rodata            const    0x0000b86f     0x1  os_dbg.o [1]
  .rodata            const    0x0000b870     0x1  os_dbg.o [1]
  .rodata            const    0x0000b871     0x1  os_dbg.o [1]
  .rodata            const    0x0000b872     0x1  os_dbg.o [1]
  .rodata            const    0x0000b873     0x1  os_dbg.o [1]
  .rodata            const    0x0000b874     0x1  os_dbg.o [1]
  .rodata            const    0x0000b875     0x1  os_dbg.o [1]
  .rodata            const    0x0000b876     0x1  os_dbg.o [1]
  .rodata            const    0x0000b877     0x1  os_dbg.o [1]
  .rodata            const    0x0000b878     0x1  os_dbg.o [1]
  .rodata            const    0x0000b879     0x1  os_dbg.o [1]
  .rodata            const    0x0000b87a     0x1  os_dbg.o [1]
  .rodata            const    0x0000b87b     0x1  os_dbg.o [1]
  .rodata            const    0x0000b87c     0x1  os_dbg.o [1]
  .rodata            const    0x0000b87d     0x1  os_dbg.o [1]
  .rodata            const    0x0000b87e     0x1  os_dbg.o [1]
  .rodata            const    0x0000b87f     0x1  os_dbg.o [1]
  .rodata            const    0x0000b880     0x1  os_dbg.o [1]
  .rodata            const    0x0000b881     0x1  os_dbg.o [1]
  .rodata            const    0x0000b882     0x1  os_dbg.o [1]
  .rodata            const    0x0000b883     0x0  zero_init3.o [5]
  .rodata            const    0x0000b883     0x0  copy_init3.o [5]
  Initializer bytes  const    0x0000b884     0xc  <for P2 s0>
                            - 0x0000b890  0xb7c4

"P2", part 1 of 3:                           0xc
  P2 s0                       0x10000000     0xc  <Init block>
    .data            inited   0x10000000     0x4  app_task_osal.o [1]
    .data            inited   0x10000004     0x4  system_LPC17xx.o [1]
    .data            inited   0x10000008     0x1  Card.o [1]
                            - 0x1000000c     0xc

"P2", part 2 of 3:                        0x6748
  .bss               zero     0x1000000c  0x1744  app_comm_otr.o [1]
  .bss               zero     0x10001750  0x11a0  MB.o [1]
  .bss               zero     0x100028f0   0x800  app_task_comm.o [1]
  .bss               zero     0x100030f0   0x800  OperateCard.o [1]
  .bss               zero     0x100038f0   0x400  app_task_osal.o [1]
  .bss               zero     0x10003cf0   0x400  DataCard.o [1]
  .bss               zero     0x100040f0   0x400  lib_mem.o [1]
  .bss               zero     0x100044f0   0x400  MB_OS.o [1]
  .bss               zero     0x100048f0   0x300  os_var.o [1]
  .bss               zero     0x10004bf0   0x2d0  xmain.o [1]
  .bss               zero     0x10004ec0   0x230  csp_int.o [1]
  .bss               zero     0x100050f0   0x200  os_cfg_app.o [1]
  .bss               zero     0x100052f0   0x200  os_cfg_app.o [1]
  .bss               zero     0x100054f0   0x190  os_cfg_app.o [1]
  .bss               zero     0x10005680   0x190  osal_timer.o [1]
  .bss               zero     0x10005810   0x100  app.o [1]
  .bss               zero     0x10005910   0x100  os_cfg_app.o [1]
  .bss               zero     0x10005a10    0xfc  app_comm_protocol.o [1]
  .bss               zero     0x10005b0c    0xfc  app_comm_protocol.o [1]
  .bss               zero     0x10005c08    0xf0  osal_event.o [1]
  .bss               zero     0x10005cf8    0xc8  Display.o [1]
  .bss               zero     0x10005dc0    0xb4  OperateCard.o [1]
  .bss               zero     0x10005e74    0xa0  app.o [1]
  .bss               zero     0x10005f14    0xa0  app_task_comm.o [1]
  .bss               zero     0x10005fb4    0xa0  app_task_osal.o [1]
  .bss               zero     0x10006054    0xa0  MB.o [1]
  .bss               zero     0x100060f4    0xa0  MB.o [1]
  .bss               zero     0x10006194    0xa0  MB_OS.o [1]
  .bss               zero     0x10006234    0xa0  OperateCard.o [1]
  .bss               zero     0x100062d4    0xa0  os_var.o [1]
  .bss               zero     0x10006374    0xa0  os_var.o [1]
  .bss               zero     0x10006414    0x50  csp_int.o [1]
  .bss               zero     0x10006464    0x30  app_task_comm.o [1]
  .bss               zero     0x10006494    0x30  MB_OS.o [1]
  .bss               zero     0x100064c4    0x28  app_comm_protocol.o [1]
  .bss               zero     0x100064ec    0x28  bsp_lpc_timer.o [1]
  .bss               zero     0x10006514    0x28  bsp_lpc_timer.o [1]
  .bss               zero     0x1000653c    0x28  bsp_lpc_timer.o [1]
  .bss               zero     0x10006564    0x28  Card.o [1]
  .bss               zero     0x1000658c    0x28  osal_event.o [1]
  .bss               zero     0x100065b4    0x28  xmain.o [1]
  .bss               zero     0x100065dc    0x20  DataCard.o [1]
  .bss               zero     0x100065fc    0x14  lib_mem.o [1]
  .bss               zero     0x10006610    0x14  MB_BSP.o [1]
  .bss               zero     0x10006624    0x10  cpu_core.o [1]
  .bss               zero     0x10006634     0xc  os_var.o [1]
  .bss               zero     0x10006640     0x8  mstcsspeed.o [1]
  .bss               zero     0x10006648     0x8  os_prio.o [1]
  .bss               zero     0x10006650     0x8  os_var.o [1]
  .bss               zero     0x10006658     0x8  os_var.o [1]
  .bss               zero     0x10006660     0x4  app_comm_otr.o [1]
  .bss               zero     0x10006664     0x4  Card.o [1]
  .bss               zero     0x10006668     0x4  Card.o [1]
  .bss               zero     0x1000666c     0x4  Card.o [1]
  .bss               zero     0x10006670     0x4  cpu_core.o [1]
  .bss               zero     0x10006674     0x4  cpu_core.o [1]
  .bss               zero     0x10006678     0x4  cpu_core.o [1]
  .bss               zero     0x1000667c     0x4  cpu_core.o [1]
  .bss               zero     0x10006680     0x4  cpu_core.o [1]
  .bss               zero     0x10006684     0x4  cpu_core.o [1]
  .bss               zero     0x10006688     0x4  lib_mem.o [1]
  .bss               zero     0x1000668c     0x4  MB.o [1]
  .bss               zero     0x10006690     0x4  mstcsspeed.o [1]
  .bss               zero     0x10006694     0x4  mstcsspeed.o [1]
  .bss               zero     0x10006698     0x4  mstcsspeed.o [1]
  .bss               zero     0x1000669c     0x4  mstcsspeed.o [1]
  .bss               zero     0x100066a0     0x4  os_cpu_c.o [1]
  .bss               zero     0x100066a4     0x4  os_var.o [1]
  .bss               zero     0x100066a8     0x4  os_var.o [1]
  .bss               zero     0x100066ac     0x4  os_var.o [1]
  .bss               zero     0x100066b0     0x4  os_var.o [1]
  .bss               zero     0x100066b4     0x4  os_var.o [1]
  .bss               zero     0x100066b8     0x4  os_var.o [1]
  .bss               zero     0x100066bc     0x4  os_var.o [1]
  .bss               zero     0x100066c0     0x4  os_var.o [1]
  .bss               zero     0x100066c4     0x4  os_var.o [1]
  .bss               zero     0x100066c8     0x4  os_var.o [1]
  .bss               zero     0x100066cc     0x4  os_var.o [1]
  .bss               zero     0x100066d0     0x4  os_var.o [1]
  .bss               zero     0x100066d4     0x4  os_var.o [1]
  .bss               zero     0x100066d8     0x4  os_var.o [1]
  .bss               zero     0x100066dc     0x4  os_var.o [1]
  .bss               zero     0x100066e0     0x4  os_var.o [1]
  .bss               zero     0x100066e4     0x4  os_var.o [1]
  .bss               zero     0x100066e8     0x4  os_var.o [1]
  .bss               zero     0x100066ec     0x4  os_var.o [1]
  .bss               zero     0x100066f0     0x4  osal_event.o [1]
  .bss               zero     0x100066f4     0x4  osal_event.o [1]
  .bss               zero     0x100066f8     0x4  osal_event.o [1]
  .bss               zero     0x100066fc     0x4  osal_timer.o [1]
  .bss               zero     0x10006700     0x4  osal_timer.o [1]
  .bss               zero     0x10006704     0x4  speed1.o [1]
  .bss               zero     0x10006708     0x4  speed1.o [1]
  .bss               zero     0x1000670c     0x4  speed1.o [1]
  .bss               zero     0x10006710     0x4  speed1.o [1]
  .bss               zero     0x10006714     0x4  speed2.o [1]
  .bss               zero     0x10006718     0x4  speed2.o [1]
  .bss               zero     0x1000671c     0x4  speed2.o [1]
  .bss               zero     0x10006720     0x4  speed2.o [1]
  .bss               zero     0x10006724     0x4  xmain.o [1]
  .bss               zero     0x10006728     0x2  cpu_core.o [1]
  .bss               zero     0x1000672a     0x2  cpu_core.o [1]
  .bss               zero     0x1000672c     0x2  MB.o [1]
  .bss               zero     0x1000672e     0x2  OperateCard.o [1]
  .bss               zero     0x10006730     0x2  os_var.o [1]
  .bss               zero     0x10006732     0x2  os_var.o [1]
  .bss               zero     0x10006734     0x2  os_var.o [1]
  .bss               zero     0x10006736     0x2  os_var.o [1]
  .bss               zero     0x10006738     0x2  os_var.o [1]
  .bss               zero     0x1000673a     0x2  os_var.o [1]
  .bss               zero     0x1000673c     0x1  app_comm_otr.o [1]
  .bss               zero     0x1000673d     0x1  app_comm_otr.o [1]
  .bss               zero     0x1000673e     0x1  app_comm_otr.o [1]
  .bss               zero     0x1000673f     0x1  app_comm_protocol.o [1]
  .bss               zero     0x10006740     0x1  app_comm_protocol.o [1]
  .bss               zero     0x10006741     0x1  app_task_osal_led.o [1]
  .bss               zero     0x10006742     0x1  app_task_osal_led.o [1]
  .bss               zero     0x10006743     0x1  app_task_osal_tmr.o [1]
  .bss               zero     0x10006744     0x1  app_task_osal_tmr.o [1]
  .bss               zero     0x10006745     0x1  Card.o [1]
  .bss               zero     0x10006746     0x1  Card.o [1]
  .bss               zero     0x10006747     0x1  MB.o [1]
  .bss               zero     0x10006748     0x1  OperateCard.o [1]
  .bss               zero     0x10006749     0x1  os_var.o [1]
  .bss               zero     0x1000674a     0x1  os_var.o [1]
  .bss               zero     0x1000674b     0x1  os_var.o [1]
  .bss               zero     0x1000674c     0x1  os_var.o [1]
  .bss               zero     0x1000674d     0x1  os_var.o [1]
  .bss               zero     0x1000674e     0x1  os_var.o [1]
  .bss               zero     0x1000674f     0x1  os_var.o [1]
  .bss               zero     0x10006750     0x1  osal_timer.o [1]
                            - 0x10006751  0x6745

"P2", part 3 of 3:                         0x200
  CSTACK                      0x10006758   0x200  <Block>
    CSTACK           uninit   0x10006758   0x200  <Block tail>
                            - 0x10006958   0x200


*******************************************************************************
*** INIT TABLE
***

          Address     Size
          -------     ----
Zero (__iar_zero_init3)
    1 destination range, total size 0x6745:
          0x1000000c  0x6745

Copy (__iar_copy_init3)
    1 source range, total size 0xc (133% of destination):
          0x0000b884     0xc
    1 destination range, total size 0x9:
          0x10000000     0x9



*******************************************************************************
*** MODULE SUMMARY
***

    Module                    ro code  ro data  rw data
    ------                    -------  -------  -------
F:\iar\NC136B-320 IC¿¨Ä£¿é\Software\EvalBoards\NXP\LPC1768-SK\uCOS-III\IAR\FLASH\Obj: [1]
    Card.o                      2 072       13       55
    CrcCheck.o                     56      512
    DataCard.o                    784             1 056
    Display.o                     176               200
    MB.o                        1 056             4 839
    MBS_CORE.o                  3 232
    MB_BSP.o                    1 216       24       20
    MB_DATA.o                      48
    MB_OS.o                       252       56    1 232
    MB_UTIL.o                     168
    MX25L1602Drv.o              1 300
    OperateCard.o                 624       24    2 391
    ParaCard.o                     42
    SoftSpi_17xx.o                 24
    WatchDog.o                      2
    app.o                         160       16      416
    app_comm_otr.o              1 120             5 963
    app_comm_protocol.o           968       16      546
    app_task_comm.o               840       32    2 256
    app_task_osal.o               328       20    1 188
    app_task_osal_led.o           176                 2
    app_task_osal_tmr.o           188                 2
    bsp.o                       1 420
    bsp_FRAM.o                    456
    bsp_IIC.o                     414
    bsp_gpio.o                    288       60
    bsp_lpc_timer.o                                 120
    bsp_os.o                      226
    cpu_a.o                        52
    cpu_c.o                       484
    cpu_core.o                    456                44
    csp.o                         110
    csp_gpio.o                  1 252
    csp_int.o                     388               640
    csp_pm.o                      148
    cstartup.o                     12      204
    lib_mem.o                     316        8    1 048
    lpc17xx_clkpwr.o              244
    lpc17xx_gpio.o                188
    lpc17xx_libcfg_default.o        2
    lpc17xx_pinsel.o              244
    lpc17xx_ssp.o                 380       64
    lpc17xx_timer.o             1 268       64
    lpc17xx_uart.o              1 824       64
    mb_app_hooks.o                 20
    mstcsspeed.o                  180                24
    os_app_hooks.o                156
    os_cfg_app.o                    2       47    1 680
    os_core.o                   2 100       40
    os_cpu_a.o                    132
    os_cpu_c.o                    448                 4
    os_csp.o                       38
    os_dbg.o                      516      342
    os_flag.o                   1 952
    os_mem.o                       28
    os_msg.o                      636
    os_mutex.o                    196
    os_prio.o                     168                 8
    os_q.o                        956
    os_sem.o                      864
    os_task.o                   2 160        8
    os_tick.o                   1 252       20
    os_time.o                     556
    os_var.o                                      1 211
    osal.o                         80
    osal_event.o                  388               292
    osal_timer.o                  628               409
    speed1.o                      164                16
    speed2.o                      160                16
    system_LPC17xx.o                         4        4
    xmain.o                       292               764
    ---------------------------------------------------
    Total:                     39 076    1 638   26 446

command line: [2]
    ---------------------------------------------------
    Total:

dl7M_tln.a: [3]
    div.o                          14
    exit.o                          4
    low_level_init.o                4
    vsprintf.o                     44
    xprintffull_nomb.o          3 502
    xsprout.o                      10
    ---------------------------------------------------
    Total:                      3 578

m7M_tl.a: [4]
    DblAdd.o                      212
    DblCmpGe.o                     46
    DblCmpLe.o                     46
    DblDiv.o                      598
    DblMul.o                      418
    DblSub.o                      384
    DblToI32.o                     88
    I32ToDbl.o                     48
    xdnorm.o                       66
    xdscale.o                     268
    ---------------------------------------------------
    Total:                      2 174

rt7M_tl.a: [5]
    ABImemcpy_unaligned.o         118
    I64DivMod.o                   238
    I64DivZer.o                     2
    cexit.o                        10
    cmain.o                        26
    copy_init3.o                   44
    cstartup_M.o                   12
    data_init.o                    40
    memchr.o                       88
    strchr.o                       22
    strlen.o                       54
    zero_init3.o                   64
    ---------------------------------------------------
    Total:                        718

shb_l.a: [6]
    exit.o                         20
    ---------------------------------------------------
    Total:                         20

    Gaps                                     4
    Linker created                          40      512
-------------------------------------------------------
    Grand Total:               45 566    1 682   26 958


*******************************************************************************
*** ENTRY LIST
***

Entry                      Address    Size  Type      Object
-----                      -------    ----  ----      ------
.iar.init_table$$Base   0x0000b630           --   Gb  - Linker created -
.iar.init_table$$Limit  0x0000b654           --   Gb  - Linker created -
?main                   0x0000b679          Code  Gb  cmain.o [5]
APP_CommInit            0x00002b95    0x28  Code  Lc  app_task_comm.o [1]
APP_CommRxDataDealCB    0x00002bbd   0x104  Code  Gb  app_task_comm.o [1]
APP_OsalInit            0x0000ade1     0xe  Code  Lc  app_task_osal.o [1]
AppTaskCard             0x0000a7e5   0x1a2  Code  Gb  OperateCard.o [1]
AppTaskCardStk          0x100030f0   0x800  Data  Lc  OperateCard.o [1]
AppTaskCardTCB          0x10006234    0xa0  Data  Lc  OperateCard.o [1]
AppTaskComm             0x00002a69    0xb8  Code  Lc  app_task_comm.o [1]
AppTaskCommStk          0x100028f0   0x800  Data  Lc  app_task_comm.o [1]
AppTaskCommTCB          0x10005f14    0xa0  Data  Lc  app_task_comm.o [1]
AppTaskOsal             0x0000ad05    0xdc  Code  Lc  app_task_osal.o [1]
AppTaskOsalStk          0x100038f0   0x400  Data  Lc  app_task_osal.o [1]
AppTaskOsalTCB          0x10005fb4    0xa0  Data  Lc  app_task_osal.o [1]
App_BusFault_ISR        0x0000b7e5     0x2  Code  Lc  cstartup.o [1]
App_Fault_ISR           0x0000b7e3     0x2  Code  Lc  cstartup.o [1]
App_MB_RdNRegsHook      0x000025f9     0xa  Code  Gb  mb_app_hooks.o [1]
App_MB_WrNRegsHook      0x00002603     0xa  Code  Gb  mb_app_hooks.o [1]
App_Main                0x0000aec9    0x22  Code  Gb  xmain.o [1]
App_MemFault_ISR        0x0000b7e9     0x2  Code  Lc  cstartup.o [1]
App_ModbusInit          0x00002b21    0x74  Code  Lc  app_task_comm.o [1]
App_NMI_ISR             0x0000b7e1     0x2  Code  Lc  cstartup.o [1]
App_OS_IdleTaskHook     0x0000b321     0x2  Code  Gb  os_app_hooks.o [1]
App_OS_SetAllHooks      0x0000b299    0x52  Code  Gb  os_app_hooks.o [1]
App_OS_StatTaskHook     0x0000b325     0x2  Code  Gb  os_app_hooks.o [1]
App_OS_TaskCreateHook   0x0000b309     0x8  Code  Gb  os_app_hooks.o [1]
App_OS_TaskDelHook      0x0000b311     0x8  Code  Gb  os_app_hooks.o [1]
App_OS_TaskReturnHook   0x0000b319     0x8  Code  Gb  os_app_hooks.o [1]
App_OS_TaskSwHook       0x0000b329     0x2  Code  Gb  os_app_hooks.o [1]
App_OS_TimeTickHook     0x0000b32d     0x8  Code  Gb  os_app_hooks.o [1]
App_ObjCreate           0x0000b28b     0x2  Code  Lc  app.o [1]
App_Spurious_ISR        0x0000b7eb     0x2  Code  Lc  cstartup.o [1]
App_TaskCardCreate      0x0000a74d    0x3c  Code  Gb  OperateCard.o [1]
App_TaskCommCreate      0x00002a2d    0x3c  Code  Gb  app_task_comm.o [1]
App_TaskCreate          0x0000b28d     0xc  Code  Lc  app.o [1]
App_TaskOsalCreate      0x0000acc9    0x3c  Code  Gb  app_task_osal.o [1]
App_TaskStart           0x0000b259    0x32  Code  Lc  app.o [1]
App_TaskStartStk        0x10005810   0x100  Data  Lc  app.o [1]
App_TaskStartTCB        0x10005e74    0xa0  Data  Lc  app.o [1]
App_UsageFault_ISR      0x0000b7e7     0x2  Code  Lc  cstartup.o [1]
BSP_Init                0x00004c11   0x348  Code  Gb  bsp.o [1]
BSP_LED_Off             0x00004f75    0xd4  Code  Gb  bsp.o [1]
BSP_LED_Toggle          0x00005049    0xd4  Code  Gb  bsp.o [1]
BSP_OSTickInit          0x00005277     0x8  Code  Gb  bsp_os.o [1]
BSP_OS_SemCreate        0x0000519d    0x26  Code  Gb  bsp_os.o [1]
BSP_OS_SemPost          0x00005201    0x20  Code  Gb  bsp_os.o [1]
BSP_OS_SemWait          0x000051c3    0x38  Code  Gb  bsp_os.o [1]
BSP_OS_TimeDly          0x00005221    0x56  Code  Gb  bsp_os.o [1]
BSP_Start               0x00004f59    0x1c  Code  Gb  bsp.o [1]
Bsp_Card_Sem            0x10006564    0x28  Data  Gb  Card.o [1]
Bsp_Fram_Sem            0x100064c4    0x28  Data  Lc  app_comm_protocol.o [1]
BufferToMainMemoryPageProgramWithBuilt_inErase_Card
                        0x00009a19    0xf4  Code  Gb  Card.o [1]
BufferWrite_Card        0x000099a7    0x72  Code  Gb  Card.o [1]
CE_High                 0x0000786f     0xa  Code  Gb  MX25L1602Drv.o [1]
CE_Low                  0x00007865     0xa  Code  Gb  MX25L1602Drv.o [1]
CLKPWR_ConfigPPWR       0x00008e2d    0x2c  Code  Gb  lpc17xx_clkpwr.o [1]
CLKPWR_GetPCLK          0x00008ded    0x40  Code  Gb  lpc17xx_clkpwr.o [1]
CLKPWR_GetPCLKSEL       0x00008dc9    0x24  Code  Gb  lpc17xx_clkpwr.o [1]
CLKPWR_SetPCLKDiv       0x00008d79    0x50  Code  Gb  lpc17xx_clkpwr.o [1]
CPU_CntLeadZeros        0x00005e9b          Code  Gb  cpu_a.o [1]
CPU_CntTrailZeros       0x00005ea1          Code  Gb  cpu_a.o [1]
CPU_Init                0x00005eb1    0x10  Code  Gb  cpu_core.o [1]
CPU_IntDis              0x00005e7d          Code  Gb  cpu_a.o [1]
CPU_IntDisMeasCtr       0x10006728     0x2  Data  Gb  cpu_core.o [1]
CPU_IntDisMeasInit      0x00005fc1    0x78  Code  Lc  cpu_core.o [1]
CPU_IntDisMeasMaxCalc   0x00006039    0x1a  Code  Lc  cpu_core.o [1]
CPU_IntDisMeasMaxCurGet
                        0x00005f1d    0x24  Code  Gb  cpu_core.o [1]
CPU_IntDisMeasMaxCurReset
                        0x00005efb    0x22  Code  Gb  cpu_core.o [1]
CPU_IntDisMeasMaxCur_cnts
                        0x10006680     0x4  Data  Gb  cpu_core.o [1]
CPU_IntDisMeasMax_cnts  0x10006684     0x4  Data  Gb  cpu_core.o [1]
CPU_IntDisMeasOvrhd_cnts
                        0x1000667c     0x4  Data  Gb  cpu_core.o [1]
CPU_IntDisMeasStart     0x00005f41    0x28  Code  Gb  cpu_core.o [1]
CPU_IntDisMeasStart_cnts
                        0x10006674     0x4  Data  Gb  cpu_core.o [1]
CPU_IntDisMeasStop      0x00005f69    0x42  Code  Gb  cpu_core.o [1]
CPU_IntDisMeasStop_cnts
                        0x10006678     0x4  Data  Gb  cpu_core.o [1]
CPU_IntDisNestCtr       0x1000672a     0x2  Data  Gb  cpu_core.o [1]
CPU_IntEn               0x00005e81          Code  Gb  cpu_a.o [1]
CPU_IntSrcDis           0x0000940d   0x13c  Code  Gb  cpu_c.o [1]
CPU_IntSrcPendClr       0x00009549    0x94  Code  Gb  cpu_c.o [1]
CPU_Name                0x10006624    0x10  Data  Gb  cpu_core.o [1]
CPU_NameClr             0x00005ec3    0x24  Code  Gb  cpu_core.o [1]
CPU_NameInit            0x00005fab     0x8  Code  Lc  cpu_core.o [1]
CPU_RevBits             0x00005eab          Code  Gb  cpu_a.o [1]
CPU_SR_Restore          0x00005e8d          Code  Gb  cpu_a.o [1]
CPU_SR_Save             0x00005e85          Code  Gb  cpu_a.o [1]
CPU_SW_Exception        0x00005ec1     0x2  Code  Gb  cpu_core.o [1]
CPU_TS_Get32            0x00005ee7     0xc  Code  Gb  cpu_core.o [1]
CPU_TS_Init             0x00005fb3     0xe  Code  Lc  cpu_core.o [1]
CPU_TS_TmrFreqSet       0x00005ef3     0x8  Code  Gb  cpu_core.o [1]
CPU_TS_TmrFreq_Hz       0x10006670     0x4  Data  Gb  cpu_core.o [1]
CPU_TS_TmrInit          0x0000511d    0x28  Code  Gb  bsp.o [1]
CPU_TS_TmrRd            0x00005145     0x8  Code  Gb  bsp.o [1]
CPU_WaitForExcept       0x00005e97          Code  Gb  cpu_a.o [1]
CPU_WaitForInt          0x00005e93          Code  Gb  cpu_a.o [1]
CSNC_GetData            0x00003c95   0x1a6  Code  Gb  app_comm_protocol.o [1]
CSNC_SendData           0x00003e3b   0x1b4  Code  Gb  app_comm_protocol.o [1]
CSP_GPIO_BitSet         0x0000859b    0x2c  Code  Gb  csp_gpio.o [1]
CSP_GPIO_BitToggle      0x000085c7    0x54  Code  Gb  csp_gpio.o [1]
CSP_GPIO_Cfg            0x0000816d   0x42e  Code  Gb  csp_gpio.o [1]
CSP_IntDisAll           0x00008651    0x2c  Code  Gb  csp_int.o [1]
CSP_IntHandler          0x00008785    0x2a  Code  Gb  csp_int.o [1]
CSP_IntInit             0x0000867d    0xb0  Code  Gb  csp_int.o [1]
CSP_IntUSB_Handler      0x00008731    0x54  Code  Lc  csp_int.o [1]
CSP_IntVectClr          0x000095f1    0x12  Code  Gb  csp.o [1]
CSP_IntVectDeref        0x00009611    0x4e  Code  Gb  csp.o [1]
CSP_IntVectSet          0x00009603     0xe  Code  Gb  csp.o [1]
CSP_MainVectTbl         0x10004ec0   0x230  Data  Lc  csp_int.o [1]
CSP_PM_CPU_ClkFreqGet   0x000087d5    0x80  Code  Gb  csp_pm.o [1]
CSP_USB_VectTbl         0x10006414    0x50  Data  Lc  csp_int.o [1]
CSTACK$$Base            0x10006758           --   Gb  - Linker created -
CSTACK$$Limit           0x10006958           --   Gb  - Linker created -
CardBuf                 0x10003cf0   0x400  Data  Gb  DataCard.o [1]
CheckSlaveAckI2C        0x0000937f    0x1a  Code  Gb  bsp_IIC.o [1]
ContinuousArrayRead_Card
                        0x00009883   0x124  Code  Gb  Card.o [1]
DataCard                0x0000a049   0x26a  Code  Gb  DataCard.o [1]
DataComReadAsk          0x000047b1    0x48  Code  Gb  app_comm_otr.o [1]
DisplaySet              0x0000a9e9    0xac  Code  Gb  Display.o [1]
FRAM_ReadProductInfo    0x00007ecf    0x26  Code  Gb  bsp_FRAM.o [1]
FRAM_ReadRecNumMgr      0x00007ea9    0x26  Code  Gb  bsp_FRAM.o [1]
FRAM_ReadRunPara        0x00007f1b    0x26  Code  Gb  bsp_FRAM.o [1]
FRAM_SendEvent          0x00007d7d     0x2  Code  Lc  bsp_FRAM.o [1]
FRAM_StoreRecNumMgr     0x00007e83    0x26  Code  Gb  bsp_FRAM.o [1]
FRAM_StoreRunPara       0x00007ef5    0x26  Code  Gb  bsp_FRAM.o [1]
FRAM_WaitEvent          0x00007d79     0x4  Code  Lc  bsp_FRAM.o [1]
FeedDog                 0x0000aac5     0x2  Code  Gb  WatchDog.o [1]
GPIO_ClearValue         0x00008c41    0x16  Code  Gb  lpc17xx_gpio.o [1]
GPIO_Fram_Init          0x0000927b    0x24  Code  Gb  bsp_IIC.o [1]
GPIO_GetPointer         0x00008bc9    0x38  Code  Lc  lpc17xx_gpio.o [1]
GPIO_PinselConfig       0x000056ad    0x48  Code  Gb  bsp_gpio.o [1]
GPIO_ReadIoVal          0x000056f5    0x5c  Code  Gb  bsp_gpio.o [1]
GPIO_ReadValue          0x00008c57    0x1a  Code  Gb  lpc17xx_gpio.o [1]
GPIO_SetDir             0x00008c01    0x2a  Code  Gb  lpc17xx_gpio.o [1]
GPIO_SetOrClearValue    0x0000563d    0x70  Code  Gb  bsp_gpio.o [1]
GPIO_SetValue           0x00008c2b    0x16  Code  Gb  lpc17xx_gpio.o [1]
GetCardPageSize         0x0000987b     0x8  Code  Gb  Card.o [1]
GetCheckSumNR           0x00003c6b    0x2a  Code  Lc  app_comm_protocol.o [1]
GetCrc16Check           0x0000782d    0x34  Code  Gb  CrcCheck.o [1]
GetReadFlshRecCnt       0x0000a025    0x24  Code  Gb  DataCard.o [1]
GetRecNumAddr           0x00004bfd    0x14  Code  Gb  app_comm_otr.o [1]
GetRecSlaveAddr         0x00003c49     0x8  Code  Gb  app_comm_protocol.o [1]
GetRecvFrameNbr         0x00003c51     0x8  Code  Gb  app_comm_protocol.o [1]
GetToEndLen             0x00009def    0x14  Code  Gb  Card.o [1]
GetWritePageLen         0x00009ff5    0x30  Code  Gb  DataCard.o [1]
Get_Byte                0x000079ad     0x8  Code  Gb  MX25L1602Drv.o [1]
I2C_delay               0x0000926d     0xe  Code  Gb  bsp_IIC.o [1]
InitCardIO              0x00009683    0x3e  Code  Gb  Card.o [1]
InitCardInfo            0x000097b3    0xc8  Code  Gb  Card.o [1]
InitCardPageInfo        0x00009e03    0x48  Code  Gb  Card.o [1]
InitFlashIO             0x00007879    0x3c  Code  Gb  MX25L1602Drv.o [1]
LoadInt                 0x00000659    0x6e  Code  Lc  xprintffull_nomb.o [3]
MBS_ErrRespSet          0x00001929    0x26  Code  Lc  MBS_CORE.o [1]
MBS_FC01_CoilRd         0x00001a7d   0x124  Code  Lc  MBS_CORE.o [1]
MBS_FC03_HoldingRegRd   0x00001ba1   0x11e  Code  Lc  MBS_CORE.o [1]
MBS_FC05_CoilWr         0x00001cbf    0xc8  Code  Lc  MBS_CORE.o [1]
MBS_FC06_HoldingRegWr   0x00001d87    0xc0  Code  Lc  MBS_CORE.o [1]
MBS_FC08_Loopback       0x00001e47   0x102  Code  Lc  MBS_CORE.o [1]
MBS_FC15_CoilWrMultiple
                        0x00001f49   0x138  Code  Lc  MBS_CORE.o [1]
MBS_FC16_HoldingRegWrMultiple
                        0x00002081   0x178  Code  Lc  MBS_CORE.o [1]
MBS_FC20_FileRd         0x000021f9   0x168  Code  Lc  MBS_CORE.o [1]
MBS_FC21_FileWr         0x00002361   0x16e  Code  Lc  MBS_CORE.o [1]
MBS_FCxx_Handler        0x0000194f   0x12e  Code  Gb  MBS_CORE.o [1]
MBS_RTU_Task            0x000024fb    0xce  Code  Lc  MBS_CORE.o [1]
MBS_RxTask              0x000024e5    0x16  Code  Gb  MBS_CORE.o [1]
MBS_StatInit            0x000024cf    0x16  Code  Gb  MBS_CORE.o [1]
MB_CfgCh                0x0000266b    0xee  Code  Gb  MB.o [1]
MB_ChCtr                0x10006747     0x1  Data  Gb  MB.o [1]
MB_ChPortMap            0x10006610    0x14  Data  Lc  MB_BSP.o [1]
MB_ChTbl                0x10001750  0x11a0  Data  Gb  MB.o [1]
MB_ChToPortMap          0x00002797     0x8  Code  Gb  MB.o [1]
MB_CoilRd               0x000025c9     0x8  Code  Gb  MB_DATA.o [1]
MB_CoilWr               0x000025d1     0x2  Code  Gb  MB_DATA.o [1]
MB_CommPortCfg          0x00002f91   0x18a  Code  Gb  MB_BSP.o [1]
MB_CommRxIntDis         0x0000311b    0x7c  Code  Gb  MB_BSP.o [1]
MB_CommRxIntEn          0x00003197    0x7c  Code  Gb  MB_BSP.o [1]
MB_CommTx1              0x000032b1    0x14  Code  Gb  MB_BSP.o [1]
MB_CommTxIntDis         0x000032c5    0x28  Code  Gb  MB_BSP.o [1]
MB_CommTxIntEn          0x000032ed    0x28  Code  Gb  MB_BSP.o [1]
MB_FileRd               0x000025dd    0x10  Code  Gb  MB_DATA.o [1]
MB_FileWr               0x000025ed     0xc  Code  Gb  MB_DATA.o [1]
MB_HoldingRegRd         0x000025d3     0x8  Code  Gb  MB_DATA.o [1]
MB_HoldingRegWr         0x000025db     0x2  Code  Gb  MB_DATA.o [1]
MB_Init                 0x0000260d    0x5e  Code  Gb  MB.o [1]
MB_MasterTimeoutSet     0x00002759     0x8  Code  Gb  MB.o [1]
MB_ModeSet              0x00002761    0x26  Code  Gb  MB.o [1]
MB_NodeAddrSet          0x00002787     0x8  Code  Gb  MB.o [1]
MB_OS_Init              0x00002e1d     0xc  Code  Gb  MB_OS.o [1]
MB_OS_InitMaster        0x00002e29    0x36  Code  Lc  MB_OS.o [1]
MB_OS_InitSlave         0x00002e5f    0x48  Code  Lc  MB_OS.o [1]
MB_OS_RxQ               0x10006494    0x30  Data  Lc  MB_OS.o [1]
MB_OS_RxSemTbl          0x10006054    0xa0  Data  Gb  MB.o [1]
MB_OS_RxSignal          0x00002ea7    0x2a  Code  Gb  MB_OS.o [1]
MB_OS_RxTask            0x00002ed1    0x24  Code  Lc  MB_OS.o [1]
MB_OS_RxTaskStk         0x100044f0   0x400  Data  Lc  MB_OS.o [1]
MB_OS_RxTaskTCB         0x10006194    0xa0  Data  Lc  MB_OS.o [1]
MB_OS_TxSemTbl          0x100060f4    0xa0  Data  Gb  MB.o [1]
MB_RTU_Freq             0x1000672c     0x2  Data  Gb  MB.o [1]
MB_RTU_Rx               0x0000288b    0x78  Code  Gb  MB.o [1]
MB_RTU_RxByte           0x0000284d    0x3e  Code  Gb  MB.o [1]
MB_RTU_RxCalcCRC        0x00002d75    0x56  Code  Gb  MB_UTIL.o [1]
MB_RTU_TmrCtr           0x1000668c     0x4  Data  Gb  MB.o [1]
MB_RTU_TmrISR_Handler   0x00003385    0x20  Code  Gb  MB_BSP.o [1]
MB_RTU_TmrInit          0x00003315    0x68  Code  Gb  MB_BSP.o [1]
MB_RTU_TmrReset         0x00002963     0x6  Code  Gb  MB.o [1]
MB_RTU_TmrResetAll      0x00002969    0x26  Code  Gb  MB.o [1]
MB_RTU_TmrUpdate        0x0000298f    0x48  Code  Gb  MB.o [1]
MB_RTU_Tx               0x00002903    0x60  Code  Gb  MB.o [1]
MB_RTU_TxCalcCRC        0x00002dcb    0x52  Code  Gb  MB_UTIL.o [1]
MB_RxByte               0x0000279f    0x1a  Code  Gb  MB.o [1]
MB_RxTask               0x000027b9    0x16  Code  Gb  MB.o [1]
MB_Tx                   0x000027cf    0x20  Code  Gb  MB.o [1]
MB_TxByte               0x000027ef    0x5e  Code  Gb  MB.o [1]
MB_WrEnSet              0x0000278f     0x8  Code  Gb  MB.o [1]
MTR_RxQ                 0x10006464    0x30  Data  Gb  app_task_comm.o [1]
MX25L1602_Erase         0x00007b37   0x21a  Code  Gb  MX25L1602Drv.o [1]
MX25L1602_RD            0x000079b5    0x5c  Code  Gb  MX25L1602Drv.o [1]
MX25L1602_WR            0x00007a11   0x126  Code  Gb  MX25L1602Drv.o [1]
MasterAckI2C            0x0000933b    0x22  Code  Gb  bsp_IIC.o [1]
MasterNoAckI2C          0x0000935d    0x22  Code  Gb  bsp_IIC.o [1]
Mem_Clr                 0x00008eaf    0x12  Code  Gb  lib_mem.o [1]
Mem_Heap                0x100040f0   0x400  Data  Gb  lib_mem.o [1]
Mem_Init                0x00008e71    0x3e  Code  Gb  lib_mem.o [1]
Mem_SegCreate           0x00008f35    0x48  Code  Gb  lib_mem.o [1]
Mem_SegCreateCritical   0x00008f7d    0x1e  Code  Lc  lib_mem.o [1]
Mem_SegHeadPtr          0x10006688     0x4  Data  Gb  lib_mem.o [1]
Mem_SegHeap             0x100065fc    0x14  Data  Gb  lib_mem.o [1]
Mem_Set                 0x00008ec1    0x74  Code  Gb  lib_mem.o [1]
NMBS_FCxx_Handler       0x00002cc1    0x88  Code  Gb  app_task_comm.o [1]
NMB_Tx                  0x000029ed    0x40  Code  Gb  MB.o [1]
NOP                     0x00009255     0x2  Code  Gb  SoftSpi_17xx.o [1]
NVIC_EnableIRQ          0x00002f19    0x16  Code  Lc  MB_BSP.o [1]
NVIC_SetPriority        0x00002f2f    0x2a  Code  Lc  MB_BSP.o [1]
OSAL_TaskCreateHook     0x0000aef7    0x1c  Code  Gb  xmain.o [1]
OSCfg_ISRStk            0x100050f0   0x200  Data  Gb  os_cfg_app.o [1]
OSCfg_ISRStkBasePtr     0x0000b82c     0x4  Data  Gb  os_cfg_app.o [1]
OSCfg_ISRStkSize        0x0000b830     0x4  Data  Gb  os_cfg_app.o [1]
OSCfg_IdleTaskStk       0x10005910   0x100  Data  Gb  os_cfg_app.o [1]
OSCfg_IdleTaskStkBasePtr
                        0x0000b820     0x4  Data  Gb  os_cfg_app.o [1]
OSCfg_IdleTaskStkLimit  0x0000b824     0x4  Data  Gb  os_cfg_app.o [1]
OSCfg_IdleTaskStkSize   0x0000b828     0x4  Data  Gb  os_cfg_app.o [1]
OSCfg_Init              0x000091cd     0x2  Code  Gb  os_cfg_app.o [1]
OSCfg_MsgPool           0x100052f0   0x200  Data  Gb  os_cfg_app.o [1]
OSCfg_MsgPoolBasePtr    0x0000b834     0x4  Data  Gb  os_cfg_app.o [1]
OSCfg_MsgPoolSize       0x00000e9a     0x2  Data  Gb  os_cfg_app.o [1]
OSCfg_StkSizeMin        0x0000b838     0x4  Data  Gb  os_cfg_app.o [1]
OSCfg_TickRate_Hz       0x0000b83c     0x4  Data  Gb  os_cfg_app.o [1]
OSCfg_TickTaskPrio      0x0000b85e     0x1  Data  Gb  os_cfg_app.o [1]
OSCfg_TickTaskStk       0x100054f0   0x190  Data  Gb  os_cfg_app.o [1]
OSCfg_TickTaskStkBasePtr
                        0x0000b840     0x4  Data  Gb  os_cfg_app.o [1]
OSCfg_TickTaskStkLimit  0x0000b844     0x4  Data  Gb  os_cfg_app.o [1]
OSCfg_TickTaskStkSize   0x0000b848     0x4  Data  Gb  os_cfg_app.o [1]
OSDbg_AppHooksEn        0x0000b861     0x1  Data  Gb  os_dbg.o [1]
OSDbg_ArgChkEn          0x0000b860     0x1  Data  Gb  os_dbg.o [1]
OSDbg_CalledFromISRChkEn
                        0x0000b862     0x1  Data  Gb  os_dbg.o [1]
OSDbg_DataSize          0x0000b854     0x4  Data  Gb  os_dbg.o [1]
OSDbg_DbgEn             0x0000b85f     0x1  Data  Gb  os_dbg.o [1]
OSDbg_EndiannessTest    0x0000b84c     0x4  Data  Gb  os_dbg.o [1]
OSDbg_FlagDelEn         0x0000b864     0x1  Data  Gb  os_dbg.o [1]
OSDbg_FlagEn            0x0000b863     0x1  Data  Gb  os_dbg.o [1]
OSDbg_FlagGrp           0x0000b590    0x28  Data  Gb  os_dbg.o [1]
OSDbg_FlagGrpSize       0x00000ed2     0x2  Data  Gb  os_dbg.o [1]
OSDbg_FlagModeClrEn     0x0000b865     0x1  Data  Gb  os_dbg.o [1]
OSDbg_FlagPendAbortEn   0x0000b866     0x1  Data  Gb  os_dbg.o [1]
OSDbg_FlagWidth         0x0000101a     0x2  Data  Gb  os_dbg.o [1]
OSDbg_Mem               0x0000b658    0x20  Data  Gb  os_dbg.o [1]
OSDbg_MemEn             0x0000b867     0x1  Data  Gb  os_dbg.o [1]
OSDbg_MemSize           0x00001102     0x2  Data  Gb  os_dbg.o [1]
OSDbg_MsgEn             0x0000b868     0x1  Data  Gb  os_dbg.o [1]
OSDbg_MsgPoolSize       0x000015ea     0x2  Data  Gb  os_dbg.o [1]
OSDbg_MsgQSize          0x00001852     0x2  Data  Gb  os_dbg.o [1]
OSDbg_MsgSize           0x00001132     0x2  Data  Gb  os_dbg.o [1]
OSDbg_Mutex             0x0000b4d4    0x30  Data  Gb  os_dbg.o [1]
OSDbg_MutexDelEn        0x0000b86a     0x1  Data  Gb  os_dbg.o [1]
OSDbg_MutexEn           0x0000b869     0x1  Data  Gb  os_dbg.o [1]
OSDbg_MutexPendAbortEn  0x0000b86b     0x1  Data  Gb  os_dbg.o [1]
OSDbg_MutexSize         0x0000527e     0x2  Data  Gb  os_dbg.o [1]
OSDbg_ObjTypeChkEn      0x0000b86c     0x1  Data  Gb  os_dbg.o [1]
OSDbg_PendListSize      0x00008e6e     0x2  Data  Gb  os_dbg.o [1]
OSDbg_PendObjSize       0x000091ce     0x2  Data  Gb  os_dbg.o [1]
OSDbg_PrioMax           0x0000940a     0x2  Data  Gb  os_dbg.o [1]
OSDbg_PrioTblSize       0x0000965e     0x2  Data  Gb  os_dbg.o [1]
OSDbg_PtrSize           0x0000a9e6     0x2  Data  Gb  os_dbg.o [1]
OSDbg_Q                 0x0000b504    0x30  Data  Gb  os_dbg.o [1]
OSDbg_QDelEn            0x0000b86e     0x1  Data  Gb  os_dbg.o [1]
OSDbg_QEn               0x0000b86d     0x1  Data  Gb  os_dbg.o [1]
OSDbg_QFlushEn          0x0000b86f     0x1  Data  Gb  os_dbg.o [1]
OSDbg_QPendAbortEn      0x0000b870     0x1  Data  Gb  os_dbg.o [1]
OSDbg_QSize             0x0000aac6     0x2  Data  Gb  os_dbg.o [1]
OSDbg_RdyList           0x0000b69a     0x2  Data  Gb  os_dbg.o [1]
OSDbg_RdyListSize       0x0000b850     0x4  Data  Gb  os_dbg.o [1]
OSDbg_SchedRoundRobinEn
                        0x0000b871     0x1  Data  Gb  os_dbg.o [1]
OSDbg_Sem               0x0000b5b8    0x28  Data  Gb  os_dbg.o [1]
OSDbg_SemDelEn          0x0000b873     0x1  Data  Gb  os_dbg.o [1]
OSDbg_SemEn             0x0000b872     0x1  Data  Gb  os_dbg.o [1]
OSDbg_SemPendAbortEn    0x0000b874     0x1  Data  Gb  os_dbg.o [1]
OSDbg_SemSetEn          0x0000b875     0x1  Data  Gb  os_dbg.o [1]
OSDbg_SemSize           0x0000b654     0x2  Data  Gb  os_dbg.o [1]
OSDbg_StatTaskEn        0x0000b877     0x1  Data  Gb  os_dbg.o [1]
OSDbg_StatTaskStkChkEn  0x0000b878     0x1  Data  Gb  os_dbg.o [1]
OSDbg_StkWidth          0x0000b876     0x1  Data  Gb  os_dbg.o [1]
OSDbg_TCBSize           0x0000b858     0x2  Data  Gb  os_dbg.o [1]
OSDbg_TaskChangePrioEn  0x0000b879     0x1  Data  Gb  os_dbg.o [1]
OSDbg_TaskDelEn         0x0000b87a     0x1  Data  Gb  os_dbg.o [1]
OSDbg_TaskProfileEn     0x0000b87d     0x1  Data  Gb  os_dbg.o [1]
OSDbg_TaskQEn           0x0000b87b     0x1  Data  Gb  os_dbg.o [1]
OSDbg_TaskQPendAbortEn  0x0000b87c     0x1  Data  Gb  os_dbg.o [1]
OSDbg_TaskRegTblSize    0x0000b6a6     0x2  Data  Gb  os_dbg.o [1]
OSDbg_TaskSemPendAbortEn
                        0x0000b87e     0x1  Data  Gb  os_dbg.o [1]
OSDbg_TaskSuspendEn     0x0000b87f     0x1  Data  Gb  os_dbg.o [1]
OSDbg_TickListSize      0x0000b85a     0x2  Data  Gb  os_dbg.o [1]
OSDbg_TimeDlyHMSMEn     0x0000b880     0x1  Data  Gb  os_dbg.o [1]
OSDbg_TimeDlyResumeEn   0x0000b881     0x1  Data  Gb  os_dbg.o [1]
OSDbg_Tmr               0x0000b534    0x30  Data  Gb  os_dbg.o [1]
OSDbg_TmrEn             0x0000b882     0x1  Data  Gb  os_dbg.o [1]
OSDbg_VersionNbr        0x0000b85c     0x2  Data  Gb  os_dbg.o [1]
OSFlagCreate            0x00004011    0x74  Code  Gb  os_flag.o [1]
OSFlagDbgListPtr        0x100066c4     0x4  Data  Gb  os_var.o [1]
OSFlagPend              0x00004085   0x4a8  Code  Gb  os_flag.o [1]
OSFlagPost              0x0000452d   0x1b8  Code  Gb  os_flag.o [1]
OSFlagQty               0x10006730     0x2  Data  Gb  os_var.o [1]
OSIdleTaskCtr           0x100066c0     0x4  Data  Gb  os_var.o [1]
OSIdleTaskHook          0x0000656d    0x12  Code  Gb  os_cpu_c.o [1]
OSIdleTaskTCB           0x100062d4    0xa0  Data  Gb  os_var.o [1]
OSInit                  0x00006a51   0x138  Code  Gb  os_core.o [1]
OSInitHook              0x0000657f    0x14  Code  Gb  os_cpu_c.o [1]
OSInitialized           0x1000674b     0x1  Data  Gb  os_var.o [1]
OSIntEnter              0x00006b89    0x24  Code  Gb  os_core.o [1]
OSIntExit               0x00006bad    0xb2  Code  Gb  os_core.o [1]
OSIntNestingCtr         0x10006749     0x1  Data  Gb  os_var.o [1]
OSMemDbgListPtr         0x100066c8     0x4  Data  Gb  os_var.o [1]
OSMemQty                0x10006732     0x2  Data  Gb  os_var.o [1]
OSMsgPool               0x10006634     0xc  Data  Gb  os_var.o [1]
OSMutexDbgListPtr       0x100066cc     0x4  Data  Gb  os_var.o [1]
OSMutexQty              0x10006734     0x2  Data  Gb  os_var.o [1]
OSPrioCur               0x1000674c     0x1  Data  Gb  os_var.o [1]
OSPrioHighRdy           0x1000674d     0x1  Data  Gb  os_var.o [1]
OSPrioTbl               0x10006648     0x8  Data  Gb  os_prio.o [1]
OSQCreate               0x00005281    0x88  Code  Gb  os_q.o [1]
OSQDbgListPtr           0x100066d0     0x4  Data  Gb  os_var.o [1]
OSQPend                 0x00005309   0x1d2  Code  Gb  os_q.o [1]
OSQPost                 0x000054db   0x11e  Code  Gb  os_q.o [1]
OSQQty                  0x10006736     0x2  Data  Gb  os_var.o [1]
OSRdyList               0x100048f0   0x300  Data  Gb  os_var.o [1]
OSRunning               0x1000674a     0x1  Data  Gb  os_var.o [1]
OSSched                 0x00006c5f    0x78  Code  Gb  os_core.o [1]
OSSchedLockNestingCtr   0x1000674e     0x1  Data  Gb  os_var.o [1]
OSSemCreate             0x00008869    0x74  Code  Gb  os_sem.o [1]
OSSemDbgListPtr         0x100066d4     0x4  Data  Gb  os_var.o [1]
OSSemPend               0x000088dd   0x1ac  Code  Gb  os_sem.o [1]
OSSemPost               0x00008a89    0xfa  Code  Gb  os_sem.o [1]
OSSemQty                0x10006738     0x2  Data  Gb  os_var.o [1]
OSStart                 0x00006cd7    0x92  Code  Gb  os_core.o [1]
OSStartHighRdy          0x000091d1          Code  Gb  os_cpu_a.o [1]
OSTCBCurPtr             0x100066e8     0x4  Data  Gb  os_var.o [1]
OSTCBHighRdyPtr         0x100066ec     0x4  Data  Gb  os_var.o [1]
OSTaskCreate            0x000033d9   0x1b8  Code  Gb  os_task.o [1]
OSTaskCreateHook        0x00006593    0x16  Code  Gb  os_cpu_c.o [1]
OSTaskCtxSwCtr          0x100066d8     0x4  Data  Gb  os_var.o [1]
OSTaskDbgListPtr        0x100066dc     0x4  Data  Gb  os_var.o [1]
OSTaskDel               0x00003591   0x18c  Code  Gb  os_task.o [1]
OSTaskDelHook           0x000065a9    0x16  Code  Gb  os_cpu_c.o [1]
OSTaskQty               0x1000673a     0x2  Data  Gb  os_var.o [1]
OSTaskRegNextAvailID    0x1000674f     0x1  Data  Gb  os_var.o [1]
OSTaskReturnHook        0x000065bf    0x16  Code  Gb  os_cpu_c.o [1]
OSTaskSemPend           0x0000371d   0x16a  Code  Gb  os_task.o [1]
OSTaskSemPost           0x0000388d   0x11c  Code  Gb  os_task.o [1]
OSTaskStkInit           0x000065d5    0x82  Code  Gb  os_cpu_c.o [1]
OSTaskSwHook            0x00006657    0x2c  Code  Gb  os_cpu_c.o [1]
OSTickCtr               0x100066e0     0x4  Data  Gb  os_var.o [1]
OSTickListDly           0x10006650     0x8  Data  Gb  os_var.o [1]
OSTickListTimeout       0x10006658     0x8  Data  Gb  os_var.o [1]
OSTickTaskTCB           0x10006374    0xa0  Data  Gb  os_var.o [1]
OSTickTaskTimeMax       0x100066e4     0x4  Data  Gb  os_var.o [1]
OSTimeDlyHMSM           0x00007f41   0x1ce  Code  Gb  os_time.o [1]
OSTimeGet               0x0000810f    0x28  Code  Gb  os_time.o [1]
OSTimeTick              0x00008137    0x1a  Code  Gb  os_time.o [1]
OSTimeTickHook          0x00006683    0x12  Code  Gb  os_cpu_c.o [1]
OS_AppIdleTaskHookPtr   0x100066b0     0x4  Data  Gb  os_var.o [1]
OS_AppStatTaskHookPtr   0x100066b4     0x4  Data  Gb  os_var.o [1]
OS_AppTaskCreateHookPtr
                        0x100066a4     0x4  Data  Gb  os_var.o [1]
OS_AppTaskDelHookPtr    0x100066a8     0x4  Data  Gb  os_var.o [1]
OS_AppTaskReturnHookPtr
                        0x100066ac     0x4  Data  Gb  os_var.o [1]
OS_AppTaskSwHookPtr     0x100066b8     0x4  Data  Gb  os_var.o [1]
OS_AppTimeTickHookPtr   0x100066bc     0x4  Data  Gb  os_var.o [1]
OS_CPU_ExceptStkBase    0x100066a0     0x4  Data  Gb  os_cpu_c.o [1]
OS_CPU_IntHandler       0x0000b609    0x26  Code  Gb  os_csp.o [1]
OS_CPU_PendSVHandler    0x000091ef          Code  Gb  os_cpu_a.o [1]
OS_CPU_SysTickHandler   0x00006695    0x2c  Code  Gb  os_cpu_c.o [1]
OS_CPU_SysTickInit      0x000066c1    0x2e  Code  Gb  os_cpu_c.o [1]
OS_Dbg_Init             0x00008fc9   0x204  Code  Gb  os_dbg.o [1]
OS_FlagBlock            0x000046e5    0x2e  Code  Gb  os_flag.o [1]
OS_FlagDbgListAdd       0x00004713    0x28  Code  Gb  os_flag.o [1]
OS_FlagTaskRdy          0x00004759    0x58  Code  Gb  os_flag.o [1]
OS_IdleTask             0x00006d69    0x2e  Code  Gb  os_core.o [1]
OS_IdleTaskInit         0x00006d97    0x52  Code  Gb  os_core.o [1]
OS_MemInit              0x00008fad    0x12  Code  Gb  os_mem.o [1]
OS_MsgPoolInit          0x0000672d    0x8e  Code  Gb  os_msg.o [1]
OS_MsgQFreeAll          0x000067bb    0x4c  Code  Gb  os_msg.o [1]
OS_MsgQGet              0x0000681b    0x76  Code  Gb  os_msg.o [1]
OS_MsgQInit             0x00006807    0x14  Code  Gb  os_msg.o [1]
OS_MsgQPut              0x00006891   0x10a  Code  Gb  os_msg.o [1]
OS_MutexGrpAdd          0x00007769     0x8  Code  Gb  os_mutex.o [1]
OS_MutexGrpPostAll      0x000077c5    0x68  Code  Gb  os_mutex.o [1]
OS_MutexGrpPrioFindHighest
                        0x0000778b    0x3a  Code  Gb  os_mutex.o [1]
OS_MutexGrpRemove       0x00007771    0x1a  Code  Gb  os_mutex.o [1]
OS_Pend                 0x00006de9    0x62  Code  Gb  os_core.o [1]
OS_PendDbgNameAdd       0x00006e4b    0x48  Code  Gb  os_core.o [1]
OS_PendDbgNameRemove    0x00006e93    0x28  Code  Gb  os_core.o [1]
OS_PendListChangePrio   0x00006ebb    0x28  Code  Gb  os_core.o [1]
OS_PendListInit         0x00006ee3     0xe  Code  Gb  os_core.o [1]
OS_PendListInsertPrio   0x00006ef1    0x72  Code  Gb  os_core.o [1]
OS_PendListRemove       0x00006f63    0x66  Code  Gb  os_core.o [1]
OS_Post                 0x00006fc9    0xb8  Code  Gb  os_core.o [1]
OS_PrioGetHighest       0x000069bf    0x26  Code  Gb  os_prio.o [1]
OS_PrioInit             0x000069a9    0x16  Code  Gb  os_prio.o [1]
OS_PrioInsert           0x000069e5    0x34  Code  Gb  os_prio.o [1]
OS_PrioRemove           0x00006a19    0x34  Code  Gb  os_prio.o [1]
OS_ProtocolInit         0x00003c59    0x12  Code  Gb  app_comm_protocol.o [1]
OS_QDbgListAdd          0x000055f9    0x28  Code  Gb  os_q.o [1]
OS_RdyListInit          0x00007081    0x24  Code  Gb  os_core.o [1]
OS_RdyListInsert        0x000070a5    0x28  Code  Gb  os_core.o [1]
OS_RdyListInsertHead    0x000070cd    0x42  Code  Gb  os_core.o [1]
OS_RdyListInsertTail    0x0000710f    0x40  Code  Gb  os_core.o [1]
OS_RdyListRemove        0x00007155    0x62  Code  Gb  os_core.o [1]
OS_SemDbgListAdd        0x00008b83    0x28  Code  Gb  os_sem.o [1]
OS_TaskBlock            0x000071b7    0x2a  Code  Gb  os_core.o [1]
OS_TaskChangePrio       0x00003b4d    0xe2  Code  Gb  os_task.o [1]
OS_TaskCreateHook       0x0000aeeb     0xc  Code  Gb  xmain.o [1]
OS_TaskDbgListAdd       0x000039bd    0x2c  Code  Gb  os_task.o [1]
OS_TaskDbgListRemove    0x000039e9    0x4e  Code  Gb  os_task.o [1]
OS_TaskInit             0x00003a37    0x18  Code  Gb  os_task.o [1]
OS_TaskInitTCB          0x00003a4f    0xe4  Code  Gb  os_task.o [1]
OS_TaskReturn           0x00003b33    0x14  Code  Gb  os_task.o [1]
OS_TickListInsert       0x000073b1    0x90  Code  Gb  os_tick.o [1]
OS_TickListInsertDly    0x00007441    0xb0  Code  Gb  os_tick.o [1]
OS_TickListRemove       0x000074f1    0x74  Code  Gb  os_tick.o [1]
OS_TickListUpdateDly    0x00007565    0xa6  Code  Lc  os_tick.o [1]
OS_TickListUpdateTimeout
                        0x0000760b   0x128  Code  Lc  os_tick.o [1]
OS_TickTask             0x00007285    0x6a  Code  Gb  os_tick.o [1]
OS_TickTaskInit         0x000072ef    0xc2  Code  Gb  os_tick.o [1]
Osal_EvtSem             0x1000658c    0x28  Data  Gb  osal_event.o [1]
PINSEL_ConfigPin        0x00008d55    0x24  Code  Gb  lpc17xx_pinsel.o [1]
ReadByteWithI2C         0x000093d9    0x32  Code  Gb  bsp_IIC.o [1]
ReadCard                0x00009b0d   0x10e  Code  Gb  Card.o [1]
ReadCardFlg             0x0000a789    0x5a  Code  Gb  OperateCard.o [1]
ReadCardPara            0x0000a9bd    0x2a  Code  Gb  ParaCard.o [1]
ReadFM24CL64            0x00007df3    0x90  Code  Gb  bsp_FRAM.o [1]
ReadFlsh                0x00007d51    0x14  Code  Gb  MX25L1602Drv.o [1]
ReadFlshRec             0x0000a2b3    0x2e  Code  Gb  DataCard.o [1]
ReadIC_SWT              0x00009773    0x14  Code  Gb  Card.o [1]
ReadMISOF               0x000078f9    0x14  Code  Gb  MX25L1602Drv.o [1]
ReadSDA                 0x000092e3    0x14  Code  Gb  bsp_IIC.o [1]
RecByte_SPIF            0x00007991     0xe  Code  Gb  MX25L1602Drv.o [1]
RecByte_SPI_IC          0x00009719     0xe  Code  Gb  Card.o [1]
Region$$Table$$Base     0x0000b630           --   Gb  - Linker created -
Region$$Table$$Limit    0x0000b654           --   Gb  - Linker created -
RevByte_SPI             0x00009737     0xe  Code  Gb  Card.o [1]
SSP0_Init               0x00009661    0x22  Code  Gb  Card.o [1]
SSP_Cmd                 0x00009f95    0x50  Code  Gb  lpc17xx_ssp.o [1]
SSP_ConfigStructInit    0x00009f79    0x1c  Code  Gb  lpc17xx_ssp.o [1]
SSP_Init                0x00009f07    0x72  Code  Gb  lpc17xx_ssp.o [1]
SendByte_SPIF           0x00007983     0xe  Code  Gb  MX25L1602Drv.o [1]
SendByte_SPI_IC         0x0000970b     0xe  Code  Gb  Card.o [1]
SendOrRecByte_SPIF      0x0000792f    0x54  Code  Gb  MX25L1602Drv.o [1]
SendOrRecByte_SPI_IC    0x000096c1    0x4a  Code  Gb  Card.o [1]
Send_Byte               0x0000799f     0xe  Code  Gb  MX25L1602Drv.o [1]
SentByte_SPI            0x00009727    0x10  Code  Gb  Card.o [1]
SndBuf                  0x10005a10    0xfc  Data  Lc  app_comm_protocol.o [1]
SndBufTmp               0x10005b0c    0xfc  Data  Lc  app_comm_protocol.o [1]
StartI2C                0x000092f7    0x22  Code  Gb  bsp_IIC.o [1]
StatusRegisterRead_Card
                        0x00009787    0x2c  Code  Gb  Card.o [1]
StopI2C                 0x00009319    0x22  Code  Gb  bsp_IIC.o [1]
SystemCoreClock         0x10000004     0x4  Data  Gb  system_LPC17xx.o [1]
TIMER0_IRQHandler       0x0000b155    0x8c  Code  Gb  speed1.o [1]
TIMER1_IRQHandler       0x0000b335    0x82  Code  Gb  speed2.o [1]
TIMER2_IRQHandler       0x0000aff1    0x92  Code  Gb  mstcsspeed.o [1]
TIMER3_IRQHandler       0x0000337d     0x8  Code  Gb  MB_BSP.o [1]
TIM_ClearIntCapturePending
                        0x00006205    0x66  Code  Gb  lpc17xx_timer.o [1]
TIM_ClearIntPending     0x000061a1    0x64  Code  Gb  lpc17xx_timer.o [1]
TIM_Cmd                 0x0000639f    0x42  Code  Gb  lpc17xx_timer.o [1]
TIM_ConfigMatch         0x00006419    0xf2  Code  Gb  lpc17xx_timer.o [1]
TIM_GetCaptureValue     0x0000650b    0x4c  Code  Gb  lpc17xx_timer.o [1]
TIM_GetIntCaptureStatus
                        0x0000612b    0x76  Code  Gb  lpc17xx_timer.o [1]
TIM_Init                0x0000626b   0x134  Code  Gb  lpc17xx_timer.o [1]
TIM_ResetCounter        0x000063e1    0x38  Code  Gb  lpc17xx_timer.o [1]
Task                    0x10005c08    0xf0  Data  Gb  osal_event.o [1]
TaskActive              0x100066f4     0x4  Data  Gb  osal_event.o [1]
TaskHead                0x100066f0     0x4  Data  Gb  osal_event.o [1]
TaskInitLed             0x0000b145    0x10  Code  Gb  app_task_osal_led.o [1]
TaskInitTmr             0x0000afbd    0x1a  Code  Gb  app_task_osal_tmr.o [1]
TaskLedEvtProcess       0x0000b0a5    0x94  Code  Gb  app_task_osal_led.o [1]
TaskTmrEvtProcess       0x0000af35    0x88  Code  Gb  app_task_osal_tmr.o [1]
Task_id                 0x100066f8     0x4  Data  Gb  osal_event.o [1]
UART0_IRQHandler        0x00003281     0xc  Code  Gb  MB_BSP.o [1]
UART1_IRQHandler        0x0000328d     0xc  Code  Gb  MB_BSP.o [1]
UART2_IRQHandler        0x00003299     0xc  Code  Gb  MB_BSP.o [1]
UART3_IRQHandler        0x000032a5     0xc  Code  Gb  MB_BSP.o [1]
UART_FIFOConfig         0x00005ce7    0xf4  Code  Gb  lpc17xx_uart.o [1]
UART_Init               0x00005965   0x202  Code  Gb  lpc17xx_uart.o [1]
UART_IntConfig          0x00005ba9   0x13e  Code  Gb  lpc17xx_uart.o [1]
UART_SendByte           0x00005b67    0x42  Code  Gb  lpc17xx_uart.o [1]
UART_TxCmd              0x00005ddb    0x8a  Code  Gb  lpc17xx_uart.o [1]
USARTx_RxTxISRHandler   0x00003213    0x6e  Code  Gb  MB_BSP.o [1]
WdtFlagGRP              0x100065b4    0x28  Data  Gb  xmain.o [1]
WdtFlags                0x10006724     0x4  Data  Gb  xmain.o [1]
WriteByteWithI2C        0x00009399    0x40  Code  Gb  bsp_IIC.o [1]
WriteCS_IC              0x00009745    0x2e  Code  Gb  Card.o [1]
WriteCard               0x00009ced   0x102  Code  Gb  Card.o [1]
WriteCardPage           0x00009c1b    0xd2  Code  Gb  Card.o [1]
WriteEN_485             0x00002f59    0x38  Code  Gb  MB_BSP.o [1]
WriteFM24CL64           0x00007d7f    0x74  Code  Gb  bsp_FRAM.o [1]
WriteFlsh               0x00007d65    0x14  Code  Gb  MX25L1602Drv.o [1]
WriteMOSIF              0x000078d7    0x22  Code  Gb  MX25L1602Drv.o [1]
WriteSCKF               0x000078b5    0x22  Code  Gb  MX25L1602Drv.o [1]
WriteSCL                0x0000929f    0x22  Code  Gb  bsp_IIC.o [1]
WriteSDA                0x000092c1    0x22  Code  Gb  bsp_IIC.o [1]
WriteSoftSpiCSF         0x0000790d    0x22  Code  Gb  MX25L1602Drv.o [1]
_GenldFullNoMb          0x00000bcf   0x262  Code  Lc  xprintffull_nomb.o [3]
_LdtobFullNoMb          0x000007cd   0x3fc  Code  Lc  xprintffull_nomb.o [3]
_LitobFullNoMb          0x000006c7   0x106  Code  Lc  xprintffull_nomb.o [3]
_PrintfFullNoMb         0x000000cd   0x586  Code  Gb  xprintffull_nomb.o [3]
_PutcharsFullNoMb       0x00000e31    0x2e  Code  Lc  xprintffull_nomb.o [3]
_SProut                 0x00000e7b     0xa  Code  Gb  xsprout.o [3]
__aeabi_cdcmple         0x000010d5          Code  Gb  DblCmpLe.o [4]
__aeabi_cdrcmple        0x00001105          Code  Gb  DblCmpGe.o [4]
__aeabi_d2iz            0x00001241          Code  Gb  DblToI32.o [4]
__aeabi_d2uiz           0x0000126d          Code  Gb  DblToI32.o [4]
__aeabi_ddiv            0x000015ed          Code  Gb  DblDiv.o [4]
__aeabi_dmul            0x00001449          Code  Gb  DblMul.o [4]
__aeabi_dsub            0x000012c9          Code  Gb  DblSub.o [4]
__aeabi_i2d             0x00001299          Code  Gb  I32ToDbl.o [4]
__aeabi_ldiv0           0x00001851          Code  Gb  I64DivZer.o [5]
__aeabi_ui2d            0x000012ad          Code  Gb  I32ToDbl.o [4]
__aeabi_uldivmod        0x00000f2d          Code  Gb  I64DivMod.o [5]
__cmain                 0x0000b679          Code  Gb  cmain.o [5]
__exit                  0x0000b6a9    0x14  Code  Gb  exit.o [6]
__iar_Dnorm             0x00001093    0x42  Code  Gb  xdnorm.o [4]
__iar_Dscale            0x00001135   0x10c  Code  Gb  xdscale.o [4]
__iar_Memchr            0x00000ed5          Code  Gb  memchr.o [5]
__iar_Strchr            0x00000e85          Code  Gb  strchr.o [5]
__iar_copy_init3        0x0000b565    0x2c  Code  Gb  copy_init3.o [5]
__iar_d2uiz             0x00001279          Code  Gb  DblToI32.o [4]
__iar_dadd              0x00001855          Code  Gb  DblAdd.o [4]
__iar_data_init3        0x0000b5e1    0x28  Code  Gb  data_init.o [5]
__iar_dsub              0x000012dd          Code  Gb  DblSub.o [4]
__iar_dsubStart         0x000012ef          Code  Gb  DblSub.o [4]
__iar_program_start     0x0000b7ed          Code  Gb  cstartup_M.o [5]
__iar_ui2d              0x000012b1          Code  Gb  I32ToDbl.o [4]
__iar_unaligned___aeabi_memcpy
                        0x0000101d          Code  Gb  ABImemcpy_unaligned.o [5]
__iar_unaligned___aeabi_memcpy4
                        0x0000103d          Code  Gb  ABImemcpy_unaligned.o [5]
__iar_unaligned___aeabi_memcpy8
                        0x0000103d          Code  Gb  ABImemcpy_unaligned.o [5]
__iar_zero_init3        0x0000b495    0x40  Code  Gb  zero_init3.o [5]
__low_level_init        0x0000b693     0x4  Code  Gb  low_level_init.o [3]
__vector_table          0x00000000    0xcc  Data  Gb  cstartup.o [1]
_call_main              0x0000b685          Code  Gb  cmain.o [5]
_exit                   0x0000b69d          Code  Gb  cexit.o [5]
_main                   0x0000b68f          Code  Gb  cmain.o [5]
app_init_sctrl          0x0000ae11    0xb8  Code  Gb  xmain.o [1]
check_failed            0x00008e6d     0x2  Code  Gb  lpc17xx_libcfg_default.o [1]
comm_para_flow          0x000049db   0x1f8  Code  Gb  app_comm_otr.o [1]
comm_rec_read           0x000047f9   0x1e2  Code  Gb  app_comm_otr.o [1]
converPtrToTimeNum      0x000060ef    0x3c  Code  Lc  lpc17xx_timer.o [1]
converUSecToVal         0x000060b7    0x38  Code  Lc  lpc17xx_timer.o [1]
div                     0x00001843     0xe  Code  Gb  div.o [3]
exit                    0x0000b697     0x4  Code  Gb  exit.o [3]
getPClock               0x00006079    0x3e  Code  Lc  lpc17xx_timer.o [1]
l_CardBufNum            0x10006746     0x1  Data  Lc  Card.o [1]
l_CardErrorFlg          0x10000008     0x1  Data  Gb  Card.o [1]
l_CardPageNum           0x1000666c     0x4  Data  Gb  Card.o [1]
l_CardPageSize          0x10006664     0x4  Data  Gb  Card.o [1]
l_CardStartAddr         0x10006668     0x4  Data  Gb  Card.o [1]
l_CardType              0x1000672e     0x2  Data  Gb  OperateCard.o [1]
l_CardTypeFlg           0x10006745     0x1  Data  Gb  Card.o [1]
l_FlgZoneErrEvent       0x10006748     0x1  Data  Gb  OperateCard.o [1]
l_RecvFrameNbr          0x10006740     0x1  Data  Lc  app_comm_protocol.o [1]
l_recslaveaddr          0x1000673f     0x1  Data  Lc  app_comm_protocol.o [1]
mPluseSumCnt0           0x10006704     0x4  Data  Gb  speed1.o [1]
mPluseSumCnt1           0x10006714     0x4  Data  Gb  speed2.o [1]
mPluseSumCntcs          0x10006690     0x4  Data  Gb  mstcsspeed.o [1]
m_AddPluse0             0x1000670c     0x4  Data  Gb  speed1.o [1]
m_AddPluse1             0x1000671c     0x4  Data  Gb  speed2.o [1]
m_AddPlusecs            0x10006698     0x4  Data  Gb  mstcsspeed.o [1]
m_Pluse0ChgFlg          0x10006710     0x4  Data  Gb  speed1.o [1]
m_Pluse1ChgFlg          0x10006720     0x4  Data  Gb  speed2.o [1]
m_PlusecsChgFlg         0x1000669c     0x4  Data  Gb  mstcsspeed.o [1]
m_Time0Sum              0x10006708     0x4  Data  Gb  speed1.o [1]
m_Time1Sum              0x10006718     0x4  Data  Gb  speed2.o [1]
m_TimecsSum             0x10006694     0x4  Data  Gb  mstcsspeed.o [1]
m_sModelCard            0x1000000c  0x1744  Data  Gb  app_comm_otr.o [1]
m_sSpeedcsPluse         0x10006640     0x8  Data  Gb  mstcsspeed.o [1]
main                    0x0000b1f9    0x54  Code  Gb  app.o [1]
memchr                  0x00000ed5          Code  Gb  memchr.o [5]
modelsendnum            0x10006660     0x4  Data  Lc  app_comm_otr.o [1]
nop                     0x00009257    0x16  Code  Gb  SoftSpi_17xx.o [1]
osalAddTimer            0x0000a375    0x94  Code  Gb  osal_timer.o [1]
osalFindTask            0x0000a71d    0x1e  Code  Gb  osal_event.o [1]
osalFindTimer           0x0000a409    0x1e  Code  Gb  osal_timer.o [1]
osalNextActiveTask      0x0000a701    0x1c  Code  Gb  osal_event.o [1]
osalTimer               0x10005680   0x190  Data  Gb  osal_timer.o [1]
osalTimerInit           0x0000a305    0x70  Code  Gb  osal_timer.o [1]
osalTimerUpdate         0x0000a4e7    0x82  Code  Gb  osal_timer.o [1]
osal_Task_init          0x0000a63f    0x38  Code  Gb  osal_event.o [1]
osal_add_Task           0x0000a677    0x8a  Code  Gb  osal_event.o [1]
osal_init_TaskHead      0x0000a5c9    0x76  Code  Gb  osal_event.o [1]
osal_init_system        0x0000a5b5     0xe  Code  Gb  osal.o [1]
osal_set_event          0x0000a579    0x3c  Code  Gb  osal.o [1]
osal_start_timerEx      0x0000a43b    0x52  Code  Gb  osal_timer.o [1]
osal_start_timerRl      0x0000a48d    0x5a  Code  Gb  osal_timer.o [1]
osal_system_clock       0x10006700     0x4  Data  Gb  osal_timer.o [1]
osal_timer_activate     0x0000a427    0x12  Code  Gb  osal_timer.o [1]
osal_timer_hw_setup     0x0000a439     0x2  Code  Gb  osal_timer.o [1]
sCardIndex              0x100065dc    0x20  Data  Gb  DataCard.o [1]
sCardPara               0x10005dc0    0xb4  Data  Gb  OperateCard.o [1]
sCtrl                   0x10004bf0   0x2d0  Data  Gb  xmain.o [1]
sDisplay                0x10005cf8    0xc8  Data  Gb  Display.o [1]
sd_crc16_table          0x0000aac8   0x200  Data  Gb  CrcCheck.o [1]
setSSPclock             0x00009e79    0x8e  Code  Lc  lpc17xx_ssp.o [1]
set_OpenDrainMode       0x00008d15    0x34  Code  Lc  lpc17xx_pinsel.o [1]
set_PinFunc             0x00008c85    0x48  Code  Lc  lpc17xx_pinsel.o [1]
set_ResistorMode        0x00008ccd    0x48  Code  Lc  lpc17xx_pinsel.o [1]
strchr                  0x00000e85          Code  Gb  strchr.o [5]
strlen                  0x00000e9d          Code  Gb  strlen.o [5]
time0_over_Sem          0x100064ec    0x28  Data  Gb  bsp_lpc_timer.o [1]
time1_over_Sem          0x10006514    0x28  Data  Gb  bsp_lpc_timer.o [1]
time2_over_Sem          0x1000653c    0x28  Data  Gb  bsp_lpc_timer.o [1]
timerActive             0x10006750     0x1  Data  Gb  osal_timer.o [1]
timerHead               0x100066fc     0x4  Data  Gb  osal_timer.o [1]
uart_set_divisors       0x0000575d   0x208  Code  Lc  lpc17xx_uart.o [1]
vsprintf                0x0000aa99    0x2c  Code  Gb  vsprintf.o [3]


[1] = F:\iar\NC136B-320 IC¿¨Ä£¿é\Software\EvalBoards\NXP\LPC1768-SK\uCOS-III\IAR\FLASH\Obj
[2] = command line
[3] = dl7M_tln.a
[4] = m7M_tl.a
[5] = rt7M_tl.a
[6] = shb_l.a

  45 566 bytes of readonly  code memory
   1 682 bytes of readonly  data memory
  26 958 bytes of readwrite data memory

Errors: none
Warnings: none
