ARM Linker, 5.03 [Build 76] [MDK-ARM Professional]

==============================================================================

Section Cross References

    app.o(.text) refers to bsp.o(.text) for BSP_Start
    app.o(.text) refers to os_time.o(.text) for OSTimeDlyHMSM
    app.o(.text) refers to cpu_core.o(.text) for CPU_Init
    app.o(.text) refers to lib_mem.o(.text) for Mem_Init
    app.o(.text) refers to os_core.o(.text) for OSInit
    app.o(.text) refers to os_task.o(.text) for OSTaskCreate
    app.o(.text) refers to app.o(.bss) for App_TaskStartStk
    os_app_hooks.o(.text) refers to cpu_a.o(.text) for CPU_SR_Save
    os_app_hooks.o(.text) refers to cpu_core.o(.text) for CPU_IntDisMeasStart
    os_app_hooks.o(.text) refers to os_var.o(.data) for OS_AppTaskCreateHookPtr
    bsp.o(.text) refers to csp_gpio.o(.text) for CSP_GPIO_BitSet
    bsp.o(.text) refers to cpu_a.o(.text) for CPU_SR_Save
    bsp.o(.text) refers to cpu_core.o(.text) for CPU_IntDisMeasStart
    bsp.o(.text) refers to csp_int.o(.text) for CSP_IntInit
    bsp.o(.text) refers to csp_pm.o(.text) for CSP_PM_CPU_ClkFreqGet
    bsp.o(.text) refers to os_cpu_c.o(.text) for OS_CPU_SysTickInit
    bsp.o(.text) refers to os_cfg_app.o(.constdata) for OSCfg_TickRate_Hz
    bsp.o(.text) refers to lludivv7m.o(.text) for __aeabi_uldivmod
    bsp_os.o(.text) refers to os_sem.o(.text) for OSSemCreate
    bsp_os.o(.text) refers to os_time.o(.text) for OSTimeDlyHMSM
    bsp_os.o(.text) refers to os_cfg_app.o(.constdata) for OSCfg_TickRate_Hz
    cstartup.o(STACK) refers (Special) to heapauxi.o(.text) for __use_two_region_memory
    cstartup.o(HEAP) refers (Special) to heapauxi.o(.text) for __use_two_region_memory
    cstartup.o(RESET) refers (Special) to heapauxi.o(.text) for __use_two_region_memory
    cstartup.o(RESET) refers to cstartup.o(STACK) for __initial_sp
    cstartup.o(RESET) refers to cstartup.o(.text) for Reset_Handler
    cstartup.o(RESET) refers to os_cpu_a.o(CODE) for OS_CPU_PendSVHandler
    cstartup.o(RESET) refers to os_cpu_c.o(.text) for OS_CPU_SysTickHandler
    cstartup.o(RESET) refers to os_csp.o(.text) for OS_CPU_IntHandler
    cstartup.o(.ARM.__at_0x02FC) refers (Special) to heapauxi.o(.text) for __use_two_region_memory
    cstartup.o(.text) refers (Special) to heapauxi.o(.text) for __use_two_region_memory
    cstartup.o(.text) refers to __main.o(!!!main) for __main
    cstartup.o(.text) refers to cstartup.o(HEAP) for Heap_Mem
    cstartup.o(.text) refers to cstartup.o(STACK) for Stack_Mem
    cpu_core.o(.text) refers to bsp.o(.text) for CPU_TS_TmrRd
    cpu_core.o(.text) refers to cpu_a.o(.text) for CPU_SR_Save
    cpu_core.o(.text) refers to lib_mem.o(.text) for Mem_Clr
    cpu_core.o(.text) refers to lib_str.o(.text) for Str_Copy_N
    cpu_core.o(.text) refers to cpu_core.o(.data) for CPU_IntDisNestCtr
    cpu_core.o(.text) refers to cpu_core.o(.bss) for CPU_Name
    cpu_core.o(.text) refers to cpu_core.o(.constdata) for CPU_CntLeadZerosTbl
    cpu_c.o(.text) refers to cpu_a.o(.text) for CPU_SR_Save
    cpu_c.o(.text) refers to cpu_core.o(.text) for CPU_IntDisMeasStart
    csp.o(.text) refers to cpu_core.o(.text) for CPU_TS_Get32
    csp.o(.text) refers to cpu_a.o(.text) for CPU_SR_Save
    csp_gpio.o(.text) refers to cpu_a.o(.text) for CPU_SR_Save
    csp_gpio.o(.text) refers to cpu_core.o(.text) for CPU_IntDisMeasStart
    csp_int.o(.text) refers to cpu_c.o(.text) for CPU_IntSrcPendClr
    csp_int.o(.text) refers to csp.o(.text) for CSP_IntVectDeref
    csp_int.o(.text) refers to cpu_a.o(.text) for CPU_SR_Save
    csp_int.o(.text) refers to cpu_core.o(.text) for CPU_IntDisMeasStart
    csp_int.o(.text) refers to csp_int.o(.bss) for CSP_USB_VectTbl
    csp_pm.o(.text) refers to cpu_a.o(.text) for CPU_SR_Save
    csp_pm.o(.text) refers to cpu_core.o(.text) for CPU_IntDisMeasStart
    csp_tmr.o(.text) refers to cpu_a.o(.text) for CPU_SR_Save
    csp_tmr.o(.text) refers to cpu_core.o(.text) for CPU_IntDisMeasStart
    csp_tmr.o(.text) refers to csp_pm.o(.text) for CSP_PM_PerClkEn
    csp_tmr.o(.text) refers to csp_tmr.o(.constdata) for CSP_TmrAddrTbl
    lib_math.o(.text) refers to cpu_a.o(.text) for CPU_SR_Save
    lib_math.o(.text) refers to cpu_core.o(.text) for CPU_IntDisMeasStart
    lib_math.o(.text) refers to lib_math.o(.data) for Math_RandSeedCur
    lib_mem.o(.text) refers to lib_mem_a.o(.text) for Mem_Copy
    lib_mem.o(.text) refers to cpu_core.o(.text) for CPU_SW_Exception
    lib_mem.o(.text) refers to cpu_a.o(.text) for CPU_SR_Save
    lib_mem.o(.text) refers to lib_mem.o(.bss) for Mem_PoolHeap
    lib_mem.o(.text) refers to lib_mem.o(.data) for Mem_PoolTbl
    lib_str.o(.text) refers to lib_ascii.o(.text) for ASCII_ToLower
    lib_str.o(.text) refers to lib_str.o(.constdata) for Str_MultOvfThTbl_Int32U
    os_csp.o(.text) refers to csp_pm.o(.text) for CSP_PM_CPU_ClkFreqGet
    os_csp.o(.text) refers to os_cpu_c.o(.text) for OS_CPU_SysTickInit
    os_csp.o(.text) refers to cpu_a.o(.text) for CPU_SR_Save
[...]
    ../clib/longlong.s                       0x00000000   Number         0  lludivv7m.o ABSOLUTE
    ../clib/signal.c                         0x00000000   Number         0  defsig_pvfn_inner.o ABSOLUTE
    ../clib/signal.c                         0x00000000   Number         0  defsig_rtmem_outer.o ABSOLUTE
    ../clib/signal.c                         0x00000000   Number         0  defsig_rtred_inner.o ABSOLUTE
    ../clib/signal.c                         0x00000000   Number         0  defsig_rtmem_formal.o ABSOLUTE
    ../clib/signal.c                         0x00000000   Number         0  defsig_abrt_inner.o ABSOLUTE
    ../clib/signal.c                         0x00000000   Number         0  defsig_general.o ABSOLUTE
    ../clib/signal.c                         0x00000000   Number         0  defsig_fpe_inner.o ABSOLUTE
    ../clib/signal.c                         0x00000000   Number         0  __raise.o ABSOLUTE
    ../clib/signal.c                         0x00000000   Number         0  defsig_stak_inner.o ABSOLUTE
    ../clib/signal.c                         0x00000000   Number         0  defsig_exit.o ABSOLUTE
    ../clib/signal.c                         0x00000000   Number         0  defsig_other.o ABSOLUTE
    ../clib/signal.c                         0x00000000   Number         0  defsig_segv_inner.o ABSOLUTE
    ../clib/signal.c                         0x00000000   Number         0  defsig_rtmem_inner.o ABSOLUTE
    ../clib/signal.c                         0x00000000   Number         0  defsig_cppl_inner.o ABSOLUTE
    ../clib/signal.c                         0x00000000   Number         0  defsig_fpe_outer.o ABSOLUTE
    ../clib/signal.c                         0x00000000   Number         0  defsig_fpe_formal.o ABSOLUTE
    ../clib/signal.s                         0x00000000   Number         0  defsig.o ABSOLUTE
    ../clib/stdlib.c                         0x00000000   Number         0  exit.o ABSOLUTE
    ../fplib/fpinit.s                        0x00000000   Number         0  fpinit.o ABSOLUTE
    ..\..\..\..\..\uC-CPU\ARM-Cortex-M3\RealView\cpu_a.asm 0x00000000   Number         0  cpu_a.o ABSOLUTE
    ..\..\..\..\..\uC-CPU\ARM-Cortex-M3\RealView\cpu_c.c 0x00000000   Number         0  cpu_c.o ABSOLUTE
    ..\..\..\..\..\uC-CPU\cpu_core.c         0x00000000   Number         0  cpu_core.o ABSOLUTE
    ..\..\..\..\..\uC-CSP\MCU\NXP\LPC17xx\csp_gpio.c 0x00000000   Number         0  csp_gpio.o ABSOLUTE
    ..\..\..\..\..\uC-CSP\MCU\NXP\LPC17xx\csp_int.c 0x00000000   Number         0  csp_int.o ABSOLUTE
    ..\..\..\..\..\uC-CSP\MCU\NXP\LPC17xx\csp_pm.c 0x00000000   Number         0  csp_pm.o ABSOLUTE
    ..\..\..\..\..\uC-CSP\MCU\NXP\LPC17xx\csp_tmr.c 0x00000000   Number         0  csp_tmr.o ABSOLUTE
    ..\..\..\..\..\uC-CSP\MCU\csp.c          0x00000000   Number         0  csp.o ABSOLUTE
    ..\..\..\..\..\uC-LIB\Ports\ARM-Cortex-M3\RealView\lib_mem_a.asm 0x00000000   Number         0  lib_mem_a.o ABSOLUTE
    ..\..\..\..\..\uC-LIB\lib_ascii.c        0x00000000   Number         0  lib_ascii.o ABSOLUTE
    ..\..\..\..\..\uC-LIB\lib_math.c         0x00000000   Number         0  lib_math.o ABSOLUTE
    ..\..\..\..\..\uC-LIB\lib_mem.c          0x00000000   Number         0  lib_mem.o ABSOLUTE
    ..\..\..\..\..\uC-LIB\lib_str.c          0x00000000   Number         0  lib_str.o ABSOLUTE
    ..\..\..\..\..\uCOS-III\Ports\ARM-Cortex-M3\CSP\Generic\os_csp.c 0x00000000   Number         0  os_csp.o ABSOLUTE
    ..\..\..\..\..\uCOS-III\Ports\ARM-Cortex-M3\Generic\RealView\os_cpu_a.s 0x00000000   Number         0  os_cpu_a.o ABSOLUTE
    ..\..\..\..\..\uCOS-III\Ports\ARM-Cortex-M3\Generic\RealView\os_cpu_c.c 0x00000000   Number         0  os_cpu_c.o ABSOLUTE
    ..\..\..\..\..\uCOS-III\Source\os_cfg_app.c 0x00000000   Number         0  os_cfg_app.o ABSOLUTE
    ..\..\..\..\..\uCOS-III\Source\os_core.c 0x00000000   Number         0  os_core.o ABSOLUTE
    ..\..\..\..\..\uCOS-III\Source\os_dbg.c  0x00000000   Number         0  os_dbg.o ABSOLUTE
    ..\..\..\..\..\uCOS-III\Source\os_flag.c 0x00000000   Number         0  os_flag.o ABSOLUTE
    ..\..\..\..\..\uCOS-III\Source\os_int.c  0x00000000   Number         0  os_int.o ABSOLUTE
    ..\..\..\..\..\uCOS-III\Source\os_mem.c  0x00000000   Number         0  os_mem.o ABSOLUTE
    ..\..\..\..\..\uCOS-III\Source\os_msg.c  0x00000000   Number         0  os_msg.o ABSOLUTE
    ..\..\..\..\..\uCOS-III\Source\os_mutex.c 0x00000000   Number         0  os_mutex.o ABSOLUTE
    ..\..\..\..\..\uCOS-III\Source\os_pend_multi.c 0x00000000   Number         0  os_pend_multi.o ABSOLUTE
    ..\..\..\..\..\uCOS-III\Source\os_prio.c 0x00000000   Number         0  os_prio.o ABSOLUTE
    ..\..\..\..\..\uCOS-III\Source\os_q.c    0x00000000   Number         0  os_q.o ABSOLUTE
    ..\..\..\..\..\uCOS-III\Source\os_sem.c  0x00000000   Number         0  os_sem.o ABSOLUTE
    ..\..\..\..\..\uCOS-III\Source\os_stat.c 0x00000000   Number         0  os_stat.o ABSOLUTE
    ..\..\..\..\..\uCOS-III\Source\os_task.c 0x00000000   Number         0  os_task.o ABSOLUTE
    ..\..\..\..\..\uCOS-III\Source\os_tick.c 0x00000000   Number         0  os_tick.o ABSOLUTE
    ..\..\..\..\..\uCOS-III\Source\os_time.c 0x00000000   Number         0  os_time.o ABSOLUTE
    ..\..\..\..\..\uCOS-III\Source\os_tmr.c  0x00000000   Number         0  os_tmr.o ABSOLUTE
    ..\..\..\..\..\uCOS-III\Source\os_var.c  0x00000000   Number         0  os_var.o ABSOLUTE
    ..\..\BSP\KeilMDK\cstartup.s             0x00000000   Number         0  cstartup.o ABSOLUTE
    ..\..\BSP\OS\uCOS-III\bsp_os.c           0x00000000   Number         0  bsp_os.o ABSOLUTE
    ..\..\BSP\bsp.c                          0x00000000   Number         0  bsp.o ABSOLUTE
    ..\app.c                                 0x00000000   Number         0  app.o ABSOLUTE
    ..\app_hooks.c                           0x00000000   Number         0  app_hooks.o ABSOLUTE
    ..\os_app_hooks.c                        0x00000000   Number         0  os_app_hooks.o ABSOLUTE
    dc.s                                     0x00000000   Number         0  dc.o ABSOLUTE
    !!!main                                  0x000000cc   Section        8  __main.o(!!!main)
    !!!scatter                               0x000000d4   Section       52  __scatter.o(!!!scatter)
    !!handler_copy                           0x00000108   Section       26  __scatter_copy.o(!!handler_copy)
    !!handler_zi                             0x00000124   Section       28  __scatter_zi.o(!!handler_zi)
    .ARM.Collect$$libinit$$00000000          0x00000140   Section        2  libinit.o(.ARM.Collect$$libinit$$00000000)
    .ARM.Collect$$libinit$$00000002          0x00000142   Section        0  libinit2.o(.ARM.Collect$$libinit$$00000002)
    .ARM.Collect$$libinit$$00000008          0x00000142   Section        0  libinit2.o(.ARM.Collect$$libinit$$00000008)
    .ARM.Collect$$libinit$$0000000A          0x00000142   Section        0  libinit2.o(.ARM.Collect$$libinit$$0000000A)
    .ARM.Collect$$libinit$$0000000C          0x00000142   Section        0  libinit2.o(.ARM.Collect$$libinit$$0000000C)
    .ARM.Collect$$libinit$$0000000F          0x00000142   Section        0  libinit2.o(.ARM.Collect$$libinit$$0000000F)
    .ARM.Collect$$libinit$$00000011          0x00000142   Section        0  libinit2.o(.ARM.Collect$$libinit$$00000011)
    .ARM.Collect$$libinit$$00000013          0x00000142   Section        0  libinit2.o(.ARM.Collect$$libinit$$00000013)
    .ARM.Collect$$libinit$$00000015          0x00000142   Section        0  libinit2.o(.ARM.Collect$$libinit$$00000015)
    .ARM.Collect$$libinit$$00000017          0x00000142   Section        0  libinit2.o(.ARM.Collect$$libinit$$00000017)
    .ARM.Collect$$libinit$$00000019          0x00000142   Section        0  libinit2.o(.ARM.Collect$$libinit$$00000019)
    .ARM.Collect$$libinit$$0000001B          0x00000142   Section        0  libinit2.o(.ARM.Collect$$libinit$$0000001B)
    .ARM.Collect$$libinit$$0000001D          0x00000142   Section        0  libinit2.o(.ARM.Collect$$libinit$$0000001D)
    .ARM.Collect$$libinit$$0000001F          0x00000142   Section        0  libinit2.o(.ARM.Collect$$libinit$$0000001F)
    .ARM.Collect$$libinit$$00000021          0x00000142   Section        0  libinit2.o(.ARM.Collect$$libinit$$00000021)
    .ARM.Collect$$libinit$$00000023          0x00000142   Section        0  libinit2.o(.ARM.Collect$$libinit$$00000023)
    .ARM.Collect$$libinit$$0000002A          0x00000142   Section        0  libinit2.o(.ARM.Collect$$libinit$$0000002A)
    .ARM.Collect$$libinit$$0000002C          0x00000142   Section        0  libinit2.o(.ARM.Collect$$libinit$$0000002C)
    .ARM.Collect$$libinit$$0000002E          0x00000142   Section        0  libinit2.o(.ARM.Collect$$libinit$$0000002E)
    .ARM.Collect$$libinit$$00000030          0x00000142   Section        0  libinit2.o(.ARM.Collect$$libinit$$00000030)
    .ARM.Collect$$libinit$$00000031          0x00000142   Section        2  libinit2.o(.ARM.Collect$$libinit$$00000031)
    .ARM.Collect$$libshutdown$$00000000      0x00000144   Section        2  libshutdown.o(.ARM.Collect$$libshutdown$$00000000)
    .ARM.Collect$$libshutdown$$00000003      0x00000146   Section        0  libshutdown2.o(.ARM.Collect$$libshutdown$$00000003)
    .ARM.Collect$$libshutdown$$00000006      0x00000146   Section        0  libshutdown2.o(.ARM.Collect$$libshutdown$$00000006)
    .ARM.Collect$$libshutdown$$00000009      0x00000146   Section        0  libshutdown2.o(.ARM.Collect$$libshutdown$$00000009)
    .ARM.Collect$$libshutdown$$0000000B      0x00000146   Section        0  libshutdown2.o(.ARM.Collect$$libshutdown$$0000000B)
    .ARM.Collect$$libshutdown$$0000000E      0x00000146   Section        0  libshutdown2.o(.ARM.Collect$$libshutdown$$0000000E)
    .ARM.Collect$$libshutdown$$0000000F      0x00000146   Section        2  libshutdown2.o(.ARM.Collect$$libshutdown$$0000000F)
    .ARM.Collect$$rtentry$$00000000          0x00000148   Section        0  rtentry.o(.ARM.Collect$$rtentry$$00000000)
    .ARM.Collect$$rtentry$$00000002          0x00000148   Section        0  rtentry2.o(.ARM.Collect$$rtentry$$00000002)
    .ARM.Collect$$rtentry$$00000004          0x00000148   Section        6  rtentry4.o(.ARM.Collect$$rtentry$$00000004)
    .ARM.Collect$$rtentry$$00000009          0x0000014e   Section        0  rtentry2.o(.ARM.Collect$$rtentry$$00000009)
    .ARM.Collect$$rtentry$$0000000A          0x0000014e   Section        4  rtentry2.o(.ARM.Collect$$rtentry$$0000000A)
    .ARM.Collect$$rtentry$$0000000C          0x00000152   Section        0  rtentry2.o(.ARM.Collect$$rtentry$$0000000C)
    .ARM.Collect$$rtentry$$0000000D          0x00000152   Section        8  rtentry2.o(.ARM.Collect$$rtentry$$0000000D)
    .ARM.Collect$$rtexit$$00000000           0x0000015a   Section        2  rtexit.o(.ARM.Collect$$rtexit$$00000000)
    .ARM.Collect$$rtexit$$00000002           0x0000015c   Section        0  rtexit2.o(.ARM.Collect$$rtexit$$00000002)
    .ARM.Collect$$rtexit$$00000003           0x0000015c   Section        4  rtexit2.o(.ARM.Collect$$rtexit$$00000003)
    .ARM.Collect$$rtexit$$00000004           0x00000160   Section        6  rtexit2.o(.ARM.Collect$$rtexit$$00000004)
    .text                                    0x00000168   Section        0  app.o(.text)
    App_TaskCreate                           0x00000169   Thumb Code     2  app.o(.text)
    App_ObjCreate                            0x0000016b   Thumb Code     2  app.o(.text)
    App_TaskStart                            0x0000016d   Thumb Code    48  app.o(.text)
    .text                                    0x00000204   Section       48  cstartup.o(.text)
    .text                                    0x00000234   Section       52  cpu_a.o(.text)
    .text                                    0x00000268   Section        0  csp.o(.text)
    .text                                    0x000002d2   Section        0  os_cfg_app.o(.text)
    .text                                    0x000002d4   Section        0  heapauxi.o(.text)
    .text                                    0x000002da   Section        0  exit.o(.text)
    .text                                    0x000002e8   Section        8  libspace.o(.text)
    .text                                    0x000002f0   Section        0  sys_exit.o(.text)
    .ARM.__at_0x02FC                         0x000002fc   Section        4  cstartup.o(.ARM.__at_0x02FC)
    .text                                    0x00000300   Section        0  bsp.o(.text)
    .text                                    0x000008e8   Section        0  cpu_core.o(.text)
    CPU_NameInit                             0x0000097f   Thumb Code     8  cpu_core.o(.text)
    CPU_IntDisMeasInit                       0x00000987   Thumb Code   104  cpu_core.o(.text)
    CPU_TS_Init                              0x000009ef   Thumb Code    14  cpu_core.o(.text)
    CPU_IntDisMeasMaxCalc                    0x00000af9   Thumb Code    24  cpu_core.o(.text)
    .text                                    0x00000d2c   Section        0  cpu_c.o(.text)
    .text                                    0x00001580   Section        0  csp_gpio.o(.text)
    .text                                    0x00001b94   Section        0  csp_int.o(.text)
    CSP_IntUSB_Handler                       0x00001c09   Thumb Code    98  csp_int.o(.text)
    .text                                    0x00001e98   Section        0  csp_pm.o(.text)
    .text                                    0x000021f4   Section        0  lib_ascii.o(.text)
    .text                                    0x0000244c   Section        0  lib_mem.o(.text)
    Mem_SegAlloc                             0x00002683   Thumb Code    80  lib_mem.o(.text)
    Mem_SegCalcTotSize                       0x000026d3   Thumb Code   164  lib_mem.o(.text)
    Mem_PoolBlkIsValidAddr                   0x0000309b   Thumb Code   102  lib_mem.o(.text)
    .text                                    0x000033c8   Section        0  lib_str.o(.text)
    Str_FmtNbr_Int32                         0x00003881   Thumb Code   474  lib_str.o(.text)
    Str_ParseNbr_Int32                       0x00003ac7   Thumb Code   446  lib_str.o(.text)
    .text                                    0x00003cf0   Section      544  lib_mem_a.o(.text)
    .text                                    0x00003f10   Section        0  os_csp.o(.text)
    .text                                    0x00003f64   Section        0  os_cpu_c.o(.text)
    .text                                    0x000041f0   Section        0  os_core.o(.text)
    .text                                    0x00005060   Section        0  os_dbg.o(.text)
    .text                                    0x00005214   Section        0  os_flag.o(.text)
    .text                                    0x000060e8   Section        0  os_int.o(.text)
    .text                                    0x0000653c   Section        0  os_mem.o(.text)
    .text                                    0x00006748   Section        0  os_msg.o(.text)
    .text                                    0x0000694c   Section        0  os_mutex.o(.text)
    .text                                    0x000074d0   Section        0  os_prio.o(.text)
    .text                                    0x0000754c   Section        0  os_q.o(.text)
    .text                                    0x00007e34   Section        0  os_sem.o(.text)
    .text                                    0x0000868c   Section        0  os_stat.o(.text)
    .text                                    0x00008d6c   Section        0  os_task.o(.text)
    .text                                    0x0000ab6c   Section        0  os_tick.o(.text)
    .text                                    0x0000b09c   Section        0  os_time.o(.text)
    .text                                    0x0000b664   Section        0  os_tmr.o(.text)
    .text                                    0x0000be54   Section      238  lludivv7m.o(.text)
    .text                                    0x0000bf42   Section       74  sys_stackheap_outer.o(.text)
    .text                                    0x0000bf8c   Section        2  use_no_semi.o(.text)
    .text                                    0x0000bf8e   Section        0  indicate_semi.o(.text)
    CODE                                     0x0000bf90   Section      132  os_cpu_a.o(CODE)
    .constdata                               0x0000c014   Section      256  cpu_core.o(.constdata)
    CPU_CntLeadZerosTbl                      0x0000c014   Data         256  cpu_core.o(.constdata)
    .constdata                               0x0000c114   Section      148  lib_str.o(.constdata)
    Str_MultOvfThTbl_Int32U                  0x0000c114   Data         148  lib_str.o(.constdata)
    .constdata                               0x0000c1a8   Section      164  os_cfg_app.o(.constdata)
    .constdata                               0x0000c24c   Section      364  os_dbg.o(.constdata)
    .data                                    0x10000000   Section       28  cpu_core.o(.data)
    .data                                    0x1000001c   Section        4  lib_mem.o(.data)
    .data                                    0x10000020   Section        4  os_cpu_c.o(.data)
    .data                                    0x10000024   Section        8  os_prio.o(.data)
    .data                                    0x1000002c   Section      208  os_var.o(.data)
    .bss                                     0x100000fc   Section      712  app.o(.bss)
    App_TaskStartTCB                         0x100000fc   Data         200  app.o(.bss)
    App_TaskStartStk                         0x100001c4   Data         512  app.o(.bss)
    .bss                                     0x100003c4   Section       16  cpu_core.o(.bss)
    .bss                                     0x100003d4   Section      640  csp_int.o(.bss)
    CSP_MainVectTbl                          0x100003d4   Data         560  csp_int.o(.bss)
    CSP_USB_VectTbl                          0x10000604   Data          80  csp_int.o(.bss)
    .bss                                     0x10000654   Section    15432  lib_mem.o(.bss)
    .bss                                     0x1000429c   Section    11360  os_cfg_app.o(.bss)
    .bss                                     0x10006efc   Section     1780  os_var.o(.bss)
    .bss                                     0x100075f0   Section       96  libspace.o(.bss)
    HEAP                                     0x10007650   Section        0  cstartup.o(HEAP)
    STACK                                    0x10007650   Section      512  cstartup.o(STACK)
    Heap_Mem                                 0x10007650   Data           0  cstartup.o(HEAP)
    Stack_Mem                                0x10007650   Data         512  cstartup.o(STACK)
    __initial_sp                             0x10007850   Data           0  cstartup.o(STACK)

    Global Symbols

    Symbol Name                              Value     Ov Type        Size  Object(Section)

    BuildAttributes$$THM_ISAv4$P$D$K$B$S$PE$A:L22UL41UL21$X:L11$S22US41US21$IEEE1$IW$USESV6$~STKCKD$USESV7$~SHL$OSPACE$ROPI$EBA8$UX$STANDARDLIB$REQ8$PRES8$EABIv2 0x00000000   Number         0  anon$$obj.o ABSOLUTE
    __ARM_use_no_argv                        0x00000000   Number         0  app.o ABSOLUTE
    __Vectors                                0x00000000   Data           4  cstartup.o(RESET)
    __ARM_exceptions_init                     - Undefined Weak Reference
    __alloca_initialize                       - Undefined Weak Reference
    __cpp_initialize__aeabi_                  - Undefined Weak Reference
    __cxa_finalize                            - Undefined Weak Reference
    __rt_locale                               - Undefined Weak Reference
    __sigvec_lookup                           - Undefined Weak Reference
    _atexit_init                              - Undefined Weak Reference
    _call_atexit_fns                          - Undefined Weak Reference
    _clock_init                               - Undefined Weak Reference
    _fp_trap_init                             - Undefined Weak Reference
    _fp_trap_shutdown                         - Undefined Weak Reference
    _get_lc_collate                           - Undefined Weak Reference
    _get_lc_ctype                             - Undefined Weak Reference
    _get_lc_monetary                          - Undefined Weak Reference
    _get_lc_numeric                           - Undefined Weak Reference
    _get_lc_time                              - Undefined Weak Reference
    _getenv_init                              - Undefined Weak Reference
    _handle_redirection                       - Undefined Weak Reference
    _init_alloc                               - Undefined Weak Reference
    _init_user_alloc                          - Undefined Weak Reference
    _initio                                   - Undefined Weak Reference
    _rand_init                                - Undefined Weak Reference
    _signal_finish                            - Undefined Weak Reference
    _signal_init                              - Undefined Weak Reference
    _terminate_alloc                          - Undefined Weak Reference
    _terminate_user_alloc                     - Undefined Weak Reference
    _terminateio                              - Undefined Weak Reference
    __main                                   0x000000cd   Thumb Code     8  __main.o(!!!main)
    __scatterload                            0x000000d5   Thumb Code     0  __scatter.o(!!!scatter)
    __scatterload_rt2                        0x000000d5   Thumb Code    44  __scatter.o(!!!scatter)
    __scatterload_rt2_thumb_only             0x000000d5   Thumb Code     0  __scatter.o(!!!scatter)
    __scatterload_null                       0x000000e3   Thumb Code     0  __scatter.o(!!!scatter)
    __scatterload_copy                       0x00000109   Thumb Code    26  __scatter_copy.o(!!handler_copy)
    __scatterload_zeroinit                   0x00000125   Thumb Code    28  __scatter_zi.o(!!handler_zi)
    __rt_lib_init                            0x00000141   Thumb Code     0  libinit.o(.ARM.Collect$$libinit$$00000000)
    __rt_lib_init_alloca_1                   0x00000143   Thumb Code     0  libinit2.o(.ARM.Collect$$libinit$$0000002C)
    __rt_lib_init_argv_1                     0x00000143   Thumb Code     0  libinit2.o(.ARM.Collect$$libinit$$0000002A)
    __rt_lib_init_atexit_1                   0x00000143   Thumb Code     0  libinit2.o(.ARM.Collect$$libinit$$00000019)
    __rt_lib_init_clock_1                    0x00000143   Thumb Code     0  libinit2.o(.ARM.Collect$$libinit$$0000001F)
    __rt_lib_init_cpp_1                      0x00000143   Thumb Code     0  libinit2.o(.ARM.Collect$$libinit$$00000030)
    __rt_lib_init_exceptions_1               0x00000143   Thumb Code     0  libinit2.o(.ARM.Collect$$libinit$$0000002E)
    __rt_lib_init_fp_1                       0x00000143   Thumb Code     0  libinit2.o(.ARM.Collect$$libinit$$00000002)
    __rt_lib_init_fp_trap_1                  0x00000143   Thumb Code     0  libinit2.o(.ARM.Collect$$libinit$$0000001D)
    __rt_lib_init_getenv_1                   0x00000143   Thumb Code     0  libinit2.o(.ARM.Collect$$libinit$$00000021)
    __rt_lib_init_heap_1                     0x00000143   Thumb Code     0  libinit2.o(.ARM.Collect$$libinit$$00000008)
    __rt_lib_init_lc_collate_1               0x00000143   Thumb Code     0  libinit2.o(.ARM.Collect$$libinit$$0000000F)
    __rt_lib_init_lc_ctype_1                 0x00000143   Thumb Code     0  libinit2.o(.ARM.Collect$$libinit$$00000011)
    __rt_lib_init_lc_monetary_1              0x00000143   Thumb Code     0  libinit2.o(.ARM.Collect$$libinit$$00000013)
    __rt_lib_init_lc_numeric_1               0x00000143   Thumb Code     0  libinit2.o(.ARM.Collect$$libinit$$00000015)
    __rt_lib_init_lc_time_1                  0x00000143   Thumb Code     0  libinit2.o(.ARM.Collect$$libinit$$00000017)
    __rt_lib_init_rand_1                     0x00000143   Thumb Code     0  libinit2.o(.ARM.Collect$$libinit$$0000000C)
    __rt_lib_init_return                     0x00000143   Thumb Code     0  libinit2.o(.ARM.Collect$$libinit$$00000031)
    __rt_lib_init_signal_1                   0x00000143   Thumb Code     0  libinit2.o(.ARM.Collect$$libinit$$0000001B)
    __rt_lib_init_stdio_1                    0x00000143   Thumb Code     0  libinit2.o(.ARM.Collect$$libinit$$00000023)
    __rt_lib_init_user_alloc_1               0x00000143   Thumb Code     0  libinit2.o(.ARM.Collect$$libinit$$0000000A)
    __rt_lib_shutdown                        0x00000145   Thumb Code     0  libshutdown.o(.ARM.Collect$$libshutdown$$00000000)
    __rt_lib_shutdown_fp_trap_1              0x00000147   Thumb Code     0  libshutdown2.o(.ARM.Collect$$libshutdown$$00000006)
    __rt_lib_shutdown_heap_1                 0x00000147   Thumb Code     0  libshutdown2.o(.ARM.Collect$$libshutdown$$0000000E)
    __rt_lib_shutdown_return                 0x00000147   Thumb Code     0  libshutdown2.o(.ARM.Collect$$libshutdown$$0000000F)
    __rt_lib_shutdown_signal_1               0x00000147   Thumb Code     0  libshutdown2.o(.ARM.Collect$$libshutdown$$00000009)
    __rt_lib_shutdown_stdio_1                0x00000147   Thumb Code     0  libshutdown2.o(.ARM.Collect$$libshutdown$$00000003)
    __rt_lib_shutdown_user_alloc_1           0x00000147   Thumb Code     0  libshutdown2.o(.ARM.Collect$$libshutdown$$0000000B)
    __rt_entry                               0x00000149   Thumb Code     0  rtentry.o(.ARM.Collect$$rtentry$$00000000)
    __rt_entry_presh_1                       0x00000149   Thumb Code     0  rtentry2.o(.ARM.Collect$$rtentry$$00000002)
    __rt_entry_sh                            0x00000149   Thumb Code     0  rtentry4.o(.ARM.Collect$$rtentry$$00000004)
    __rt_entry_li                            0x0000014f   Thumb Code     0  rtentry2.o(.ARM.Collect$$rtentry$$0000000A)
    __rt_entry_postsh_1                      0x0000014f   Thumb Code     0  rtentry2.o(.ARM.Collect$$rtentry$$00000009)
    __rt_entry_main                          0x00000153   Thumb Code     0  rtentry2.o(.ARM.Collect$$rtentry$$0000000D)
    __rt_entry_postli_1                      0x00000153   Thumb Code     0  rtentry2.o(.ARM.Collect$$rtentry$$0000000C)
    __rt_exit                                0x0000015b   Thumb Code     0  rtexit.o(.ARM.Collect$$rtexit$$00000000)
    __rt_exit_ls                             0x0000015d   Thumb Code     0  rtexit2.o(.ARM.Collect$$rtexit$$00000003)
    __rt_exit_prels_1                        0x0000015d   Thumb Code     0  rtexit2.o(.ARM.Collect$$rtexit$$00000002)
    __rt_exit_exit                           0x00000161   Thumb Code     0  rtexit2.o(.ARM.Collect$$rtexit$$00000004)
    main                                     0x0000019d   Thumb Code    76  app.o(.text)
    Reset_Handler                            0x00000205   Thumb Code     4  cstartup.o(.text)
    App_NMI_ISR                              0x00000209   Thumb Code     2  cstartup.o(.text)
    App_Fault_ISR                            0x0000020b   Thumb Code     2  cstartup.o(.text)
    App_MemFault_ISR                         0x0000020d   Thumb Code     2  cstartup.o(.text)
    App_BusFault_ISR                         0x0000020f   Thumb Code     2  cstartup.o(.text)
    App_UsageFault_ISR                       0x00000211   Thumb Code     2  cstartup.o(.text)
    App_Spurious_ISR                         0x00000213   Thumb Code     2  cstartup.o(.text)
    App_Reserved_ISR                         0x00000215   Thumb Code     2  cstartup.o(.text)
    __user_initial_stackheap                 0x00000219   Thumb Code     0  cstartup.o(.text)
    CPU_IntDis                               0x00000235   Thumb Code     0  cpu_a.o(.text)
    CPU_IntEn                                0x00000239   Thumb Code     0  cpu_a.o(.text)
    CPU_SR_Save                              0x0000023d   Thumb Code     0  cpu_a.o(.text)
    CPU_SR_Restore                           0x00000245   Thumb Code     0  cpu_a.o(.text)
    CPU_WaitForInt                           0x0000024b   Thumb Code     0  cpu_a.o(.text)
    CPU_WaitForExcept                        0x0000024f   Thumb Code     0  cpu_a.o(.text)
    CPU_CntLeadZeros                         0x00000253   Thumb Code     0  cpu_a.o(.text)
    CPU_CntTrailZeros                        0x00000259   Thumb Code     0  cpu_a.o(.text)
    CPU_RevBits                              0x00000263   Thumb Code     0  cpu_a.o(.text)
    CSP_IntVectClr                           0x00000269   Thumb Code    12  csp.o(.text)
    CSP_IntVectSet                           0x00000275   Thumb Code    12  csp.o(.text)
    CSP_IntVectDeref                         0x00000281   Thumb Code    82  csp.o(.text)
    OSCfg_Init                               0x000002d3   Thumb Code     2  os_cfg_app.o(.text)
    __use_two_region_memory                  0x000002d5   Thumb Code     2  heapauxi.o(.text)
    __rt_heap_escrow$2region                 0x000002d7   Thumb Code     2  heapauxi.o(.text)
    __rt_heap_expand$2region                 0x000002d9   Thumb Code     2  heapauxi.o(.text)
    exit                                     0x000002db   Thumb Code    12  exit.o(.text)
    __user_libspace                          0x000002e9   Thumb Code     8  libspace.o(.text)
    __user_perproc_libspace                  0x000002e9   Thumb Code     0  libspace.o(.text)
    __user_perthread_libspace                0x000002e9   Thumb Code     0  libspace.o(.text)
    _sys_exit                                0x000002f1   Thumb Code     8  sys_exit.o(.text)
    BSP_LED_Off                              0x00000301   Thumb Code    64  bsp.o(.text)
    BSP_Init                                 0x00000341   Thumb Code   964  bsp.o(.text)
    BSP_Start                                0x00000705   Thumb Code    24  bsp.o(.text)
    BSP_Joy_GetPos                           0x0000071d   Thumb Code   140  bsp.o(.text)
    BSP_Joy_GetStatus                        0x000007a9   Thumb Code    22  bsp.o(.text)
    BSP_LED_On                               0x000007bf   Thumb Code    64  bsp.o(.text)
    BSP_LED_Toggle                           0x000007ff   Thumb Code    64  bsp.o(.text)
    BSP_PB_GetStatus                         0x0000083f   Thumb Code    56  bsp.o(.text)
    CPU_TS_TmrInit                           0x00000877   Thumb Code    40  bsp.o(.text)
    CPU_TS_TmrRd                             0x0000089f   Thumb Code     6  bsp.o(.text)
    CPU_TS32_to_uSec                         0x000008a5   Thumb Code    56  bsp.o(.text)
    CPU_IntDisMeasStop                       0x000008e9   Thumb Code    62  cpu_core.o(.text)
    CPU_IntDisMeasStart                      0x00000927   Thumb Code    38  cpu_core.o(.text)
    CPU_NameClr                              0x0000094d   Thumb Code    50  cpu_core.o(.text)
    CPU_Init                                 0x000009fd   Thumb Code    16  cpu_core.o(.text)
    CPU_SW_Exception                         0x00000a0d   Thumb Code     4  cpu_core.o(.text)
    CPU_NameGet                              0x00000a11   Thumb Code    78  cpu_core.o(.text)
    CPU_NameSet                              0x00000a5f   Thumb Code   104  cpu_core.o(.text)
    CPU_TS_Get32                             0x00000ac7   Thumb Code    12  cpu_core.o(.text)
    CPU_TS_Update                            0x00000ad3   Thumb Code     2  cpu_core.o(.text)
    CPU_TS_TmrFreqGet                        0x00000ad5   Thumb Code    30  cpu_core.o(.text)
    CPU_TS_TmrFreqSet                        0x00000af3   Thumb Code     6  cpu_core.o(.text)
    CPU_IntDisMeasMaxCurGet                  0x00000b11   Thumb Code    40  cpu_core.o(.text)
    CPU_IntDisMeasMaxCurReset                0x00000b39   Thumb Code    40  cpu_core.o(.text)
    CPU_IntDisMeasMaxGet                     0x00000b61   Thumb Code    40  cpu_core.o(.text)
    CPU_CntLeadZeros08                       0x00000b89   Thumb Code    18  cpu_core.o(.text)
    CPU_CntLeadZeros16                       0x00000b9b   Thumb Code    18  cpu_core.o(.text)
    CPU_CntLeadZeros32                       0x00000bad   Thumb Code    18  cpu_core.o(.text)
    CPU_CntLeadZeros64                       0x00000bbf   Thumb Code   194  cpu_core.o(.text)
    CPU_CntTrailZeros08                      0x00000c81   Thumb Code    22  cpu_core.o(.text)
    CPU_CntTrailZeros16                      0x00000c97   Thumb Code    22  cpu_core.o(.text)
    CPU_CntTrailZeros32                      0x00000cad   Thumb Code    22  cpu_core.o(.text)
    CPU_CntTrailZeros64                      0x00000cc3   Thumb Code   106  cpu_core.o(.text)
    CPU_BitBandClr                           0x00000d2d   Thumb Code    58  cpu_c.o(.text)
    CPU_BitBandSet                           0x00000d67   Thumb Code    58  cpu_c.o(.text)
    CPU_IntSrcDis                            0x00000da1   Thumb Code   372  cpu_c.o(.text)
    CPU_IntSrcEn                             0x00000f15   Thumb Code   372  cpu_c.o(.text)
    CPU_IntSrcPendClr                        0x00001089   Thumb Code   188  cpu_c.o(.text)
    CPU_IntSrcPrioSet                        0x00001145   Thumb Code   564  cpu_c.o(.text)
    CPU_IntSrcPrioGet                        0x00001379   Thumb Code   520  cpu_c.o(.text)
    CSP_GPIO_Init                            0x00001581   Thumb Code     2  csp_gpio.o(.text)
    CSP_GPIO_Cfg                             0x00001583   Thumb Code   964  csp_gpio.o(.text)
    CSP_GPIO_BitClr                          0x00001947   Thumb Code    62  csp_gpio.o(.text)
    CSP_GPIO_BitSet                          0x00001985   Thumb Code    62  csp_gpio.o(.text)
    CSP_GPIO_BitToggle                       0x000019c3   Thumb Code   126  csp_gpio.o(.text)
    CSP_GPIO_Rd                              0x00001a41   Thumb Code    22  csp_gpio.o(.text)
    CSP_GPIO_Wr                              0x00001a57   Thumb Code    32  csp_gpio.o(.text)
    CSP_GPIO_IntClr                          0x00001a77   Thumb Code   252  csp_gpio.o(.text)
    CSP_IntClr                               0x00001b95   Thumb Code    24  csp_int.o(.text)
    CSP_IntDis                               0x00001bad   Thumb Code    24  csp_int.o(.text)
    CSP_IntDisAll                            0x00001bc5   Thumb Code    44  csp_int.o(.text)
    CSP_IntEn                                0x00001bf1   Thumb Code    24  csp_int.o(.text)
    CSP_IntInit                              0x00001c6b   Thumb Code   202  csp_int.o(.text)
    CSP_IntSrcCfg                            0x00001d35   Thumb Code    44  csp_int.o(.text)
    CSP_IntVectReg                           0x00001d61   Thumb Code   126  csp_int.o(.text)
    CSP_IntVectUnreg                         0x00001ddf   Thumb Code   110  csp_int.o(.text)
    CSP_IntHandler                           0x00001e4d   Thumb Code    34  csp_int.o(.text)
    CSP_IntHandlerSrc                        0x00001e6f   Thumb Code    22  csp_int.o(.text)
    CSP_PM_Init                              0x00001e99   Thumb Code     2  csp_pm.o(.text)
    CSP_PM_CPU_ClkFreqGet                    0x00001e9b   Thumb Code   120  csp_pm.o(.text)
    CSP_PM_PerClkDivCfg                      0x00001f13   Thumb Code   298  csp_pm.o(.text)
    CSP_PM_PerClkEn                          0x0000203d   Thumb Code   112  csp_pm.o(.text)
    CSP_PM_PerClkDis                         0x000020ad   Thumb Code   112  csp_pm.o(.text)
    CSP_PM_PerClkFreqGet                     0x0000211d   Thumb Code   164  csp_pm.o(.text)
    CSP_PM_SysClkEn                          0x000021c1   Thumb Code     2  csp_pm.o(.text)
    CSP_PM_SysClkDis                         0x000021c3   Thumb Code     2  csp_pm.o(.text)
    CSP_PM_SysClkDivCfg                      0x000021c5   Thumb Code     6  csp_pm.o(.text)
    CSP_PM_SysClkFreqGet                     0x000021cb   Thumb Code     6  csp_pm.o(.text)
    ASCII_IsAlpha                            0x000021f5   Thumb Code    48  lib_ascii.o(.text)
    ASCII_IsAlphaNum                         0x00002225   Thumb Code    76  lib_ascii.o(.text)
    ASCII_IsLower                            0x00002271   Thumb Code    20  lib_ascii.o(.text)
    ASCII_IsUpper                            0x00002285   Thumb Code    20  lib_ascii.o(.text)
    ASCII_IsDig                              0x00002299   Thumb Code    20  lib_ascii.o(.text)
    ASCII_IsDigOct                           0x000022ad   Thumb Code    20  lib_ascii.o(.text)
    ASCII_IsDigHex                           0x000022c1   Thumb Code    36  lib_ascii.o(.text)
    ASCII_IsBlank                            0x000022e5   Thumb Code    20  lib_ascii.o(.text)
    ASCII_IsSpace                            0x000022f9   Thumb Code    36  lib_ascii.o(.text)
    ASCII_IsPrint                            0x0000231d   Thumb Code    20  lib_ascii.o(.text)
    ASCII_IsGraph                            0x00002331   Thumb Code    20  lib_ascii.o(.text)
    ASCII_IsPunct                            0x00002345   Thumb Code   134  lib_ascii.o(.text)
    ASCII_IsCtrl                             0x000023cb   Thumb Code    26  lib_ascii.o(.text)
    ASCII_ToLower                            0x000023e5   Thumb Code    32  lib_ascii.o(.text)
    ASCII_ToUpper                            0x00002405   Thumb Code    32  lib_ascii.o(.text)
    ASCII_Cmp                                0x00002425   Thumb Code    38  lib_ascii.o(.text)
    Mem_Init                                 0x0000244d   Thumb Code    54  lib_mem.o(.text)
    Mem_Set                                  0x00002483   Thumb Code    98  lib_mem.o(.text)
    Mem_Clr                                  0x000024e5   Thumb Code    18  lib_mem.o(.text)
    Mem_Move                                 0x000024f7   Thumb Code   204  lib_mem.o(.text)
    Mem_Cmp                                  0x000025c3   Thumb Code   192  lib_mem.o(.text)
    Mem_HeapAlloc                            0x00002777   Thumb Code   274  lib_mem.o(.text)
    Mem_SegGetSizeRem                        0x00002889   Thumb Code   210  lib_mem.o(.text)
    Mem_HeapGetSizeRem                       0x0000295b   Thumb Code    22  lib_mem.o(.text)
    Mem_PoolClr                              0x00002971   Thumb Code    78  lib_mem.o(.text)
    Mem_PoolCreate                           0x000029bf   Thumb Code  1132  lib_mem.o(.text)
    Mem_PoolBlkGetNbrAvail                   0x00002e2b   Thumb Code   140  lib_mem.o(.text)
    Mem_PoolBlkGet                           0x00002eb7   Thumb Code   248  lib_mem.o(.text)
    Mem_PoolBlkGetUsedAtIx                   0x00002faf   Thumb Code   236  lib_mem.o(.text)
    Mem_PoolBlkFree                          0x00003101   Thumb Code   366  lib_mem.o(.text)
    Mem_PoolBlkIxGet                         0x0000326f   Thumb Code   342  lib_mem.o(.text)
    Str_Len_N                                0x000033c9   Thumb Code    28  lib_str.o(.text)
    Str_Len                                  0x000033e5   Thumb Code    20  lib_str.o(.text)
    Str_Copy_N                               0x000033f9   Thumb Code    70  lib_str.o(.text)
    Str_Copy                                 0x0000343f   Thumb Code    24  lib_str.o(.text)
    Str_Cat_N                                0x00003457   Thumb Code    90  lib_str.o(.text)
    Str_Cat                                  0x000034b1   Thumb Code    24  lib_str.o(.text)
    Str_Cmp_N                                0x000034c9   Thumb Code   156  lib_str.o(.text)
    Str_Cmp                                  0x00003565   Thumb Code    24  lib_str.o(.text)
    Str_CmpIgnoreCase_N                      0x0000357d   Thumb Code   264  lib_str.o(.text)
    Str_CmpIgnoreCase                        0x00003685   Thumb Code    24  lib_str.o(.text)
    Str_Char_N                               0x0000369d   Thumb Code    74  lib_str.o(.text)
    Str_Char                                 0x000036e7   Thumb Code    24  lib_str.o(.text)
    Str_Char_Last_N                          0x000036ff   Thumb Code    76  lib_str.o(.text)
    Str_Char_Last                            0x0000374b   Thumb Code    24  lib_str.o(.text)
    Str_Char_Replace_N                       0x00003763   Thumb Code    52  lib_str.o(.text)
    Str_Char_Replace                         0x00003797   Thumb Code    28  lib_str.o(.text)
    Str_Str_N                                0x000037b3   Thumb Code   182  lib_str.o(.text)
    Str_Str                                  0x00003869   Thumb Code    24  lib_str.o(.text)
    Str_FmtNbr_Int32U                        0x00003a5b   Thumb Code    46  lib_str.o(.text)
    Str_FmtNbr_Int32S                        0x00003a89   Thumb Code    62  lib_str.o(.text)
    Str_ParseNbr_Int32U                      0x00003c85   Thumb Code    30  lib_str.o(.text)
    Str_ParseNbr_Int32S                      0x00003ca3   Thumb Code    74  lib_str.o(.text)
    Mem_Copy                                 0x00003cf1   Thumb Code     0  lib_mem_a.o(.text)
    OS_CSP_TickInit                          0x00003f11   Thumb Code    24  os_csp.o(.text)
    OS_CPU_IntHandler                        0x00003f29   Thumb Code    54  os_csp.o(.text)
    OSIdleTaskHook                           0x00003f65   Thumb Code    16  os_cpu_c.o(.text)
    OSInitHook                               0x00003f75   Thumb Code    42  os_cpu_c.o(.text)
    OSStatTaskHook                           0x00003f9f   Thumb Code    16  os_cpu_c.o(.text)
    OSTaskCreateHook                         0x00003faf   Thumb Code    20  os_cpu_c.o(.text)
    OSTaskDelHook                            0x00003fc3   Thumb Code    20  os_cpu_c.o(.text)
    OSTaskReturnHook                         0x00003fd7   Thumb Code    20  os_cpu_c.o(.text)
    OSTaskStkInit                            0x00003feb   Thumb Code   188  os_cpu_c.o(.text)
    OSTaskSwHook                             0x000040a7   Thumb Code   146  os_cpu_c.o(.text)
    OSTimeTickHook                           0x00004139   Thumb Code    16  os_cpu_c.o(.text)
    OS_CPU_SysTickHandler                    0x00004149   Thumb Code    60  os_cpu_c.o(.text)
    OS_CPU_SysTickInit                       0x00004185   Thumb Code    44  os_cpu_c.o(.text)
    OS_IdleTask                              0x000041f1   Thumb Code    68  os_core.o(.text)
    OS_IdleTaskInit                          0x00004235   Thumb Code    68  os_core.o(.text)
    OS_RdyListInit                           0x00004279   Thumb Code    32  os_core.o(.text)
    OSInit                                   0x00004299   Thumb Code   300  os_core.o(.text)
    OSIntEnter                               0x000043c5   Thumb Code    34  os_core.o(.text)
    OSIntExit                                0x000043e7   Thumb Code   192  os_core.o(.text)
    OSSched                                  0x000044a7   Thumb Code   134  os_core.o(.text)
    OS_SchedLockTimeMeasStart                0x0000452d   Thumb Code    20  os_core.o(.text)
    OSSchedLock                              0x00004541   Thumb Code   112  os_core.o(.text)
    OS_SchedLockTimeMeasStop                 0x000045b1   Thumb Code    44  os_core.o(.text)
    OSSchedUnlock                            0x000045dd   Thumb Code   302  os_core.o(.text)
    OSSchedRoundRobinCfg                     0x0000470b   Thumb Code    96  os_core.o(.text)
    OS_RdyListMoveHeadToTail                 0x0000476b   Thumb Code    68  os_core.o(.text)
    OSSchedRoundRobinYield                   0x000047af   Thumb Code   176  os_core.o(.text)
    OSStart                                  0x0000485f   Thumb Code    78  os_core.o(.text)
    OSVersion                                0x000048ad   Thumb Code    12  os_core.o(.text)
    OS_PendDbgNameAdd                        0x000048b9   Thumb Code    66  os_core.o(.text)
    OS_PendListInsertPrio                    0x000048fb   Thumb Code   102  os_core.o(.text)
    OS_PendDataInit                          0x00004961   Thumb Code    38  os_core.o(.text)
    OS_RdyListRemove                         0x00004987   Thumb Code    86  os_core.o(.text)
    OS_TaskBlock                             0x000049dd   Thumb Code    56  os_core.o(.text)
    OS_Pend                                  0x00004a15   Thumb Code   168  os_core.o(.text)
    OS_PendListRemove1                       0x00004abd   Thumb Code    66  os_core.o(.text)
    OS_PendListRemove                        0x00004aff   Thumb Code    48  os_core.o(.text)
    OS_PendAbort1                            0x00004b2f   Thumb Code    36  os_core.o(.text)
    OS_RdyListInsertHead                     0x00004b53   Thumb Code    58  os_core.o(.text)
    OS_RdyListInsertTail                     0x00004b8d   Thumb Code    56  os_core.o(.text)
    OS_RdyListInsert                         0x00004bc5   Thumb Code    40  os_core.o(.text)
    OS_TaskRdy                               0x00004bed   Thumb Code    28  os_core.o(.text)
    OS_PendAbort                             0x00004c09   Thumb Code   178  os_core.o(.text)
    OS_PendDbgNameRemove                     0x00004cbb   Thumb Code    34  os_core.o(.text)
    OS_PendListChangePrio                    0x00004cdd   Thumb Code    70  os_core.o(.text)
    OS_PendListInit                          0x00004d23   Thumb Code    10  os_core.o(.text)
    OS_PendListInsertHead                    0x00004d2d   Thumb Code    32  os_core.o(.text)
    OS_PendObjDel1                           0x00004d4d   Thumb Code    36  os_core.o(.text)
    OS_PendObjDel                            0x00004d71   Thumb Code   174  os_core.o(.text)
    OS_Post1                                 0x00004e1f   Thumb Code    42  os_core.o(.text)
    OS_Post                                  0x00004e49   Thumb Code   198  os_core.o(.text)
    OS_Sched0                                0x00004f0f   Thumb Code   102  os_core.o(.text)
    OS_SchedRoundRobin                       0x00004f75   Thumb Code   218  os_core.o(.text)
    OS_Dbg_Init                              0x00005061   Thumb Code   150  os_dbg.o(.text)
    OS_FlagDbgListAdd                        0x00005215   Thumb Code    38  os_flag.o(.text)
    OSFlagCreate                             0x0000523b   Thumb Code   200  os_flag.o(.text)
    OS_FlagClr                               0x00005303   Thumb Code    28  os_flag.o(.text)
    OS_FlagDbgListRemove                     0x0000531f   Thumb Code    44  os_flag.o(.text)
    OSFlagDel                                0x0000534b   Thumb Code   650  os_flag.o(.text)
    OS_FlagBlock                             0x000055d5   Thumb Code   104  os_flag.o(.text)
    OSFlagPend                               0x0000563d   Thumb Code  1508  os_flag.o(.text)
    OSFlagPendAbort                          0x00005c21   Thumb Code   280  os_flag.o(.text)
    OSFlagPendGetFlagsRdy                    0x00005d39   Thumb Code    76  os_flag.o(.text)
    OS_FlagTaskRdy                           0x00005d85   Thumb Code    92  os_flag.o(.text)
    OS_FlagPost                              0x00005de1   Thumb Code   646  os_flag.o(.text)
    OSFlagPost                               0x00006067   Thumb Code    92  os_flag.o(.text)
    OS_FlagInit                              0x000060c3   Thumb Code    14  os_flag.o(.text)
    OS_IntQPost                              0x000060e9   Thumb Code   224  os_int.o(.text)
    OS_IntQRePost                            0x000061c9   Thumb Code   348  os_int.o(.text)
    OS_IntQTask                              0x00006325   Thumb Code   182  os_int.o(.text)
    OS_IntQTaskInit                          0x000063db   Thumb Code   208  os_int.o(.text)
    OS_MemDbgListAdd                         0x0000653d   Thumb Code    34  os_mem.o(.text)
    OSMemCreate                              0x0000655f   Thumb Code   252  os_mem.o(.text)
    OSMemGet                                 0x0000665b   Thumb Code   100  os_mem.o(.text)
    OSMemPut                                 0x000066bf   Thumb Code   104  os_mem.o(.text)
    OS_MemInit                               0x00006727   Thumb Code    14  os_mem.o(.text)
    OS_MsgPoolInit                           0x00006749   Thumb Code    80  os_msg.o(.text)
    OS_MsgQFreeAll                           0x00006799   Thumb Code    62  os_msg.o(.text)
    OS_MsgQInit                              0x000067d7   Thumb Code    14  os_msg.o(.text)
    OS_MsgQGet                               0x000067e5   Thumb Code    98  os_msg.o(.text)
    OS_MsgQPut                               0x00006847   Thumb Code   250  os_msg.o(.text)
    OS_MutexDbgListAdd                       0x0000694d   Thumb Code    38  os_mutex.o(.text)
    OSMutexCreate                            0x00006973   Thumb Code   206  os_mutex.o(.text)
    OS_MutexClr                              0x00006a41   Thumb Code    38  os_mutex.o(.text)
    OS_MutexDbgListRemove                    0x00006a67   Thumb Code    44  os_mutex.o(.text)
    OSMutexDel                               0x00006a93   Thumb Code   918  os_mutex.o(.text)
    OSMutexPend                              0x00006e29   Thumb Code   750  os_mutex.o(.text)
    OSMutexPendAbort                         0x00007117   Thumb Code   302  os_mutex.o(.text)
    OSMutexPost                              0x00007245   Thumb Code   606  os_mutex.o(.text)
    OS_MutexInit                             0x000074a3   Thumb Code    14  os_mutex.o(.text)
    OS_PrioInit                              0x000074d1   Thumb Code    20  os_prio.o(.text)
    OS_PrioGetHighest                        0x000074e5   Thumb Code    36  os_prio.o(.text)
    OS_PrioInsert                            0x00007509   Thumb Code    32  os_prio.o(.text)
    OS_PrioRemove                            0x00007529   Thumb Code    32  os_prio.o(.text)
    OS_QDbgListAdd                           0x0000754d   Thumb Code    38  os_q.o(.text)
    OSQCreate                                0x00007573   Thumb Code   204  os_q.o(.text)
    OS_QClr                                  0x0000763f   Thumb Code    40  os_q.o(.text)
    OS_QDbgListRemove                        0x00007667   Thumb Code    44  os_q.o(.text)
    OSQDel                                   0x00007693   Thumb Code   372  os_q.o(.text)
    OSQFlush                                 0x00007807   Thumb Code   238  os_q.o(.text)
    OSQPend                                  0x000078f5   Thumb Code   544  os_q.o(.text)
    OSQPendAbort                             0x00007b15   Thumb Code   280  os_q.o(.text)
    OS_QPost                                 0x00007c2d   Thumb Code   400  os_q.o(.text)
    OSQPost                                  0x00007dbd   Thumb Code    90  os_q.o(.text)
    OS_QInit                                 0x00007e17   Thumb Code    14  os_q.o(.text)
    OS_SemDbgListAdd                         0x00007e35   Thumb Code    38  os_sem.o(.text)
    OSSemCreate                              0x00007e5b   Thumb Code   200  os_sem.o(.text)
    OS_SemClr                                0x00007f23   Thumb Code    28  os_sem.o(.text)
    OS_SemDbgListRemove                      0x00007f3f   Thumb Code    44  os_sem.o(.text)
    OSSemDel                                 0x00007f6b   Thumb Code   372  os_sem.o(.text)
    OSSemPend                                0x000080df   Thumb Code   520  os_sem.o(.text)
    OSSemPendAbort                           0x000082e7   Thumb Code   280  os_sem.o(.text)
    OS_SemPost                               0x000083ff   Thumb Code   404  os_sem.o(.text)
    OSSemPost                                0x00008593   Thumb Code    90  os_sem.o(.text)
    OSSemSet                                 0x000085ed   Thumb Code   136  os_sem.o(.text)
    OS_SemInit                               0x00008675   Thumb Code    14  os_sem.o(.text)
    OSStatReset                              0x0000868d   Thumb Code   322  os_stat.o(.text)
    OSStatTaskCPUUsageInit                   0x000087cf   Thumb Code   228  os_stat.o(.text)
    OS_StatTask                              0x000088b3   Thumb Code   984  os_stat.o(.text)
    OS_StatTaskInit                          0x00008c8b   Thumb Code   138  os_stat.o(.text)
    OSTaskChangePrio                         0x00008d6d   Thumb Code   482  os_task.o(.text)
    OS_TaskDbgListAdd                        0x00008f4f   Thumb Code    42  os_task.o(.text)
    OS_TaskInitTCB                           0x00008f79   Thumb Code   202  os_task.o(.text)
    OSTaskCreate                             0x00009043   Thumb Code   586  os_task.o(.text)
    OS_TaskDbgListRemove                     0x0000928d   Thumb Code    64  os_task.o(.text)
    OSTaskDel                                0x000092cd   Thumb Code   490  os_task.o(.text)
    OSTaskQFlush                             0x000094b7   Thumb Code   298  os_task.o(.text)
    OSTaskQPend                              0x000095e1   Thumb Code   534  os_task.o(.text)
    OSTaskQPendAbort                         0x000097f7   Thumb Code   224  os_task.o(.text)
    OS_TaskQPost                             0x000098d7   Thumb Code   624  os_task.o(.text)
    OSTaskQPost                              0x00009b47   Thumb Code    76  os_task.o(.text)
    OSTaskRegGet                             0x00009b93   Thumb Code    74  os_task.o(.text)
    OSTaskRegGetID                           0x00009bdd   Thumb Code    96  os_task.o(.text)
    OSTaskRegSet                             0x00009c3d   Thumb Code    74  os_task.o(.text)
    OS_TaskResume                            0x00009c87   Thumb Code   400  os_task.o(.text)
    OSTaskResume                             0x00009e17   Thumb Code    88  os_task.o(.text)
    OSTaskSemPend                            0x00009e6f   Thumb Code   552  os_task.o(.text)
    OSTaskSemPendAbort                       0x0000a097   Thumb Code   298  os_task.o(.text)
    OS_TaskSemPost                           0x0000a1c1   Thumb Code  1448  os_task.o(.text)
    OSTaskSemPost                            0x0000a769   Thumb Code    72  os_task.o(.text)
    OSTaskSemSet                             0x0000a7b1   Thumb Code    88  os_task.o(.text)
    OSTaskStkChk                             0x0000a809   Thumb Code   200  os_task.o(.text)
    OS_TaskSuspend                           0x0000a8d1   Thumb Code   392  os_task.o(.text)
    OSTaskSuspend                            0x0000aa59   Thumb Code   102  os_task.o(.text)
    OSTaskTimeQuantaSet                      0x0000aabf   Thumb Code   104  os_task.o(.text)
    OS_TaskInit                              0x0000ab27   Thumb Code    18  os_task.o(.text)
    OS_TaskReturn                            0x0000ab39   Thumb Code    20  os_task.o(.text)
    OS_TickListRemove                        0x0000ab6d   Thumb Code    56  os_tick.o(.text)
    OS_TickListUpdate                        0x0000aba5   Thumb Code   532  os_tick.o(.text)
    OS_TickTask                              0x0000adb9   Thumb Code    38  os_tick.o(.text)
    OS_TickListInit                          0x0000addf   Thumb Code    32  os_tick.o(.text)
    OS_TickTaskInit                          0x0000adff   Thumb Code   130  os_tick.o(.text)
    OS_TickListInsert                        0x0000ae81   Thumb Code   504  os_tick.o(.text)
    OS_TickListResetPeak                     0x0000b079   Thumb Code    28  os_tick.o(.text)
    OSTimeDly                                0x0000b09d   Thumb Code   322  os_time.o(.text)
    OSTimeDlyHMSM                            0x0000b1df   Thumb Code   418  os_time.o(.text)
    OSTimeDlyResume                          0x0000b381   Thumb Code   558  os_time.o(.text)
    OSTimeGet                                0x0000b5af   Thumb Code    54  os_time.o(.text)
    OSTimeSet                                0x0000b5e5   Thumb Code    54  os_time.o(.text)
    OSTimeTick                               0x0000b61b   Thumb Code    54  os_time.o(.text)
    OS_TmrDbgListAdd                         0x0000b665   Thumb Code    34  os_tmr.o(.text)
    OSTmrCreate                              0x0000b687   Thumb Code   234  os_tmr.o(.text)
    OS_TmrClr                                0x0000b771   Thumb Code    36  os_tmr.o(.text)
    OS_TmrUnlink                             0x0000b795   Thumb Code    72  os_tmr.o(.text)
    OS_TmrDbgListRemove                      0x0000b7dd   Thumb Code    44  os_tmr.o(.text)
    OSTmrDel                                 0x0000b809   Thumb Code   170  os_tmr.o(.text)
    OSTmrRemainGet                           0x0000b8b3   Thumb Code   176  os_tmr.o(.text)
    OS_TmrLink                               0x0000b963   Thumb Code   196  os_tmr.o(.text)
    OSTmrStart                               0x0000ba27   Thumb Code   202  os_tmr.o(.text)
    OSTmrStateGet                            0x0000baf1   Thumb Code   130  os_tmr.o(.text)
    OSTmrStop                                0x0000bb73   Thumb Code   234  os_tmr.o(.text)
    OS_TmrTask                               0x0000bc5d   Thumb Code   176  os_tmr.o(.text)
    OS_TmrInit                               0x0000bd0d   Thumb Code   208  os_tmr.o(.text)
    OS_TmrResetPeak                          0x0000bddd   Thumb Code    28  os_tmr.o(.text)
    __aeabi_uldivmod                         0x0000be55   Thumb Code     0  lludivv7m.o(.text)
    _ll_udiv                                 0x0000be55   Thumb Code   238  lludivv7m.o(.text)
    __user_setup_stackheap                   0x0000bf43   Thumb Code    74  sys_stackheap_outer.o(.text)
    __I$use$semihosting                      0x0000bf8d   Thumb Code     0  use_no_semi.o(.text)
    __use_no_semihosting_swi                 0x0000bf8d   Thumb Code     2  use_no_semi.o(.text)
    __semihosting_library_function           0x0000bf8f   Thumb Code     0  indicate_semi.o(.text)
    OSStartHighRdy                           0x0000bf91   Thumb Code     0  os_cpu_a.o(CODE)
    OS_CPU_PendSVHandler                     0x0000bfb3   Thumb Code     0  os_cpu_a.o(CODE)
    OSCfg_IdleTaskStkBasePtr                 0x0000c1a8   Data           4  os_cfg_app.o(.constdata)
    OSCfg_IdleTaskStkLimit                   0x0000c1ac   Data           4  os_cfg_app.o(.constdata)
    OSCfg_IdleTaskStkSize                    0x0000c1b0   Data           4  os_cfg_app.o(.constdata)
    OSCfg_IdleTaskStkSizeRAM                 0x0000c1b4   Data           4  os_cfg_app.o(.constdata)
    OSCfg_IntQBasePtr                        0x0000c1b8   Data           4  os_cfg_app.o(.constdata)
    OSCfg_IntQSize                           0x0000c1bc   Data           2  os_cfg_app.o(.constdata)
    OSCfg_IntQSizeRAM                        0x0000c1c0   Data           4  os_cfg_app.o(.constdata)
    OSCfg_IntQTaskStkBasePtr                 0x0000c1c4   Data           4  os_cfg_app.o(.constdata)
    OSCfg_IntQTaskStkLimit                   0x0000c1c8   Data           4  os_cfg_app.o(.constdata)
    OSCfg_IntQTaskStkSize                    0x0000c1cc   Data           4  os_cfg_app.o(.constdata)
    OSCfg_IntQTaskStkSizeRAM                 0x0000c1d0   Data           4  os_cfg_app.o(.constdata)
    OSCfg_ISRStkBasePtr                      0x0000c1d4   Data           4  os_cfg_app.o(.constdata)
    OSCfg_ISRStkSize                         0x0000c1d8   Data           4  os_cfg_app.o(.constdata)
    OSCfg_ISRStkSizeRAM                      0x0000c1dc   Data           4  os_cfg_app.o(.constdata)
    OSCfg_MsgPoolSize                        0x0000c1e0   Data           2  os_cfg_app.o(.constdata)
    OSCfg_MsgPoolSizeRAM                     0x0000c1e4   Data           4  os_cfg_app.o(.constdata)
    OSCfg_MsgPoolBasePtr                     0x0000c1e8   Data           4  os_cfg_app.o(.constdata)
    OSCfg_StatTaskPrio                       0x0000c1ec   Data           1  os_cfg_app.o(.constdata)
    OSCfg_StatTaskRate_Hz                    0x0000c1f0   Data           4  os_cfg_app.o(.constdata)
    OSCfg_StatTaskStkBasePtr                 0x0000c1f4   Data           4  os_cfg_app.o(.constdata)
    OSCfg_StatTaskStkLimit                   0x0000c1f8   Data           4  os_cfg_app.o(.constdata)
    OSCfg_StatTaskStkSize                    0x0000c1fc   Data           4  os_cfg_app.o(.constdata)
    OSCfg_StatTaskStkSizeRAM                 0x0000c200   Data           4  os_cfg_app.o(.constdata)
    OSCfg_StkSizeMin                         0x0000c204   Data           4  os_cfg_app.o(.constdata)
    OSCfg_TickRate_Hz                        0x0000c208   Data           4  os_cfg_app.o(.constdata)
    OSCfg_TickTaskPrio                       0x0000c20c   Data           1  os_cfg_app.o(.constdata)
    OSCfg_TickTaskStkBasePtr                 0x0000c210   Data           4  os_cfg_app.o(.constdata)
    OSCfg_TickTaskStkLimit                   0x0000c214   Data           4  os_cfg_app.o(.constdata)
    OSCfg_TickTaskStkSize                    0x0000c218   Data           4  os_cfg_app.o(.constdata)
    OSCfg_TickTaskStkSizeRAM                 0x0000c21c   Data           4  os_cfg_app.o(.constdata)
    OSCfg_TickWheelSize                      0x0000c220   Data           2  os_cfg_app.o(.constdata)
    OSCfg_TickWheelSizeRAM                   0x0000c224   Data           4  os_cfg_app.o(.constdata)
    OSCfg_TmrTaskPrio                        0x0000c228   Data           1  os_cfg_app.o(.constdata)
    OSCfg_TmrTaskRate_Hz                     0x0000c22c   Data           4  os_cfg_app.o(.constdata)
    OSCfg_TmrTaskStkBasePtr                  0x0000c230   Data           4  os_cfg_app.o(.constdata)
    OSCfg_TmrTaskStkLimit                    0x0000c234   Data           4  os_cfg_app.o(.constdata)
    OSCfg_TmrTaskStkSize                     0x0000c238   Data           4  os_cfg_app.o(.constdata)
    OSCfg_TmrTaskStkSizeRAM                  0x0000c23c   Data           4  os_cfg_app.o(.constdata)
    OSCfg_TmrWheelSize                       0x0000c240   Data           2  os_cfg_app.o(.constdata)
    OSCfg_TmrWheelSizeRAM                    0x0000c244   Data           4  os_cfg_app.o(.constdata)
    OSCfg_DataSizeRAM                        0x0000c248   Data           4  os_cfg_app.o(.constdata)
    OSDbg_DbgEn                              0x0000c24c   Data           1  os_dbg.o(.constdata)
    OSDbg_ArgChkEn                           0x0000c24d   Data           1  os_dbg.o(.constdata)
    OSDbg_AppHooksEn                         0x0000c24e   Data           1  os_dbg.o(.constdata)
    OSDbg_EndiannessTest                     0x0000c250   Data           4  os_dbg.o(.constdata)
    OSDbg_CalledFromISRChkEn                 0x0000c254   Data           1  os_dbg.o(.constdata)
    OSDbg_FlagEn                             0x0000c255   Data           1  os_dbg.o(.constdata)
    OSDbg_FlagGrp                            0x0000c258   Data          40  os_dbg.o(.constdata)
    OSDbg_FlagDelEn                          0x0000c280   Data           1  os_dbg.o(.constdata)
    OSDbg_FlagModeClrEn                      0x0000c281   Data           1  os_dbg.o(.constdata)
    OSDbg_FlagPendAbortEn                    0x0000c282   Data           1  os_dbg.o(.constdata)
    OSDbg_FlagGrpSize                        0x0000c284   Data           2  os_dbg.o(.constdata)
    OSDbg_FlagWidth                          0x0000c286   Data           2  os_dbg.o(.constdata)
    OSDbg_IntQ                               0x0000c288   Data           2  os_dbg.o(.constdata)
    OSDbg_ISRPostDeferredEn                  0x0000c28a   Data           1  os_dbg.o(.constdata)
    OSDbg_Mem                                0x0000c28c   Data          32  os_dbg.o(.constdata)
    OSDbg_MemEn                              0x0000c2ac   Data           1  os_dbg.o(.constdata)
    OSDbg_MemSize                            0x0000c2ae   Data           2  os_dbg.o(.constdata)
    OSDbg_MsgEn                              0x0000c2b0   Data           1  os_dbg.o(.constdata)
    OSDbg_MsgSize                            0x0000c2b2   Data           2  os_dbg.o(.constdata)
    OSDbg_MsgPoolSize                        0x0000c2b4   Data           2  os_dbg.o(.constdata)
    OSDbg_MsgQSize                           0x0000c2b6   Data           2  os_dbg.o(.constdata)
    OSDbg_Mutex                              0x0000c2b8   Data          44  os_dbg.o(.constdata)
    OSDbg_MutexEn                            0x0000c2e4   Data           1  os_dbg.o(.constdata)
    OSDbg_MutexDelEn                         0x0000c2e5   Data           1  os_dbg.o(.constdata)
    OSDbg_MutexPendAbortEn                   0x0000c2e6   Data           1  os_dbg.o(.constdata)
    OSDbg_MutexSize                          0x0000c2e8   Data           2  os_dbg.o(.constdata)
    OSDbg_ObjTypeChkEn                       0x0000c2ea   Data           1  os_dbg.o(.constdata)
    OSDbg_PendMultiEn                        0x0000c2eb   Data           1  os_dbg.o(.constdata)
    OSDbg_PendDataSize                       0x0000c2ec   Data           2  os_dbg.o(.constdata)
    OSDbg_PendListSize                       0x0000c2ee   Data           2  os_dbg.o(.constdata)
    OSDbg_PendObjSize                        0x0000c2f0   Data           2  os_dbg.o(.constdata)
    OSDbg_PrioMax                            0x0000c2f2   Data           2  os_dbg.o(.constdata)
    OSDbg_PrioTblSize                        0x0000c2f4   Data           2  os_dbg.o(.constdata)
    OSDbg_PtrSize                            0x0000c2f6   Data           2  os_dbg.o(.constdata)
    OSDbg_Q                                  0x0000c2f8   Data          48  os_dbg.o(.constdata)
    OSDbg_QEn                                0x0000c328   Data           1  os_dbg.o(.constdata)
    OSDbg_QDelEn                             0x0000c329   Data           1  os_dbg.o(.constdata)
    OSDbg_QFlushEn                           0x0000c32a   Data           1  os_dbg.o(.constdata)
    OSDbg_QPendAbortEn                       0x0000c32b   Data           1  os_dbg.o(.constdata)
    OSDbg_QSize                              0x0000c32c   Data           2  os_dbg.o(.constdata)
    OSDbg_SchedRoundRobinEn                  0x0000c32e   Data           1  os_dbg.o(.constdata)
    OSDbg_Sem                                0x0000c330   Data          40  os_dbg.o(.constdata)
    OSDbg_SemEn                              0x0000c358   Data           1  os_dbg.o(.constdata)
    OSDbg_SemDelEn                           0x0000c359   Data           1  os_dbg.o(.constdata)
    OSDbg_SemPendAbortEn                     0x0000c35a   Data           1  os_dbg.o(.constdata)
    OSDbg_SemSetEn                           0x0000c35b   Data           1  os_dbg.o(.constdata)
    OSDbg_SemSize                            0x0000c35c   Data           2  os_dbg.o(.constdata)
    OSDbg_RdyList                            0x0000c35e   Data           2  os_dbg.o(.constdata)
    OSDbg_RdyListSize                        0x0000c360   Data           4  os_dbg.o(.constdata)
    OSDbg_StkWidth                           0x0000c364   Data           1  os_dbg.o(.constdata)
    OSDbg_StatTaskEn                         0x0000c365   Data           1  os_dbg.o(.constdata)
    OSDbg_StatTaskStkChkEn                   0x0000c366   Data           1  os_dbg.o(.constdata)
    OSDbg_TaskChangePrioEn                   0x0000c367   Data           1  os_dbg.o(.constdata)
    OSDbg_TaskDelEn                          0x0000c368   Data           1  os_dbg.o(.constdata)
    OSDbg_TaskQEn                            0x0000c369   Data           1  os_dbg.o(.constdata)
    OSDbg_TaskQPendAbortEn                   0x0000c36a   Data           1  os_dbg.o(.constdata)
    OSDbg_TaskProfileEn                      0x0000c36b   Data           1  os_dbg.o(.constdata)
    OSDbg_TaskRegTblSize                     0x0000c36c   Data           2  os_dbg.o(.constdata)
    OSDbg_TaskSemPendAbortEn                 0x0000c36e   Data           1  os_dbg.o(.constdata)
    OSDbg_TaskSuspendEn                      0x0000c36f   Data           1  os_dbg.o(.constdata)
    OSDbg_TCBSize                            0x0000c370   Data           2  os_dbg.o(.constdata)
    OSDbg_TickSpokeSize                      0x0000c372   Data           2  os_dbg.o(.constdata)
    OSDbg_TimeDlyHMSMEn                      0x0000c374   Data           1  os_dbg.o(.constdata)
    OSDbg_TimeDlyResumeEn                    0x0000c375   Data           1  os_dbg.o(.constdata)
    OSDbg_TLS_TblSize                        0x0000c376   Data           2  os_dbg.o(.constdata)
    OSDbg_Tmr                                0x0000c378   Data          52  os_dbg.o(.constdata)
    OSDbg_TmrEn                              0x0000c3ac   Data           1  os_dbg.o(.constdata)
    OSDbg_TmrDelEn                           0x0000c3ad   Data           1  os_dbg.o(.constdata)
    OSDbg_TmrSize                            0x0000c3ae   Data           2  os_dbg.o(.constdata)
    OSDbg_TmrSpokeSize                       0x0000c3b0   Data           2  os_dbg.o(.constdata)
    OSDbg_VersionNbr                         0x0000c3b2   Data           2  os_dbg.o(.constdata)
    OSDbg_DataSize                           0x0000c3b4   Data           4  os_dbg.o(.constdata)
    Region$$Table$$Base                      0x0000c3b8   Number         0  anon$$obj.o(Region$$Table)
    Region$$Table$$Limit                     0x0000c3d8   Number         0  anon$$obj.o(Region$$Table)
    CPU_TS_TmrFreq_Hz                        0x10000000   Data           4  cpu_core.o(.data)
    CPU_IntDisMeasCtr                        0x10000004   Data           2  cpu_core.o(.data)
    CPU_IntDisNestCtr                        0x10000006   Data           2  cpu_core.o(.data)
    CPU_IntDisMeasStart_cnts                 0x10000008   Data           4  cpu_core.o(.data)
    CPU_IntDisMeasStop_cnts                  0x1000000c   Data           4  cpu_core.o(.data)
    CPU_IntDisMeasOvrhd_cnts                 0x10000010   Data           4  cpu_core.o(.data)
    CPU_IntDisMeasMaxCur_cnts                0x10000014   Data           4  cpu_core.o(.data)
    CPU_IntDisMeasMax_cnts                   0x10000018   Data           4  cpu_core.o(.data)
    Mem_PoolTbl                              0x1000001c   Data           4  lib_mem.o(.data)
    OS_CPU_ExceptStkBase                     0x10000020   Data           4  os_cpu_c.o(.data)
    OSPrioTbl                                0x10000024   Data           8  os_prio.o(.data)
    OS_AppTaskCreateHookPtr                  0x1000002c   Data           4  os_var.o(.data)
    OS_AppTaskDelHookPtr                     0x10000030   Data           4  os_var.o(.data)
    OS_AppTaskReturnHookPtr                  0x10000034   Data           4  os_var.o(.data)
    OS_AppIdleTaskHookPtr                    0x10000038   Data           4  os_var.o(.data)
    OS_AppStatTaskHookPtr                    0x1000003c   Data           4  os_var.o(.data)
    OS_AppTaskSwHookPtr                      0x10000040   Data           4  os_var.o(.data)
    OS_AppTimeTickHookPtr                    0x10000044   Data           4  os_var.o(.data)
    OSIdleTaskCtr                            0x10000048   Data           4  os_var.o(.data)
    OSIntNestingCtr                          0x1000004c   Data           1  os_var.o(.data)
    OSIntDisTimeMax                          0x10000050   Data           4  os_var.o(.data)
    OSRunning                                0x10000054   Data           1  os_var.o(.data)
    OSIntQInPtr                              0x10000058   Data           4  os_var.o(.data)
    OSIntQOutPtr                             0x1000005c   Data           4  os_var.o(.data)
    OSIntQNbrEntries                         0x10000060   Data           2  os_var.o(.data)
    OSIntQNbrEntriesMax                      0x10000062   Data           2  os_var.o(.data)
    OSIntQOvfCtr                             0x10000064   Data           2  os_var.o(.data)
    OSIntQTaskTimeMax                        0x10000068   Data           4  os_var.o(.data)
    OSFlagDbgListPtr                         0x1000006c   Data           4  os_var.o(.data)
    OSFlagQty                                0x10000070   Data           2  os_var.o(.data)
    OSMemDbgListPtr                          0x10000074   Data           4  os_var.o(.data)
    OSMemQty                                 0x10000078   Data           2  os_var.o(.data)
    OSMutexDbgListPtr                        0x1000007c   Data           4  os_var.o(.data)
    OSMutexQty                               0x10000080   Data           2  os_var.o(.data)
    OSPrioCur                                0x10000082   Data           1  os_var.o(.data)
    OSPrioHighRdy                            0x10000083   Data           1  os_var.o(.data)
    OSPrioSaved                              0x10000084   Data           1  os_var.o(.data)
    OSQDbgListPtr                            0x10000088   Data           4  os_var.o(.data)
    OSQQty                                   0x1000008c   Data           2  os_var.o(.data)
    OSSchedLockTimeBegin                     0x10000090   Data           4  os_var.o(.data)
    OSSchedLockTimeMax                       0x10000094   Data           4  os_var.o(.data)
    OSSchedLockTimeMaxCur                    0x10000098   Data           4  os_var.o(.data)
    OSSchedLockNestingCtr                    0x1000009c   Data           1  os_var.o(.data)
    OSSchedRoundRobinDfltTimeQuanta          0x100000a0   Data           4  os_var.o(.data)
    OSSchedRoundRobinEn                      0x100000a4   Data           1  os_var.o(.data)
    OSSemDbgListPtr                          0x100000a8   Data           4  os_var.o(.data)
    OSSemQty                                 0x100000ac   Data           2  os_var.o(.data)
    OSStatResetFlag                          0x100000ae   Data           1  os_var.o(.data)
    OSStatTaskCPUUsage                       0x100000b0   Data           2  os_var.o(.data)
    OSStatTaskCPUUsageMax                    0x100000b2   Data           2  os_var.o(.data)
    OSStatTaskCtr                            0x100000b4   Data           4  os_var.o(.data)
    OSStatTaskCtrMax                         0x100000b8   Data           4  os_var.o(.data)
    OSStatTaskCtrRun                         0x100000bc   Data           4  os_var.o(.data)
    OSStatTaskRdy                            0x100000c0   Data           1  os_var.o(.data)
    OSStatTaskTimeMax                        0x100000c4   Data           4  os_var.o(.data)
    OSTaskCtxSwCtr                           0x100000c8   Data           4  os_var.o(.data)
    OSTaskDbgListPtr                         0x100000cc   Data           4  os_var.o(.data)
    OSTaskQty                                0x100000d0   Data           2  os_var.o(.data)
    OSTaskRegNextAvailID                     0x100000d2   Data           1  os_var.o(.data)
    OSTickCtr                                0x100000d4   Data           4  os_var.o(.data)
    OSTickTaskTimeMax                        0x100000d8   Data           4  os_var.o(.data)
    OSTmrDbgListPtr                          0x100000dc   Data           4  os_var.o(.data)
    OSTmrQty                                 0x100000e0   Data           2  os_var.o(.data)
    OSTmrTaskTimeMax                         0x100000e4   Data           4  os_var.o(.data)
    OSTmrTickCtr                             0x100000e8   Data           4  os_var.o(.data)
    OSTmrUpdateCnt                           0x100000ec   Data           4  os_var.o(.data)
    OSTmrUpdateCtr                           0x100000f0   Data           4  os_var.o(.data)
    OSTCBCurPtr                              0x100000f4   Data           4  os_var.o(.data)
    OSTCBHighRdyPtr                          0x100000f8   Data           4  os_var.o(.data)
    CPU_Name                                 0x100003c4   Data          16  cpu_core.o(.bss)
    Mem_PoolHeap                             0x10000654   Data          72  lib_mem.o(.bss)
    Mem_Heap                                 0x1000069c   Data       15360  lib_mem.o(.bss)
    OSCfg_IdleTaskStk                        0x1000429c   Data         512  os_cfg_app.o(.bss)
    OSCfg_IntQ                               0x1000449c   Data         320  os_cfg_app.o(.bss)
    OSCfg_IntQTaskStk                        0x100045dc   Data         512  os_cfg_app.o(.bss)
    OSCfg_ISRStk                             0x100047dc   Data        1024  os_cfg_app.o(.bss)
    OSCfg_MsgPool                            0x10004bdc   Data        7200  os_cfg_app.o(.bss)
    OSCfg_StatTaskStk                        0x100067fc   Data         512  os_cfg_app.o(.bss)
    OSCfg_TickTaskStk                        0x100069fc   Data         512  os_cfg_app.o(.bss)
    OSCfg_TickWheel                          0x10006bfc   Data         128  os_cfg_app.o(.bss)
    OSCfg_TmrTaskStk                         0x10006c7c   Data         512  os_cfg_app.o(.bss)
    OSCfg_TmrWheel                           0x10006e7c   Data         128  os_cfg_app.o(.bss)
    OSIdleTaskTCB                            0x10006efc   Data         200  os_var.o(.bss)
    OSIntQTaskTCB                            0x10006fc4   Data         200  os_var.o(.bss)
    OSMsgPool                                0x1000708c   Data          12  os_var.o(.bss)
    OSRdyList                                0x10007098   Data         768  os_var.o(.bss)
    OSStatTaskTCB                            0x10007398   Data         200  os_var.o(.bss)
    OSTickTaskTCB                            0x10007460   Data         200  os_var.o(.bss)
    OSTmrTaskTCB                             0x10007528   Data         200  os_var.o(.bss)
    __libspace_start                         0x100075f0   Data          96  libspace.o(.bss)
    __temporary_stack_top$libspace           0x10007650   Data           0  libspace.o(.bss)



==============================================================================

Memory Map of the image

  Image Entry point : 0x000000cd

  Load Region LR_IROM1 (Base: 0x00000000, Size: 0x0000c4d4, Max: 0x00080000, ABSOLUTE)

    Execution Region ER_IROM1 (Base: 0x00000000, Size: 0x0000c3d8, Max: 0x00080000, ABSOLUTE)

    Base Addr    Size         Type   Attr      Idx    E Section Name        Object

    0x00000000   0x000000cc   Data   RO          153    RESET               cstartup.o
    0x000000cc   0x00000008   Code   RO          626  * !!!main             c_w.l(__main.o)
    0x000000d4   0x00000034   Code   RO          790    !!!scatter          c_w.l(__scatter.o)
    0x00000108   0x0000001a   Code   RO          792    !!handler_copy      c_w.l(__scatter_copy.o)
    0x00000122   0x00000002   PAD
    0x00000124   0x0000001c   Code   RO          794    !!handler_zi        c_w.l(__scatter_zi.o)
    0x00000140   0x00000002   Code   RO          663    .ARM.Collect$$libinit$$00000000  c_w.l(libinit.o)
    0x00000142   0x00000000   Code   RO          676    .ARM.Collect$$libinit$$00000002  c_w.l(libinit2.o)
    0x00000142   0x00000000   Code   RO          679    .ARM.Collect$$libinit$$00000008  c_w.l(libinit2.o)
    0x00000142   0x00000000   Code   RO          681    .ARM.Collect$$libinit$$0000000A  c_w.l(libinit2.o)
    0x00000142   0x00000000   Code   RO          683    .ARM.Collect$$libinit$$0000000C  c_w.l(libinit2.o)
    0x00000142   0x00000000   Code   RO          686    .ARM.Collect$$libinit$$0000000F  c_w.l(libinit2.o)
    0x00000142   0x00000000   Code   RO          688    .ARM.Collect$$libinit$$00000011  c_w.l(libinit2.o)
    0x00000142   0x00000000   Code   RO          690    .ARM.Collect$$libinit$$00000013  c_w.l(libinit2.o)
    0x00000142   0x00000000   Code   RO          692    .ARM.Collect$$libinit$$00000015  c_w.l(libinit2.o)
    0x00000142   0x00000000   Code   RO          694    .ARM.Collect$$libinit$$00000017  c_w.l(libinit2.o)
    0x00000142   0x00000000   Code   RO          696    .ARM.Collect$$libinit$$00000019  c_w.l(libinit2.o)
    0x00000142   0x00000000   Code   RO          698    .ARM.Collect$$libinit$$0000001B  c_w.l(libinit2.o)
    0x00000142   0x00000000   Code   RO          700    .ARM.Collect$$libinit$$0000001D  c_w.l(libinit2.o)
    0x00000142   0x00000000   Code   RO          702    .ARM.Collect$$libinit$$0000001F  c_w.l(libinit2.o)
    0x00000142   0x00000000   Code   RO          704    .ARM.Collect$$libinit$$00000021  c_w.l(libinit2.o)
    0x00000142   0x00000000   Code   RO          706    .ARM.Collect$$libinit$$00000023  c_w.l(libinit2.o)
    0x00000142   0x00000000   Code   RO          710    .ARM.Collect$$libinit$$0000002A  c_w.l(libinit2.o)
    0x00000142   0x00000000   Code   RO          712    .ARM.Collect$$libinit$$0000002C  c_w.l(libinit2.o)
    0x00000142   0x00000000   Code   RO          714    .ARM.Collect$$libinit$$0000002E  c_w.l(libinit2.o)
    0x00000142   0x00000000   Code   RO          716    .ARM.Collect$$libinit$$00000030  c_w.l(libinit2.o)
    0x00000142   0x00000002   Code   RO          717    .ARM.Collect$$libinit$$00000031  c_w.l(libinit2.o)
    0x00000144   0x00000002   Code   RO          748    .ARM.Collect$$libshutdown$$00000000  c_w.l(libshutdown.o)
    0x00000146   0x00000000   Code   RO          775    .ARM.Collect$$libshutdown$$00000003  c_w.l(libshutdown2.o)
    0x00000146   0x00000000   Code   RO          778    .ARM.Collect$$libshutdown$$00000006  c_w.l(libshutdown2.o)
    0x00000146   0x00000000   Code   RO          781    .ARM.Collect$$libshutdown$$00000009  c_w.l(libshutdown2.o)
    0x00000146   0x00000000   Code   RO          783    .ARM.Collect$$libshutdown$$0000000B  c_w.l(libshutdown2.o)
    0x00000146   0x00000000   Code   RO          786    .ARM.Collect$$libshutdown$$0000000E  c_w.l(libshutdown2.o)
    0x00000146   0x00000002   Code   RO          787    .ARM.Collect$$libshutdown$$0000000F  c_w.l(libshutdown2.o)
    0x00000148   0x00000000   Code   RO          628    .ARM.Collect$$rtentry$$00000000  c_w.l(rtentry.o)
    0x00000148   0x00000000   Code   RO          634    .ARM.Collect$$rtentry$$00000002  c_w.l(rtentry2.o)
    0x00000148   0x00000006   Code   RO          646    .ARM.Collect$$rtentry$$00000004  c_w.l(rtentry4.o)
    0x0000014e   0x00000000   Code   RO          636    .ARM.Collect$$rtentry$$00000009  c_w.l(rtentry2.o)
    0x0000014e   0x00000004   Code   RO          637    .ARM.Collect$$rtentry$$0000000A  c_w.l(rtentry2.o)
    0x00000152   0x00000000   Code   RO          639    .ARM.Collect$$rtentry$$0000000C  c_w.l(rtentry2.o)
    0x00000152   0x00000008   Code   RO          640    .ARM.Collect$$rtentry$$0000000D  c_w.l(rtentry2.o)
    0x0000015a   0x00000002   Code   RO          667    .ARM.Collect$$rtexit$$00000000  c_w.l(rtexit.o)
    0x0000015c   0x00000000   Code   RO          721    .ARM.Collect$$rtexit$$00000002  c_w.l(rtexit2.o)
    0x0000015c   0x00000004   Code   RO          722    .ARM.Collect$$rtexit$$00000003  c_w.l(rtexit2.o)
    0x00000160   0x00000006   Code   RO          723    .ARM.Collect$$rtexit$$00000004  c_w.l(rtexit2.o)
    0x00000166   0x00000002   PAD
    0x00000168   0x0000009c   Code   RO            1    .text               app.o
    0x00000204   0x00000030   Code   RO          155    .text               cstartup.o
    0x00000234   0x00000034   Code   RO          188    .text               cpu_a.o
    0x00000268   0x0000006a   Code   RO          203    .text               csp.o
    0x000002d2   0x00000002   Code   RO          381    .text               os_cfg_app.o
    0x000002d4   0x00000006   Code   RO          624    .text               c_w.l(heapauxi.o)
    0x000002da   0x0000000c   Code   RO          652    .text               c_w.l(exit.o)
    0x000002e6   0x00000002   PAD
    0x000002e8   0x00000008   Code   RO          664    .text               c_w.l(libspace.o)
    0x000002f0   0x0000000c   Code   RO          718    .text               c_w.l(sys_exit.o)
    0x000002fc   0x00000004   Code   RO          154    .ARM.__at_0x02FC    cstartup.o
    0x00000300   0x000005e8   Code   RO          121    .text               bsp.o
    0x000008e8   0x00000444   Code   RO          162    .text               cpu_core.o
    0x00000d2c   0x00000854   Code   RO          191    .text               cpu_c.o
    0x00001580   0x00000614   Code   RO          224    .text               csp_gpio.o
    0x00001b94   0x00000304   Code   RO          236    .text               csp_int.o
    0x00001e98   0x0000035c   Code   RO          250    .text               csp_pm.o
    0x000021f4   0x00000256   Code   RO          276    .text               lib_ascii.o
    0x0000244a   0x00000002   PAD
    0x0000244c   0x00000f7c   Code   RO          309    .text               lib_mem.o
    0x000033c8   0x00000928   Code   RO          328    .text               lib_str.o
    0x00003cf0   0x00000220   Code   RO          345    .text               lib_mem_a.o
    0x00003f10   0x00000054   Code   RO          348    .text               os_csp.o
    0x00003f64   0x0000028c   Code   RO          363    .text               os_cpu_c.o
    0x000041f0   0x00000e70   Code   RO          404    .text               os_core.o
    0x00005060   0x000001b4   Code   RO          416    .text               os_dbg.o
    0x00005214   0x00000ed4   Code   RO          431    .text               os_flag.o
    0x000060e8   0x00000454   Code   RO          443    .text               os_int.o
    0x0000653c   0x0000020c   Code   RO          455    .text               os_mem.o
    0x00006748   0x00000204   Code   RO          467    .text               os_msg.o
    0x0000694c   0x00000b84   Code   RO          479    .text               os_mutex.o
    0x000074d0   0x0000007c   Code   RO          503    .text               os_prio.o
    0x0000754c   0x000008e8   Code   RO          522    .text               os_q.o
    0x00007e34   0x00000858   Code   RO          534    .text               os_sem.o
    0x0000868c   0x000006e0   Code   RO          546    .text               os_stat.o
    0x00008d6c   0x00001e00   Code   RO          558    .text               os_task.o
    0x0000ab6c   0x00000530   Code   RO          570    .text               os_tick.o
    0x0000b09c   0x000005c8   Code   RO          582    .text               os_time.o
    0x0000b664   0x000007f0   Code   RO          594    .text               os_tmr.o
    0x0000be54   0x000000ee   Code   RO          622    .text               c_w.l(lludivv7m.o)
    0x0000bf42   0x0000004a   Code   RO          650    .text               c_w.l(sys_stackheap_outer.o)
    0x0000bf8c   0x00000002   Code   RO          737    .text               c_w.l(use_no_semi.o)
    0x0000bf8e   0x00000000   Code   RO          739    .text               c_w.l(indicate_semi.o)
    0x0000bf8e   0x00000002   PAD
    0x0000bf90   0x00000084   Code   RO          360    CODE                os_cpu_a.o
    0x0000c014   0x00000100   Data   RO          164    .constdata          cpu_core.o
    0x0000c114   0x00000094   Data   RO          329    .constdata          lib_str.o
    0x0000c1a8   0x000000a4   Data   RO          383    .constdata          os_cfg_app.o
    0x0000c24c   0x0000016c   Data   RO          417    .constdata          os_dbg.o
    0x0000c3b8   0x00000020   Data   RO          788    Region$$Table       anon$$obj.o


    Execution Region RW_IRAM1 (Base: 0x10000000, Size: 0x00007850, Max: 0x00008000, ABSOLUTE)

    Base Addr    Size         Type   Attr      Idx    E Section Name        Object

    0x10000000   0x0000001c   Data   RW          165    .data               cpu_core.o
    0x1000001c   0x00000004   Data   RW          311    .data               lib_mem.o
    0x10000020   0x00000004   Data   RW          364    .data               os_cpu_c.o
    0x10000024   0x00000008   Data   RW          504    .data               os_prio.o
    0x1000002c   0x000000d0   Data   RW          607    .data               os_var.o
    0x100000fc   0x000002c8   Zero   RW            2    .bss                app.o
    0x100003c4   0x00000010   Zero   RW          163    .bss                cpu_core.o
    0x100003d4   0x00000280   Zero   RW          237    .bss                csp_int.o
    0x10000654   0x00003c48   Zero   RW          310    .bss                lib_mem.o
    0x1000429c   0x00002c60   Zero   RW          382    .bss                os_cfg_app.o
    0x10006efc   0x000006f4   Zero   RW          606    .bss                os_var.o
    0x100075f0   0x00000060   Zero   RW          665    .bss                c_w.l(libspace.o)
    0x10007650   0x00000000   Zero   RW          152    HEAP                cstartup.o
    0x10007650   0x00000200   Zero   RW          151    STACK               cstartup.o


==============================================================================

Image component sizes


      Code (inc. data)   RO Data    RW Data    ZI Data      Debug   Object Name

       156         28          0          0        712      52714   app.o
      1512         68          0          0          0       3390   bsp.o
        52          0          0          0          0        444   cpu_a.o
      2132        104          0          0          0       3957   cpu_c.o
      1092         40        256         28         16      17137   cpu_core.o
       106          0          0          0          0       1825   csp.o
      1556         78          0          0          0       3868   csp_gpio.o
       772         20          0          0        640       5519   csp_int.o
       860         46          0          0          0       3356   csp_pm.o
        52         24        204          0        512       1112   cstartup.o
       598          0          0          0          0       3864   lib_ascii.o
      3964         62          0          4      15432      25332   lib_mem.o
       544          0          0          0          0        588   lib_mem_a.o
      2344          4        148          0          0      13586   lib_str.o
         2          0        164          0      11360      21614   os_cfg_app.o
      3696        296          0          0          0      12457   os_core.o
       132         32          0          0          0        488   os_cpu_a.o
       652         64          0          4          0       4485   os_cpu_c.o
        84          6          0          0          0        908   os_csp.o
       436        286        364          0          0       5285   os_dbg.o
      3796        114          0          0          0       8255   os_flag.o
      1108        146          0          0          0       2644   os_int.o
       524         20          0          0          0       2904   os_mem.o
       516         12          0          0          0       2842   os_msg.o
      2948        108          0          0          0       5854   os_mutex.o
       124          4          0          8          0       2260   os_prio.o
      2280         74          0          0          0       6420   os_q.o
      2136         64          0          0          0       6444   os_sem.o
      1760        188          0          0          0       3257   os_stat.o
      7680        272          0          0          0      14266   os_task.o
      1328         88          0          0          0       3609   os_tick.o
      1480         44          0          0          0       3481   os_time.o
      2032        136          0          0          0       6730   os_tmr.o
         0          0          0        208       1780      19821   os_var.o

    ----------------------------------------------------------------------
     48456       2428       1168        252      30452     270716   Object Totals
         0          0         32          0          0          0   (incl. Generated)
         2          0          0          0          0          0   (incl. Padding)

    ----------------------------------------------------------------------

      Code (inc. data)   RO Data    RW Data    ZI Data      Debug   Library Member Name

         8          0          0          0          0         68   __main.o
        52          8          0          0          0          0   __scatter.o
        26          0          0          0          0          0   __scatter_copy.o
        28          0          0          0          0          0   __scatter_zi.o
        12          0          0          0          0         72   exit.o
         6          0          0          0          0        152   heapauxi.o
         0          0          0          0          0          0   indicate_semi.o
         2          0          0          0          0          0   libinit.o
         2          0          0          0          0          0   libinit2.o
         2          0          0          0          0          0   libshutdown.o
         2          0          0          0          0          0   libshutdown2.o
         8          4          0          0         96         68   libspace.o
       238          0          0          0          0        100   lludivv7m.o
         0          0          0          0          0          0   rtentry.o
        12          0          0          0          0          0   rtentry2.o
         6          0          0          0          0          0   rtentry4.o
         2          0          0          0          0          0   rtexit.o
        10          0          0          0          0          0   rtexit2.o
        12          4          0          0          0         68   sys_exit.o
        74          0          0          0          0         80   sys_stackheap_outer.o
         2          0          0          0          0         68   use_no_semi.o

    ----------------------------------------------------------------------
       512         16          0          0         96        676   Library Totals
         8          0          0          0          0          0   (incl. Padding)

    ----------------------------------------------------------------------

      Code (inc. data)   RO Data    RW Data    ZI Data      Debug   Library Name

       504         16          0          0         96        676   c_w.l

    ----------------------------------------------------------------------
       512         16          0          0         96        676   Library Totals

    ----------------------------------------------------------------------

==============================================================================


      Code (inc. data)   RO Data    RW Data    ZI Data      Debug   

     48968       2444       1168        252      30548     268116   Grand Totals
     48968       2444       1168        252      30548     268116   ELF Image Totals
     48968       2444       1168        252          0          0   ROM Totals

==============================================================================

    Total RO  Size (Code + RO Data)                50136 (  48.96kB)
    Total RW  Size (RW Data + ZI Data)             30800 (  30.08kB)
    Total ROM Size (Code + RO Data + RW Data)      50388 (  49.21kB)

==============================================================================

